Archive member included to satisfy reference by file (symbol)

c:/progra~2/gnuarm~1/102021~1.10/bin/../lib/gcc/arm-none-eabi/10.3.1/thumb/v7e-m+fp/hard\libgcc.a(_arm_muldf3.o)
                              CMakeFiles/MC_Proj.elf.dir/Application/base_task.c.obj (__aeabi_dmul)
c:/progra~2/gnuarm~1/102021~1.10/bin/../lib/gcc/arm-none-eabi/10.3.1/thumb/v7e-m+fp/hard\libgcc.a(_arm_addsubdf3.o)
                              CMakeFiles/MC_Proj.elf.dir/Application/base_task.c.obj (__aeabi_dsub)
c:/progra~2/gnuarm~1/102021~1.10/bin/../lib/gcc/arm-none-eabi/10.3.1/thumb/v7e-m+fp/hard\libgcc.a(_arm_muldivdf3.o)
                              CMakeFiles/MC_Proj.elf.dir/BSP/mpu6050.c.obj (__aeabi_ddiv)
c:/progra~2/gnuarm~1/102021~1.10/bin/../lib/gcc/arm-none-eabi/10.3.1/thumb/v7e-m+fp/hard\libgcc.a(_arm_cmpdf2.o)
                              CMakeFiles/MC_Proj.elf.dir/BSP/mpu6050.c.obj (__aeabi_dcmpeq)
c:/progra~2/gnuarm~1/102021~1.10/bin/../lib/gcc/arm-none-eabi/10.3.1/thumb/v7e-m+fp/hard\libgcc.a(_arm_truncdfsf2.o)
                              CMakeFiles/MC_Proj.elf.dir/Application/base_task.c.obj (__aeabi_d2f)
c:/progra~2/gnuarm~1/102021~1.10/bin/../lib/gcc/arm-none-eabi/10.3.1/thumb/v7e-m+fp/hard\libgcc.a(_aeabi_uldivmod.o)
                              CMakeFiles/MC_Proj.elf.dir/Drivers/STM32F4xx_HAL_Driver/Src/stm32f4xx_hal_rcc.c.obj (__aeabi_uldivmod)
c:/progra~2/gnuarm~1/102021~1.10/bin/../lib/gcc/arm-none-eabi/10.3.1/thumb/v7e-m+fp/hard\libgcc.a(_udivmoddi4.o)
                              c:/progra~2/gnuarm~1/102021~1.10/bin/../lib/gcc/arm-none-eabi/10.3.1/thumb/v7e-m+fp/hard\libgcc.a(_aeabi_uldivmod.o) (__udivmoddi4)
c:/progra~2/gnuarm~1/102021~1.10/bin/../lib/gcc/arm-none-eabi/10.3.1/thumb/v7e-m+fp/hard\libgcc.a(_dvmd_tls.o)
                              c:/progra~2/gnuarm~1/102021~1.10/bin/../lib/gcc/arm-none-eabi/10.3.1/thumb/v7e-m+fp/hard\libgcc.a(_aeabi_uldivmod.o) (__aeabi_ldiv0)
c:/progra~2/gnuarm~1/102021~1.10/bin/../lib/gcc/arm-none-eabi/10.3.1/../../../../arm-none-eabi/lib/thumb/v7e-m+fp/hard\libg.a(lib_a-errno.o)
                              CMakeFiles/MC_Proj.elf.dir/BSP/retarget.c.obj (__errno)
c:/progra~2/gnuarm~1/102021~1.10/bin/../lib/gcc/arm-none-eabi/10.3.1/../../../../arm-none-eabi/lib/thumb/v7e-m+fp/hard\libg.a(lib_a-exit.o)
                              c:/progra~2/gnuarm~1/102021~1.10/bin/../lib/gcc/arm-none-eabi/10.3.1/../../../../arm-none-eabi/lib/thumb/v7e-m+fp/hard/crt0.o (exit)
c:/progra~2/gnuarm~1/102021~1.10/bin/../lib/gcc/arm-none-eabi/10.3.1/../../../../arm-none-eabi/lib/thumb/v7e-m+fp/hard\libg.a(lib_a-impure.o)
                              c:/progra~2/gnuarm~1/102021~1.10/bin/../lib/gcc/arm-none-eabi/10.3.1/../../../../arm-none-eabi/lib/thumb/v7e-m+fp/hard\libg.a(lib_a-exit.o) (_global_impure_ptr)
c:/progra~2/gnuarm~1/102021~1.10/bin/../lib/gcc/arm-none-eabi/10.3.1/../../../../arm-none-eabi/lib/thumb/v7e-m+fp/hard\libg.a(lib_a-init.o)
                              c:/progra~2/gnuarm~1/102021~1.10/bin/../lib/gcc/arm-none-eabi/10.3.1/../../../../arm-none-eabi/lib/thumb/v7e-m+fp/hard/crt0.o (__libc_init_array)
c:/progra~2/gnuarm~1/102021~1.10/bin/../lib/gcc/arm-none-eabi/10.3.1/../../../../arm-none-eabi/lib/thumb/v7e-m+fp/hard\libg.a(lib_a-memcpy.o)
                              CMakeFiles/MC_Proj.elf.dir/Middlewares/Third_Party/FreeRTOS/Source/CMSIS_RTOS_V2/cmsis_os2.c.obj (memcpy)
c:/progra~2/gnuarm~1/102021~1.10/bin/../lib/gcc/arm-none-eabi/10.3.1/../../../../arm-none-eabi/lib/thumb/v7e-m+fp/hard\libg.a(lib_a-memset.o)
                              c:/progra~2/gnuarm~1/102021~1.10/bin/../lib/gcc/arm-none-eabi/10.3.1/../../../../arm-none-eabi/lib/thumb/v7e-m+fp/hard/crt0.o (memset)
c:/progra~2/gnuarm~1/102021~1.10/bin/../lib/gcc/arm-none-eabi/10.3.1/../../../../arm-none-eabi/lib/thumb/v7e-m+fp/hard\libg.a(lib_a-printf.o)
                              CMakeFiles/MC_Proj.elf.dir/Application/uart_task.c.obj (printf)
c:/progra~2/gnuarm~1/102021~1.10/bin/../lib/gcc/arm-none-eabi/10.3.1/../../../../arm-none-eabi/lib/thumb/v7e-m+fp/hard\libg.a(lib_a-puts.o)
                              CMakeFiles/MC_Proj.elf.dir/BSP/im948_CMD.c.obj (puts)
c:/progra~2/gnuarm~1/102021~1.10/bin/../lib/gcc/arm-none-eabi/10.3.1/../../../../arm-none-eabi/lib/thumb/v7e-m+fp/hard\libg.a(lib_a-reent.o)
                              CMakeFiles/MC_Proj.elf.dir/Middlewares/Third_Party/FreeRTOS/Source/tasks.c.obj (_reclaim_reent)
c:/progra~2/gnuarm~1/102021~1.10/bin/../lib/gcc/arm-none-eabi/10.3.1/../../../../arm-none-eabi/lib/thumb/v7e-m+fp/hard\libg.a(lib_a-setvbuf.o)
                              CMakeFiles/MC_Proj.elf.dir/BSP/retarget.c.obj (setvbuf)
c:/progra~2/gnuarm~1/102021~1.10/bin/../lib/gcc/arm-none-eabi/10.3.1/../../../../arm-none-eabi/lib/thumb/v7e-m+fp/hard\libg.a(lib_a-sprintf.o)
                              CMakeFiles/MC_Proj.elf.dir/Application/oled_task.c.obj (sprintf)
[...]
Memory Configuration

Name             Origin             Length             Attributes
CCMRAM           0x10000000         0x00010000         xrw
RAM              0x20000000         0x00020000         xrw
FLASH            0x08000000         0x00080000         xr
*default*        0x00000000         0xffffffff

Linker script and memory map

LOAD c:/progra~2/gnuarm~1/102021~1.10/bin/../lib/gcc/arm-none-eabi/10.3.1/thumb/v7e-m+fp/hard/crti.o
LOAD c:/progra~2/gnuarm~1/102021~1.10/bin/../lib/gcc/arm-none-eabi/10.3.1/thumb/v7e-m+fp/hard/crtbegin.o
LOAD c:/progra~2/gnuarm~1/102021~1.10/bin/../lib/gcc/arm-none-eabi/10.3.1/../../../../arm-none-eabi/lib/thumb/v7e-m+fp/hard/crt0.o
LOAD CMakeFiles/MC_Proj.elf.dir/Application/PS2_task.c.obj
LOAD CMakeFiles/MC_Proj.elf.dir/Application/base_task.c.obj
LOAD CMakeFiles/MC_Proj.elf.dir/Application/imu_task.c.obj
LOAD CMakeFiles/MC_Proj.elf.dir/Application/oled_task.c.obj
LOAD CMakeFiles/MC_Proj.elf.dir/Application/pan_tile_task.c.obj
LOAD CMakeFiles/MC_Proj.elf.dir/Application/pid_task.c.obj
LOAD CMakeFiles/MC_Proj.elf.dir/Application/uart_task.c.obj
LOAD CMakeFiles/MC_Proj.elf.dir/BSP/Buzzer.c.obj
LOAD CMakeFiles/MC_Proj.elf.dir/BSP/HWT906.c.obj
LOAD CMakeFiles/MC_Proj.elf.dir/BSP/PS2.c.obj
LOAD CMakeFiles/MC_Proj.elf.dir/BSP/bsp_usart.c.obj
LOAD CMakeFiles/MC_Proj.elf.dir/BSP/driver_motor.c.obj
LOAD CMakeFiles/MC_Proj.elf.dir/BSP/im948_CMD.c.obj
LOAD CMakeFiles/MC_Proj.elf.dir/BSP/mpu6050.c.obj
LOAD CMakeFiles/MC_Proj.elf.dir/BSP/oled.c.obj
LOAD CMakeFiles/MC_Proj.elf.dir/BSP/retarget.c.obj
LOAD CMakeFiles/MC_Proj.elf.dir/BSP/servo.c.obj
LOAD CMakeFiles/MC_Proj.elf.dir/Controller/PID_Adjust.c.obj
LOAD CMakeFiles/MC_Proj.elf.dir/Controller/PID_Control.c.obj
LOAD CMakeFiles/MC_Proj.elf.dir/Core/Src/adc.c.obj
LOAD CMakeFiles/MC_Proj.elf.dir/Core/Src/dma.c.obj
LOAD CMakeFiles/MC_Proj.elf.dir/Core/Src/freertos.c.obj
LOAD CMakeFiles/MC_Proj.elf.dir/Core/Src/gpio.c.obj
LOAD CMakeFiles/MC_Proj.elf.dir/Core/Src/i2c.c.obj
LOAD CMakeFiles/MC_Proj.elf.dir/Core/Src/main.c.obj
LOAD CMakeFiles/MC_Proj.elf.dir/Core/Src/stm32f4xx_hal_msp.c.obj
LOAD CMakeFiles/MC_Proj.elf.dir/Core/Src/stm32f4xx_hal_timebase_tim.c.obj
LOAD CMakeFiles/MC_Proj.elf.dir/Core/Src/stm32f4xx_it.c.obj
LOAD CMakeFiles/MC_Proj.elf.dir/Core/Src/syscalls.c.obj
LOAD CMakeFiles/MC_Proj.elf.dir/Core/Src/sysmem.c.obj
LOAD CMakeFiles/MC_Proj.elf.dir/Core/Src/system_stm32f4xx.c.obj
LOAD CMakeFiles/MC_Proj.elf.dir/Core/Src/tim.c.obj
LOAD CMakeFiles/MC_Proj.elf.dir/Core/Src/usart.c.obj
LOAD CMakeFiles/MC_Proj.elf.dir/Core/Startup/startup_stm32f407vetx.s.obj
LOAD CMakeFiles/MC_Proj.elf.dir/Drivers/STM32F4xx_HAL_Driver/Src/stm32f4xx_hal.c.obj
LOAD CMakeFiles/MC_Proj.elf.dir/Drivers/STM32F4xx_HAL_Driver/Src/stm32f4xx_hal_adc.c.obj
LOAD CMakeFiles/MC_Proj.elf.dir/Drivers/STM32F4xx_HAL_Driver/Src/stm32f4xx_hal_adc_ex.c.obj
LOAD CMakeFiles/MC_Proj.elf.dir/Drivers/STM32F4xx_HAL_Driver/Src/stm32f4xx_hal_cortex.c.obj
LOAD CMakeFiles/MC_Proj.elf.dir/Drivers/STM32F4xx_HAL_Driver/Src/stm32f4xx_hal_dma.c.obj
LOAD CMakeFiles/MC_Proj.elf.dir/Drivers/STM32F4xx_HAL_Driver/Src/stm32f4xx_hal_dma_ex.c.obj
LOAD CMakeFiles/MC_Proj.elf.dir/Drivers/STM32F4xx_HAL_Driver/Src/stm32f4xx_hal_exti.c.obj
LOAD CMakeFiles/MC_Proj.elf.dir/Drivers/STM32F4xx_HAL_Driver/Src/stm32f4xx_hal_flash.c.obj
LOAD CMakeFiles/MC_Proj.elf.dir/Drivers/STM32F4xx_HAL_Driver/Src/stm32f4xx_hal_flash_ex.c.obj
LOAD CMakeFiles/MC_Proj.elf.dir/Drivers/STM32F4xx_HAL_Driver/Src/stm32f4xx_hal_flash_ramfunc.c.obj
LOAD CMakeFiles/MC_Proj.elf.dir/Drivers/STM32F4xx_HAL_Driver/Src/stm32f4xx_hal_gpio.c.obj
LOAD CMakeFiles/MC_Proj.elf.dir/Drivers/STM32F4xx_HAL_Driver/Src/stm32f4xx_hal_i2c.c.obj
LOAD CMakeFiles/MC_Proj.elf.dir/Drivers/STM32F4xx_HAL_Driver/Src/stm32f4xx_hal_i2c_ex.c.obj
LOAD CMakeFiles/MC_Proj.elf.dir/Drivers/STM32F4xx_HAL_Driver/Src/stm32f4xx_hal_pwr.c.obj
LOAD CMakeFiles/MC_Proj.elf.dir/Drivers/STM32F4xx_HAL_Driver/Src/stm32f4xx_hal_pwr_ex.c.obj
LOAD CMakeFiles/MC_Proj.elf.dir/Drivers/STM32F4xx_HAL_Driver/Src/stm32f4xx_hal_rcc.c.obj
LOAD CMakeFiles/MC_Proj.elf.dir/Drivers/STM32F4xx_HAL_Driver/Src/stm32f4xx_hal_rcc_ex.c.obj
LOAD CMakeFiles/MC_Proj.elf.dir/Drivers/STM32F4xx_HAL_Driver/Src/stm32f4xx_hal_tim.c.obj
LOAD CMakeFiles/MC_Proj.elf.dir/Drivers/STM32F4xx_HAL_Driver/Src/stm32f4xx_hal_tim_ex.c.obj
LOAD CMakeFiles/MC_Proj.elf.dir/Drivers/STM32F4xx_HAL_Driver/Src/stm32f4xx_hal_uart.c.obj
LOAD CMakeFiles/MC_Proj.elf.dir/Drivers/STM32F4xx_HAL_Driver/Src/stm32f4xx_ll_adc.c.obj
LOAD CMakeFiles/MC_Proj.elf.dir/Middlewares/Third_Party/FreeRTOS/Source/CMSIS_RTOS_V2/cmsis_os2.c.obj
LOAD CMakeFiles/MC_Proj.elf.dir/Middlewares/Third_Party/FreeRTOS/Source/croutine.c.obj
LOAD CMakeFiles/MC_Proj.elf.dir/Middlewares/Third_Party/FreeRTOS/Source/event_groups.c.obj
LOAD CMakeFiles/MC_Proj.elf.dir/Middlewares/Third_Party/FreeRTOS/Source/list.c.obj
LOAD CMakeFiles/MC_Proj.elf.dir/Middlewares/Third_Party/FreeRTOS/Source/portable/GCC/ARM_CM4F/port.c.obj
LOAD CMakeFiles/MC_Proj.elf.dir/Middlewares/Third_Party/FreeRTOS/Source/portable/MemMang/heap_4.c.obj
LOAD CMakeFiles/MC_Proj.elf.dir/Middlewares/Third_Party/FreeRTOS/Source/queue.c.obj
LOAD CMakeFiles/MC_Proj.elf.dir/Middlewares/Third_Party/FreeRTOS/Source/stream_buffer.c.obj
LOAD CMakeFiles/MC_Proj.elf.dir/Middlewares/Third_Party/FreeRTOS/Source/tasks.c.obj
LOAD CMakeFiles/MC_Proj.elf.dir/Middlewares/Third_Party/FreeRTOS/Source/timers.c.obj
LOAD CMakeFiles/MC_Proj.elf.dir/User/IRQ.c.obj
LOAD CMakeFiles/MC_Proj.elf.dir/User/Init.c.obj
LOAD CMakeFiles/MC_Proj.elf.dir/User/filter.c.obj
START GROUP
LOAD c:/progra~2/gnuarm~1/102021~1.10/bin/../lib/gcc/arm-none-eabi/10.3.1/thumb/v7e-m+fp/hard\libgcc.a
LOAD c:/progra~2/gnuarm~1/102021~1.10/bin/../lib/gcc/arm-none-eabi/10.3.1/../../../../arm-none-eabi/lib/thumb/v7e-m+fp/hard\libg.a
LOAD c:/progra~2/gnuarm~1/102021~1.10/bin/../lib/gcc/arm-none-eabi/10.3.1/../../../../arm-none-eabi/lib/thumb/v7e-m+fp/hard\libc.a
END GROUP
LOAD c:/progra~2/gnuarm~1/102021~1.10/bin/../lib/gcc/arm-none-eabi/10.3.1/thumb/v7e-m+fp/hard/crtend.o
LOAD c:/progra~2/gnuarm~1/102021~1.10/bin/../lib/gcc/arm-none-eabi/10.3.1/thumb/v7e-m+fp/hard/crtn.o
                0x20020000                _estack = (ORIGIN (RAM) + LENGTH (RAM))
                0x00000200                _Min_Heap_Size = 0x200
                0x00000400                _Min_Stack_Size = 0x400

.isr_vector     0x08000000      0x188
                0x08000000                . = ALIGN (0x4)
 *(.isr_vector)
 .isr_vector    0x08000000      0x188 CMakeFiles/MC_Proj.elf.dir/Core/Startup/startup_stm32f407vetx.s.obj
                0x08000000                g_pfnVectors
                0x08000188                . = ALIGN (0x4)

.text           0x080001c0    0x159ec
                0x080001c0                . = ALIGN (0x4)
 *(.text)
 .text          0x080001c0      0x378 c:/progra~2/gnuarm~1/102021~1.10/bin/../lib/gcc/arm-none-eabi/10.3.1/thumb/v7e-m+fp/hard\libgcc.a(_arm_addsubdf3.o)
                0x080001c0                __aeabi_drsub
                0x080001c8                __aeabi_dsub
                0x080001c8                __subdf3
                0x080001cc                __aeabi_dadd
                0x080001cc                __adddf3
                0x08000444                __floatunsidf
                0x08000444                __aeabi_ui2d
                0x08000464                __floatsidf
                0x08000464                __aeabi_i2d
                0x08000488                __aeabi_f2d
                0x08000488                __extendsfdf2
                0x080004cc                __floatundidf
                0x080004cc                __aeabi_ul2d
                0x080004dc                __floatdidf
                0x080004dc                __aeabi_l2d
 .text          0x08000538      0x424 c:/progra~2/gnuarm~1/102021~1.10/bin/../lib/gcc/arm-none-eabi/10.3.1/thumb/v7e-m+fp/hard\libgcc.a(_arm_muldivdf3.o)
                0x08000538                __aeabi_dmul
                0x08000538                __muldf3
                0x0800078c                __divdf3
                0x0800078c                __aeabi_ddiv
 .text          0x0800095c      0x110 c:/progra~2/gnuarm~1/102021~1.10/bin/../lib/gcc/arm-none-eabi/10.3.1/thumb/v7e-m+fp/hard\libgcc.a(_arm_cmpdf2.o)
                0x0800095c                __gtdf2
                0x0800095c                __gedf2
                0x08000964                __ltdf2
                0x08000964                __ledf2
                0x0800096c                __nedf2
                0x0800096c                __eqdf2
                0x0800096c                __cmpdf2
                0x080009e8                __aeabi_cdrcmple
                0x080009f8                __aeabi_cdcmpeq
                0x080009f8                __aeabi_cdcmple
                0x08000a08                __aeabi_dcmpeq
                0x08000a1c                __aeabi_dcmplt
                0x08000a30                __aeabi_dcmple
                0x08000a44                __aeabi_dcmpge
                0x08000a58                __aeabi_dcmpgt
 .text          0x08000a6c       0xa0 c:/progra~2/gnuarm~1/102021~1.10/bin/../lib/gcc/arm-none-eabi/10.3.1/thumb/v7e-m+fp/hard\libgcc.a(_arm_truncdfsf2.o)
                0x08000a6c                __truncdfsf2
                0x08000a6c                __aeabi_d2f
 .text          0x08000b0c       0x30 c:/progra~2/gnuarm~1/102021~1.10/bin/../lib/gcc/arm-none-eabi/10.3.1/thumb/v7e-m+fp/hard\libgcc.a(_aeabi_uldivmod.o)
                0x08000b0c                __aeabi_uldivmod
 .text          0x08000b3c      0x2d0 c:/progra~2/gnuarm~1/102021~1.10/bin/../lib/gcc/arm-none-eabi/10.3.1/thumb/v7e-m+fp/hard\libgcc.a(_udivmoddi4.o)
                0x08000b3c                __udivmoddi4
 .text          0x08000e0c        0x4 c:/progra~2/gnuarm~1/102021~1.10/bin/../lib/gcc/arm-none-eabi/10.3.1/thumb/v7e-m+fp/hard\libgcc.a(_dvmd_tls.o)
                0x08000e0c                __aeabi_idiv0
                0x08000e0c                __aeabi_ldiv0
 .text          0x08000e10      0x134 c:/progra~2/gnuarm~1/102021~1.10/bin/../lib/gcc/arm-none-eabi/10.3.1/../../../../arm-none-eabi/lib/thumb/v7e-m+fp/hard\libg.a(lib_a-memcpy.o)
                0x08000e10                memcpy
 *fill*         0x08000f44       0x3c 
 .text          0x08000f80       0xdc c:/progra~2/gnuarm~1/102021~1.10/bin/../lib/gcc/arm-none-eabi/10.3.1/../../../../arm-none-eabi/lib/thumb/v7e-m+fp/hard\libg.a(lib_a-strlen.o)
                0x08000f80                strlen
 *fill*         0x0800105c        0x4 
 .text          0x08001060       0xa0 c:/progra~2/gnuarm~1/102021~1.10/bin/../lib/gcc/arm-none-eabi/10.3.1/../../../../arm-none-eabi/lib/thumb/v7e-m+fp/hard\libg.a(lib_a-memchr.o)
                0x08001060                memchr
 .text          0x08001100       0x2c c:/progra~2/gnuarm~1/102021~1.10/bin/../lib/gcc/arm-none-eabi/10.3.1/thumb/v7e-m+fp/hard\libgcc.a(_arm_unorddf2.o)
                0x08001100                __unorddf2
                0x08001100                __aeabi_dcmpun
 .text          0x0800112c       0x50 c:/progra~2/gnuarm~1/102021~1.10/bin/../lib/gcc/arm-none-eabi/10.3.1/thumb/v7e-m+fp/hard\libgcc.a(_arm_fixdfsi.o)
                0x0800112c                __aeabi_d2iz
                0x0800112c                __fixdfsi
 .text          0x0800117c       0x40 c:/progra~2/gnuarm~1/102021~1.10/bin/../lib/gcc/arm-none-eabi/10.3.1/thumb/v7e-m+fp/hard\libgcc.a(_arm_fixunsdfsi.o)
                0x0800117c                __aeabi_d2uiz
                0x0800117c                __fixunsdfsi
 .text          0x080011bc       0x30 c:/progra~2/gnuarm~1/102021~1.10/bin/../lib/gcc/arm-none-eabi/10.3.1/thumb/v7e-m+fp/hard\libgcc.a(_fixdfdi.o)
                0x080011bc                __fixdfdi
                0x080011bc                __aeabi_d2lz
 .text          0x080011ec       0x3c c:/progra~2/gnuarm~1/102021~1.10/bin/../lib/gcc/arm-none-eabi/10.3.1/thumb/v7e-m+fp/hard\libgcc.a(_fixunsdfdi.o)
                0x080011ec                __fixunsdfdi
                0x080011ec                __aeabi_d2ulz
 *(.text*)
 .text.Kinematic_Analysis
                0x08001228      0x188 CMakeFiles/MC_Proj.elf.dir/Application/base_task.c.obj
                0x08001228                Kinematic_Analysis
 .text.Base_Control
                0x080013b0       0x98 CMakeFiles/MC_Proj.elf.dir/Application/base_task.c.obj
                0x080013b0                Base_Control
 .text.float_to_str
                0x08001448       0x4c CMakeFiles/MC_Proj.elf.dir/Application/oled_task.c.obj
                0x08001448                float_to_str
 .text.OLED_Task
                0x08001494      0x120 CMakeFiles/MC_Proj.elf.dir/Application/oled_task.c.obj
                0x08001494                OLED_Task
 .text.pan_tile_task
                0x080015b4       0x28 CMakeFiles/MC_Proj.elf.dir/Application/pan_tile_task.c.obj
                0x080015b4                pan_tile_task
 .text.PID_Task
                0x080015dc      0x130 CMakeFiles/MC_Proj.elf.dir/Application/pid_task.c.obj
                0x080015dc                PID_Task
 .text.UART6_Task
                0x0800170c       0x64 CMakeFiles/MC_Proj.elf.dir/Application/uart_task.c.obj
                0x0800170c                UART6_Task
 .text.delay_us
                0x08001770       0x24 CMakeFiles/MC_Proj.elf.dir/BSP/PS2.c.obj
                0x08001770                delay_us
 .text.PS2_Cmd  0x08001794       0xa8 CMakeFiles/MC_Proj.elf.dir/BSP/PS2.c.obj
                0x08001794                PS2_Cmd
 .text.PS2_ShortPoll
                0x0800183c       0x48 CMakeFiles/MC_Proj.elf.dir/BSP/PS2.c.obj
                0x0800183c                PS2_ShortPoll
 .text.PS2_EnterConfing
                0x08001884       0x60 CMakeFiles/MC_Proj.elf.dir/BSP/PS2.c.obj
                0x08001884                PS2_EnterConfing
 .text.PS2_TurnOnAnalogMode
                0x080018e4       0x5c CMakeFiles/MC_Proj.elf.dir/BSP/PS2.c.obj
                0x080018e4                PS2_TurnOnAnalogMode
 .text.PS2_VibrationMode
                0x08001940       0x48 CMakeFiles/MC_Proj.elf.dir/BSP/PS2.c.obj
                0x08001940                PS2_VibrationMode
 .text.PS2_ExitConfing
                0x08001988       0x60 CMakeFiles/MC_Proj.elf.dir/BSP/PS2.c.obj
                0x08001988                PS2_ExitConfing
 .text.PS2_SetInit
                0x080019e8       0x20 CMakeFiles/MC_Proj.elf.dir/BSP/PS2.c.obj
                0x080019e8                PS2_SetInit
 .text.motor_init
                0x08001a08       0xb0 CMakeFiles/MC_Proj.elf.dir/BSP/driver_motor.c.obj
                0x08001a08                motor_init
 .text.motorA_run
                0x08001ab8       0x44 CMakeFiles/MC_Proj.elf.dir/BSP/driver_motor.c.obj
                0x08001ab8                motorA_run
 .text.motorB_run
                0x08001afc       0x34 CMakeFiles/MC_Proj.elf.dir/BSP/driver_motor.c.obj
                0x08001afc                motorB_run
 .text.motorC_run
                0x08001b30       0x34 CMakeFiles/MC_Proj.elf.dir/BSP/driver_motor.c.obj
                0x08001b30                motorC_run
 .text.motorD_run
                0x08001b64       0x34 CMakeFiles/MC_Proj.elf.dir/BSP/driver_motor.c.obj
                0x08001b64                motorD_run
 .text.OLED_WR_Byte
                0x08001b98       0x7c CMakeFiles/MC_Proj.elf.dir/BSP/oled.c.obj
                0x08001b98                OLED_WR_Byte
 .text.OLED_Refresh_Gram
                0x08001c14       0x4c CMakeFiles/MC_Proj.elf.dir/BSP/oled.c.obj
                0x08001c14                OLED_Refresh_Gram
 .text.OLED_Clear
                0x08001c60       0x30 CMakeFiles/MC_Proj.elf.dir/BSP/oled.c.obj
                0x08001c60                OLED_Clear
 .text.OLED_DrawPoint
                0x08001c90       0x50 CMakeFiles/MC_Proj.elf.dir/BSP/oled.c.obj
                0x08001c90                OLED_DrawPoint
 .text.OLED_ShowChar
                0x08001ce0       0xa0 CMakeFiles/MC_Proj.elf.dir/BSP/oled.c.obj
                0x08001ce0                OLED_ShowChar
 .text.oled_pow
                0x08001d80       0x16 CMakeFiles/MC_Proj.elf.dir/BSP/oled.c.obj
                0x08001d80                oled_pow
 *fill*         0x08001d96        0x2 
 .text.OLED_ShowNumber
                0x08001d98       0x9c CMakeFiles/MC_Proj.elf.dir/BSP/oled.c.obj
                0x08001d98                OLED_ShowNumber
 .text.OLED_ShowString
                0x08001e34       0x44 CMakeFiles/MC_Proj.elf.dir/BSP/oled.c.obj
                0x08001e34                OLED_ShowString
 .text.OLED_Init
                0x08001e78       0xf0 CMakeFiles/MC_Proj.elf.dir/BSP/oled.c.obj
                0x08001e78                OLED_Init
 .text.RetargetInit
                0x08001f68       0x20 CMakeFiles/MC_Proj.elf.dir/BSP/retarget.c.obj
                0x08001f68                RetargetInit
 .text._isatty  0x08001f88       0x16 CMakeFiles/MC_Proj.elf.dir/BSP/retarget.c.obj
                0x08001f88                _isatty
 *fill*         0x08001f9e        0x2 
 .text._write   0x08001fa0       0x34 CMakeFiles/MC_Proj.elf.dir/BSP/retarget.c.obj
                0x08001fa0                _write
 .text._close   0x08001fd4       0x18 CMakeFiles/MC_Proj.elf.dir/BSP/retarget.c.obj
                0x08001fd4                _close
 .text._lseek   0x08001fec       0x10 CMakeFiles/MC_Proj.elf.dir/BSP/retarget.c.obj
                0x08001fec                _lseek
 .text._read    0x08001ffc       0x30 CMakeFiles/MC_Proj.elf.dir/BSP/retarget.c.obj
                0x08001ffc                _read
 .text._fstat   0x0800202c       0x1a CMakeFiles/MC_Proj.elf.dir/BSP/retarget.c.obj
                0x0800202c                _fstat
 *fill*         0x08002046        0x2 
 .text.servo1_set
                0x08002048       0x60 CMakeFiles/MC_Proj.elf.dir/BSP/servo.c.obj
                0x08002048                servo1_set
 .text.servo2_set
                0x080020a8       0x60 CMakeFiles/MC_Proj.elf.dir/BSP/servo.c.obj
                0x080020a8                servo2_set
 .text.Get_Data
                0x08002108       0x7c CMakeFiles/MC_Proj.elf.dir/Controller/PID_Adjust.c.obj
                0x08002108                Get_Data
 .text.USART_PID_Adjust
                0x08002184      0x1c0 CMakeFiles/MC_Proj.elf.dir/Controller/PID_Adjust.c.obj
                0x08002184                USART_PID_Adjust
 .text.PID_Init
                0x08002344       0xd4 CMakeFiles/MC_Proj.elf.dir/Controller/PID_Control.c.obj
                0x08002344                PID_Init
 .text.INC_PID_Realize
                0x08002418      0x11e CMakeFiles/MC_Proj.elf.dir/Controller/PID_Control.c.obj
                0x08002418                INC_PID_Realize
 .text.FULL_PID_Realize
                0x08002536       0xc4 CMakeFiles/MC_Proj.elf.dir/Controller/PID_Control.c.obj
                0x08002536                FULL_PID_Realize
 *fill*         0x080025fa        0x2 
 .text.MX_ADC1_Init
                0x080025fc       0x70 CMakeFiles/MC_Proj.elf.dir/Core/Src/adc.c.obj
                0x080025fc                MX_ADC1_Init
 .text.HAL_ADC_MspInit
                0x0800266c       0xac CMakeFiles/MC_Proj.elf.dir/Core/Src/adc.c.obj
                0x0800266c                HAL_ADC_MspInit
 .text.MX_DMA_Init
                0x08002718       0x54 CMakeFiles/MC_Proj.elf.dir/Core/Src/dma.c.obj
                0x08002718                MX_DMA_Init
 .text.StartDefaultTask
                0x0800276c        0xa CMakeFiles/MC_Proj.elf.dir/Core/Src/freertos.c.obj
                0x0800276c                StartDefaultTask
 *fill*         0x08002776        0x2 
 .text.MX_FREERTOS_Init
                0x08002778       0xc8 CMakeFiles/MC_Proj.elf.dir/Core/Src/freertos.c.obj
                0x08002778                MX_FREERTOS_Init
 .text.MX_GPIO_Init
                0x08002840      0x198 CMakeFiles/MC_Proj.elf.dir/Core/Src/gpio.c.obj
                0x08002840                MX_GPIO_Init
 .text.MX_I2C2_Init
                0x080029d8       0x3c CMakeFiles/MC_Proj.elf.dir/Core/Src/i2c.c.obj
                0x080029d8                MX_I2C2_Init
 .text.HAL_I2C_MspInit
                0x08002a14       0x70 CMakeFiles/MC_Proj.elf.dir/Core/Src/i2c.c.obj
                0x08002a14                HAL_I2C_MspInit
 .text.Error_Handler
                0x08002a84        0x4 CMakeFiles/MC_Proj.elf.dir/Core/Src/main.c.obj
                0x08002a84                Error_Handler
 .text.SystemClock_Config
                0x08002a88       0xa8 CMakeFiles/MC_Proj.elf.dir/Core/Src/main.c.obj
                0x08002a88                SystemClock_Config
 .text.main     0x08002b30       0x78 CMakeFiles/MC_Proj.elf.dir/Core/Src/main.c.obj
                0x08002b30                main
 .text.HAL_MspInit
                0x08002ba8       0x44 CMakeFiles/MC_Proj.elf.dir/Core/Src/stm32f4xx_hal_msp.c.obj
                0x08002ba8                HAL_MspInit
 .text.HAL_InitTick
                0x08002bec       0xa4 CMakeFiles/MC_Proj.elf.dir/Core/Src/stm32f4xx_hal_timebase_tim.c.obj
                0x08002bec                HAL_InitTick
 .text.NMI_Handler
                0x08002c90        0x2 CMakeFiles/MC_Proj.elf.dir/Core/Src/stm32f4xx_it.c.obj
                0x08002c90                NMI_Handler
 .text.HardFault_Handler
                0x08002c92        0x2 CMakeFiles/MC_Proj.elf.dir/Core/Src/stm32f4xx_it.c.obj
                0x08002c92                HardFault_Handler
 .text.MemManage_Handler
                0x08002c94        0x2 CMakeFiles/MC_Proj.elf.dir/Core/Src/stm32f4xx_it.c.obj
                0x08002c94                MemManage_Handler
 .text.BusFault_Handler
                0x08002c96        0x2 CMakeFiles/MC_Proj.elf.dir/Core/Src/stm32f4xx_it.c.obj
                0x08002c96                BusFault_Handler
 .text.UsageFault_Handler
                0x08002c98        0x2 CMakeFiles/MC_Proj.elf.dir/Core/Src/stm32f4xx_it.c.obj
                0x08002c98                UsageFault_Handler
 .text.DebugMon_Handler
                0x08002c9a        0x2 CMakeFiles/MC_Proj.elf.dir/Core/Src/stm32f4xx_it.c.obj
                0x08002c9a                DebugMon_Handler
 .text.TIM1_BRK_TIM9_IRQHandler
                0x08002c9c       0x18 CMakeFiles/MC_Proj.elf.dir/Core/Src/stm32f4xx_it.c.obj
                0x08002c9c                TIM1_BRK_TIM9_IRQHandler
 .text.TIM1_UP_TIM10_IRQHandler
                0x08002cb4       0x18 CMakeFiles/MC_Proj.elf.dir/Core/Src/stm32f4xx_it.c.obj
                0x08002cb4                TIM1_UP_TIM10_IRQHandler
 .text.TIM1_TRG_COM_TIM11_IRQHandler
                0x08002ccc       0x18 CMakeFiles/MC_Proj.elf.dir/Core/Src/stm32f4xx_it.c.obj
                0x08002ccc                TIM1_TRG_COM_TIM11_IRQHandler
 .text.TIM2_IRQHandler
                0x08002ce4       0x10 CMakeFiles/MC_Proj.elf.dir/Core/Src/stm32f4xx_it.c.obj
                0x08002ce4                TIM2_IRQHandler
 .text.TIM3_IRQHandler
                0x08002cf4       0x10 CMakeFiles/MC_Proj.elf.dir/Core/Src/stm32f4xx_it.c.obj
                0x08002cf4                TIM3_IRQHandler
 .text.TIM4_IRQHandler
                0x08002d04       0x10 CMakeFiles/MC_Proj.elf.dir/Core/Src/stm32f4xx_it.c.obj
                0x08002d04                TIM4_IRQHandler
 .text.USART2_IRQHandler
                0x08002d14       0x10 CMakeFiles/MC_Proj.elf.dir/Core/Src/stm32f4xx_it.c.obj
                0x08002d14                USART2_IRQHandler
 .text.USART3_IRQHandler
                0x08002d24       0x10 CMakeFiles/MC_Proj.elf.dir/Core/Src/stm32f4xx_it.c.obj
                0x08002d24                USART3_IRQHandler
 .text.TIM8_BRK_TIM12_IRQHandler
                0x08002d34       0x18 CMakeFiles/MC_Proj.elf.dir/Core/Src/stm32f4xx_it.c.obj
                0x08002d34                TIM8_BRK_TIM12_IRQHandler
 .text.TIM8_UP_TIM13_IRQHandler
                0x08002d4c       0x10 CMakeFiles/MC_Proj.elf.dir/Core/Src/stm32f4xx_it.c.obj
                0x08002d4c                TIM8_UP_TIM13_IRQHandler
 .text.TIM8_TRG_COM_TIM14_IRQHandler
                0x08002d5c       0x10 CMakeFiles/MC_Proj.elf.dir/Core/Src/stm32f4xx_it.c.obj
                0x08002d5c                TIM8_TRG_COM_TIM14_IRQHandler
 .text.TIM5_IRQHandler
                0x08002d6c       0x10 CMakeFiles/MC_Proj.elf.dir/Core/Src/stm32f4xx_it.c.obj
                0x08002d6c                TIM5_IRQHandler
 .text.TIM6_DAC_IRQHandler
                0x08002d7c       0x10 CMakeFiles/MC_Proj.elf.dir/Core/Src/stm32f4xx_it.c.obj
                0x08002d7c                TIM6_DAC_IRQHandler
 .text.TIM7_IRQHandler
                0x08002d8c       0x10 CMakeFiles/MC_Proj.elf.dir/Core/Src/stm32f4xx_it.c.obj
                0x08002d8c                TIM7_IRQHandler
 .text.DMA2_Stream0_IRQHandler
                0x08002d9c       0x10 CMakeFiles/MC_Proj.elf.dir/Core/Src/stm32f4xx_it.c.obj
                0x08002d9c                DMA2_Stream0_IRQHandler
 .text.DMA2_Stream1_IRQHandler
                0x08002dac       0x10 CMakeFiles/MC_Proj.elf.dir/Core/Src/stm32f4xx_it.c.obj
                0x08002dac                DMA2_Stream1_IRQHandler
 .text.DMA2_Stream6_IRQHandler
                0x08002dbc       0x10 CMakeFiles/MC_Proj.elf.dir/Core/Src/stm32f4xx_it.c.obj
                0x08002dbc                DMA2_Stream6_IRQHandler
 .text.USART6_IRQHandler
                0x08002dcc       0x18 CMakeFiles/MC_Proj.elf.dir/Core/Src/stm32f4xx_it.c.obj
                0x08002dcc                USART6_IRQHandler
 .text._getpid  0x08002de4        0x4 CMakeFiles/MC_Proj.elf.dir/Core/Src/syscalls.c.obj
                0x08002de4                _getpid
 .text._kill    0x08002de8       0x10 CMakeFiles/MC_Proj.elf.dir/Core/Src/syscalls.c.obj
                0x08002de8                _kill
 .text._exit    0x08002df8        0xc CMakeFiles/MC_Proj.elf.dir/Core/Src/syscalls.c.obj
                0x08002df8                _exit
 .text._sbrk    0x08002e04       0x48 CMakeFiles/MC_Proj.elf.dir/Core/Src/sysmem.c.obj
                0x08002e04                _sbrk
 .text.SystemInit
                0x08002e4c       0x14 CMakeFiles/MC_Proj.elf.dir/Core/Src/system_stm32f4xx.c.obj
                0x08002e4c                SystemInit
 .text.MX_TIM2_Init
                0x08002e60       0x64 CMakeFiles/MC_Proj.elf.dir/Core/Src/tim.c.obj
                0x08002e60                MX_TIM2_Init
 .text.MX_TIM3_Init
                0x08002ec4       0x64 CMakeFiles/MC_Proj.elf.dir/Core/Src/tim.c.obj
                0x08002ec4                MX_TIM3_Init
 .text.MX_TIM4_Init
                0x08002f28       0x64 CMakeFiles/MC_Proj.elf.dir/Core/Src/tim.c.obj
                0x08002f28                MX_TIM4_Init
 .text.MX_TIM5_Init
                0x08002f8c       0x64 CMakeFiles/MC_Proj.elf.dir/Core/Src/tim.c.obj
                0x08002f8c                MX_TIM5_Init
 .text.MX_TIM6_Init
                0x08002ff0       0x50 CMakeFiles/MC_Proj.elf.dir/Core/Src/tim.c.obj
                0x08002ff0                MX_TIM6_Init
 .text.MX_TIM12_Init
                0x08003040       0x58 CMakeFiles/MC_Proj.elf.dir/Core/Src/tim.c.obj
                0x08003040                MX_TIM12_Init
 .text.HAL_TIM_PWM_MspInit
                0x08003098       0xe8 CMakeFiles/MC_Proj.elf.dir/Core/Src/tim.c.obj
                0x08003098                HAL_TIM_PWM_MspInit
 .text.HAL_TIM_Encoder_MspInit
                0x08003180      0x1b8 CMakeFiles/MC_Proj.elf.dir/Core/Src/tim.c.obj
                0x08003180                HAL_TIM_Encoder_MspInit
 .text.HAL_TIM_Base_MspInit
                0x08003338       0xd8 CMakeFiles/MC_Proj.elf.dir/Core/Src/tim.c.obj
                0x08003338                HAL_TIM_Base_MspInit
 .text.HAL_TIM_MspPostInit
                0x08003410      0x148 CMakeFiles/MC_Proj.elf.dir/Core/Src/tim.c.obj
                0x08003410                HAL_TIM_MspPostInit
 .text.MX_TIM1_Init
                0x08003558       0xf0 CMakeFiles/MC_Proj.elf.dir/Core/Src/tim.c.obj
                0x08003558                MX_TIM1_Init
 .text.MX_TIM8_Init
                0x08003648       0xd0 CMakeFiles/MC_Proj.elf.dir/Core/Src/tim.c.obj
                0x08003648                MX_TIM8_Init
 .text.MX_TIM9_Init
                0x08003718       0x7c CMakeFiles/MC_Proj.elf.dir/Core/Src/tim.c.obj
                0x08003718                MX_TIM9_Init
 .text.MX_TIM10_Init
                0x08003794       0x78 CMakeFiles/MC_Proj.elf.dir/Core/Src/tim.c.obj
                0x08003794                MX_TIM10_Init
 .text.MX_TIM11_Init
                0x0800380c       0x78 CMakeFiles/MC_Proj.elf.dir/Core/Src/tim.c.obj
                0x0800380c                MX_TIM11_Init
 .text.MX_USART1_UART_Init
                0x08003884       0x34 CMakeFiles/MC_Proj.elf.dir/Core/Src/usart.c.obj
                0x08003884                MX_USART1_UART_Init
 .text.MX_USART2_UART_Init
                0x080038b8       0x34 CMakeFiles/MC_Proj.elf.dir/Core/Src/usart.c.obj
                0x080038b8                MX_USART2_UART_Init
 .text.MX_USART3_UART_Init
                0x080038ec       0x34 CMakeFiles/MC_Proj.elf.dir/Core/Src/usart.c.obj
                0x080038ec                MX_USART3_UART_Init
 .text.MX_USART6_UART_Init
                0x08003920       0x34 CMakeFiles/MC_Proj.elf.dir/Core/Src/usart.c.obj
                0x08003920                MX_USART6_UART_Init
 .text.HAL_UART_MspInit
                0x08003954      0x214 CMakeFiles/MC_Proj.elf.dir/Core/Src/usart.c.obj
                0x08003954                HAL_UART_MspInit
 .text.Reset_Handler
                0x08003b68       0x50 CMakeFiles/MC_Proj.elf.dir/Core/Startup/startup_stm32f407vetx.s.obj
                0x08003b68                Reset_Handler
 .text.Default_Handler
                0x08003bb8        0x2 CMakeFiles/MC_Proj.elf.dir/Core/Startup/startup_stm32f407vetx.s.obj
                0x08003bb8                RTC_Alarm_IRQHandler
                0x08003bb8                HASH_RNG_IRQHandler
                0x08003bb8                EXTI2_IRQHandler
                0x08003bb8                TIM8_CC_IRQHandler
                0x08003bb8                TIM1_CC_IRQHandler
                0x08003bb8                DMA2_Stream5_IRQHandler
                0x08003bb8                DMA1_Stream5_IRQHandler
                0x08003bb8                PVD_IRQHandler
                0x08003bb8                SDIO_IRQHandler
                0x08003bb8                TAMP_STAMP_IRQHandler
                0x08003bb8                CAN2_RX1_IRQHandler
                0x08003bb8                EXTI3_IRQHandler
                0x08003bb8                I2C3_ER_IRQHandler
                0x08003bb8                EXTI0_IRQHandler
                0x08003bb8                I2C2_EV_IRQHandler
                0x08003bb8                DMA1_Stream2_IRQHandler
                0x08003bb8                CAN1_RX0_IRQHandler
                0x08003bb8                FPU_IRQHandler
                0x08003bb8                OTG_HS_WKUP_IRQHandler
                0x08003bb8                CAN2_SCE_IRQHandler
                0x08003bb8                DMA2_Stream2_IRQHandler
                0x08003bb8                SPI1_IRQHandler
                0x08003bb8                DCMI_IRQHandler
                0x08003bb8                CAN2_RX0_IRQHandler
                0x08003bb8                DMA2_Stream3_IRQHandler
                0x08003bb8                CAN1_RX1_IRQHandler
                0x08003bb8                UART5_IRQHandler
                0x08003bb8                I2C1_EV_IRQHandler
                0x08003bb8                DMA1_Stream6_IRQHandler
                0x08003bb8                DMA1_Stream1_IRQHandler
                0x08003bb8                UART4_IRQHandler
                0x08003bb8                RCC_IRQHandler
                0x08003bb8                Default_Handler
                0x08003bb8                EXTI15_10_IRQHandler
                0x08003bb8                ADC_IRQHandler
                0x08003bb8                DMA1_Stream7_IRQHandler
                0x08003bb8                CAN2_TX_IRQHandler
                0x08003bb8                DMA2_Stream7_IRQHandler
                0x08003bb8                I2C3_EV_IRQHandler
                0x08003bb8                EXTI9_5_IRQHandler
                0x08003bb8                RTC_WKUP_IRQHandler
                0x08003bb8                ETH_WKUP_IRQHandler
                0x08003bb8                SPI2_IRQHandler
                0x08003bb8                OTG_HS_EP1_IN_IRQHandler
                0x08003bb8                DMA1_Stream0_IRQHandler
                0x08003bb8                CAN1_TX_IRQHandler
                0x08003bb8                EXTI4_IRQHandler
                0x08003bb8                FSMC_IRQHandler
                0x08003bb8                ETH_IRQHandler
                0x08003bb8                OTG_HS_EP1_OUT_IRQHandler
                0x08003bb8                WWDG_IRQHandler
                0x08003bb8                OTG_FS_WKUP_IRQHandler
                0x08003bb8                OTG_HS_IRQHandler
                0x08003bb8                EXTI1_IRQHandler
                0x08003bb8                I2C2_ER_IRQHandler
                0x08003bb8                CAN1_SCE_IRQHandler
                0x08003bb8                FLASH_IRQHandler
                0x08003bb8                DMA2_Stream4_IRQHandler
                0x08003bb8                USART1_IRQHandler
                0x08003bb8                OTG_FS_IRQHandler
                0x08003bb8                SPI3_IRQHandler
                0x08003bb8                DMA1_Stream4_IRQHandler
                0x08003bb8                I2C1_ER_IRQHandler
                0x08003bb8                DMA1_Stream3_IRQHandler
 *fill*         0x08003bba        0x2 
 .text.HAL_Init
                0x08003bbc       0x34 CMakeFiles/MC_Proj.elf.dir/Drivers/STM32F4xx_HAL_Driver/Src/stm32f4xx_hal.c.obj
                0x08003bbc                HAL_Init
 .text.HAL_IncTick
                0x08003bf0       0x18 CMakeFiles/MC_Proj.elf.dir/Drivers/STM32F4xx_HAL_Driver/Src/stm32f4xx_hal.c.obj
                0x08003bf0                HAL_IncTick
 .text.HAL_GetTick
                0x08003c08        0xc CMakeFiles/MC_Proj.elf.dir/Drivers/STM32F4xx_HAL_Driver/Src/stm32f4xx_hal.c.obj
                0x08003c08                HAL_GetTick
 .text.HAL_Delay
                0x08003c14       0x28 CMakeFiles/MC_Proj.elf.dir/Drivers/STM32F4xx_HAL_Driver/Src/stm32f4xx_hal.c.obj
                0x08003c14                HAL_Delay
 .text.ADC_Init
                0x08003c3c      0x134 CMakeFiles/MC_Proj.elf.dir/Drivers/STM32F4xx_HAL_Driver/Src/stm32f4xx_hal_adc.c.obj
 .text.HAL_ADC_Init
                0x08003d70       0x56 CMakeFiles/MC_Proj.elf.dir/Drivers/STM32F4xx_HAL_Driver/Src/stm32f4xx_hal_adc.c.obj
                0x08003d70                HAL_ADC_Init
 *fill*         0x08003dc6        0x2 
 .text.HAL_ADC_Start_DMA
                0x08003dc8      0x19c CMakeFiles/MC_Proj.elf.dir/Drivers/STM32F4xx_HAL_Driver/Src/stm32f4xx_hal_adc.c.obj
                0x08003dc8                HAL_ADC_Start_DMA
 .text.HAL_ADC_ConvCpltCallback
                0x08003f64        0x2 CMakeFiles/MC_Proj.elf.dir/Drivers/STM32F4xx_HAL_Driver/Src/stm32f4xx_hal_adc.c.obj
                0x08003f64                HAL_ADC_ConvCpltCallback
 .text.HAL_ADC_ConvHalfCpltCallback
                0x08003f66        0x2 CMakeFiles/MC_Proj.elf.dir/Drivers/STM32F4xx_HAL_Driver/Src/stm32f4xx_hal_adc.c.obj
                0x08003f66                HAL_ADC_ConvHalfCpltCallback
 .text.ADC_DMAHalfConvCplt
                0x08003f68        0xa CMakeFiles/MC_Proj.elf.dir/Drivers/STM32F4xx_HAL_Driver/Src/stm32f4xx_hal_adc.c.obj
 .text.HAL_ADC_ErrorCallback
                0x08003f72        0x2 CMakeFiles/MC_Proj.elf.dir/Drivers/STM32F4xx_HAL_Driver/Src/stm32f4xx_hal_adc.c.obj
                0x08003f72                HAL_ADC_ErrorCallback
 .text.ADC_DMAError
                0x08003f74       0x16 CMakeFiles/MC_Proj.elf.dir/Drivers/STM32F4xx_HAL_Driver/Src/stm32f4xx_hal_adc.c.obj
 .text.ADC_DMAConvCplt
                0x08003f8a       0x72 CMakeFiles/MC_Proj.elf.dir/Drivers/STM32F4xx_HAL_Driver/Src/stm32f4xx_hal_adc.c.obj
 .text.HAL_ADC_ConfigChannel
                0x08003ffc      0x198 CMakeFiles/MC_Proj.elf.dir/Drivers/STM32F4xx_HAL_Driver/Src/stm32f4xx_hal_adc.c.obj
                0x08003ffc                HAL_ADC_ConfigChannel
 .text.HAL_NVIC_SetPriorityGrouping
                0x08004194       0x24 CMakeFiles/MC_Proj.elf.dir/Drivers/STM32F4xx_HAL_Driver/Src/stm32f4xx_hal_cortex.c.obj
                0x08004194                HAL_NVIC_SetPriorityGrouping
 .text.HAL_NVIC_SetPriority
                0x080041b8       0x70 CMakeFiles/MC_Proj.elf.dir/Drivers/STM32F4xx_HAL_Driver/Src/stm32f4xx_hal_cortex.c.obj
                0x080041b8                HAL_NVIC_SetPriority
 .text.HAL_NVIC_EnableIRQ
                0x08004228       0x1c CMakeFiles/MC_Proj.elf.dir/Drivers/STM32F4xx_HAL_Driver/Src/stm32f4xx_hal_cortex.c.obj
                0x08004228                HAL_NVIC_EnableIRQ
 .text.DMA_SetConfig
                0x08004244       0x2c CMakeFiles/MC_Proj.elf.dir/Drivers/STM32F4xx_HAL_Driver/Src/stm32f4xx_hal_dma.c.obj
 .text.DMA_CalcBaseAndBitshift
                0x08004270       0x44 CMakeFiles/MC_Proj.elf.dir/Drivers/STM32F4xx_HAL_Driver/Src/stm32f4xx_hal_dma.c.obj
 .text.DMA_CheckFifoParam
                0x080042b4       0x8e CMakeFiles/MC_Proj.elf.dir/Drivers/STM32F4xx_HAL_Driver/Src/stm32f4xx_hal_dma.c.obj
 *fill*         0x08004342        0x2 
 .text.HAL_DMA_Init
                0x08004344       0xcc CMakeFiles/MC_Proj.elf.dir/Drivers/STM32F4xx_HAL_Driver/Src/stm32f4xx_hal_dma.c.obj
                0x08004344                HAL_DMA_Init
 .text.HAL_DMA_Start_IT
                0x08004410       0x6a CMakeFiles/MC_Proj.elf.dir/Drivers/STM32F4xx_HAL_Driver/Src/stm32f4xx_hal_dma.c.obj
                0x08004410                HAL_DMA_Start_IT
 .text.HAL_DMA_Abort
                0x0800447a       0x94 CMakeFiles/MC_Proj.elf.dir/Drivers/STM32F4xx_HAL_Driver/Src/stm32f4xx_hal_dma.c.obj
                0x0800447a                HAL_DMA_Abort
 .text.HAL_DMA_Abort_IT
                0x0800450e       0x26 CMakeFiles/MC_Proj.elf.dir/Drivers/STM32F4xx_HAL_Driver/Src/stm32f4xx_hal_dma.c.obj
                0x0800450e                HAL_DMA_Abort_IT
 .text.HAL_DMA_IRQHandler
                0x08004534      0x1dc CMakeFiles/MC_Proj.elf.dir/Drivers/STM32F4xx_HAL_Driver/Src/stm32f4xx_hal_dma.c.obj
                0x08004534                HAL_DMA_IRQHandler
 .text.HAL_GPIO_Init
                0x08004710      0x1e4 CMakeFiles/MC_Proj.elf.dir/Drivers/STM32F4xx_HAL_Driver/Src/stm32f4xx_hal_gpio.c.obj
                0x08004710                HAL_GPIO_Init
 .text.HAL_GPIO_ReadPin
                0x080048f4        0xe CMakeFiles/MC_Proj.elf.dir/Drivers/STM32F4xx_HAL_Driver/Src/stm32f4xx_hal_gpio.c.obj
                0x080048f4                HAL_GPIO_ReadPin
 .text.HAL_GPIO_WritePin
                0x08004902        0xc CMakeFiles/MC_Proj.elf.dir/Drivers/STM32F4xx_HAL_Driver/Src/stm32f4xx_hal_gpio.c.obj
                0x08004902                HAL_GPIO_WritePin
 *fill*         0x0800490e        0x2 
 .text.HAL_I2C_Init
                0x08004910      0x1bc CMakeFiles/MC_Proj.elf.dir/Drivers/STM32F4xx_HAL_Driver/Src/stm32f4xx_hal_i2c.c.obj
                0x08004910                HAL_I2C_Init
 .text.HAL_RCC_OscConfig
                0x08004acc      0x3f8 CMakeFiles/MC_Proj.elf.dir/Drivers/STM32F4xx_HAL_Driver/Src/stm32f4xx_hal_rcc.c.obj
                0x08004acc                HAL_RCC_OscConfig
 .text.HAL_RCC_GetSysClockFreq
                0x08004ec4       0xd4 CMakeFiles/MC_Proj.elf.dir/Drivers/STM32F4xx_HAL_Driver/Src/stm32f4xx_hal_rcc.c.obj
                0x08004ec4                HAL_RCC_GetSysClockFreq
 .text.HAL_RCC_ClockConfig
                0x08004f98      0x160 CMakeFiles/MC_Proj.elf.dir/Drivers/STM32F4xx_HAL_Driver/Src/stm32f4xx_hal_rcc.c.obj
                0x08004f98                HAL_RCC_ClockConfig
 .text.HAL_RCC_GetHCLKFreq
                0x080050f8        0xc CMakeFiles/MC_Proj.elf.dir/Drivers/STM32F4xx_HAL_Driver/Src/stm32f4xx_hal_rcc.c.obj
                0x080050f8                HAL_RCC_GetHCLKFreq
 .text.HAL_RCC_GetPCLK1Freq
                0x08005104       0x20 CMakeFiles/MC_Proj.elf.dir/Drivers/STM32F4xx_HAL_Driver/Src/stm32f4xx_hal_rcc.c.obj
                0x08005104                HAL_RCC_GetPCLK1Freq
 .text.HAL_RCC_GetPCLK2Freq
                0x08005124       0x20 CMakeFiles/MC_Proj.elf.dir/Drivers/STM32F4xx_HAL_Driver/Src/stm32f4xx_hal_rcc.c.obj
                0x08005124                HAL_RCC_GetPCLK2Freq
 .text.HAL_RCC_GetClockConfig
                0x08005144       0x3c CMakeFiles/MC_Proj.elf.dir/Drivers/STM32F4xx_HAL_Driver/Src/stm32f4xx_hal_rcc.c.obj
                0x08005144                HAL_RCC_GetClockConfig
 .text.TIM_OC1_SetConfig
                0x08005180       0x68 CMakeFiles/MC_Proj.elf.dir/Drivers/STM32F4xx_HAL_Driver/Src/stm32f4xx_hal_tim.c.obj
 .text.TIM_OC3_SetConfig
                0x080051e8       0x70 CMakeFiles/MC_Proj.elf.dir/Drivers/STM32F4xx_HAL_Driver/Src/stm32f4xx_hal_tim.c.obj
 .text.TIM_OC4_SetConfig
                0x08005258       0x50 CMakeFiles/MC_Proj.elf.dir/Drivers/STM32F4xx_HAL_Driver/Src/stm32f4xx_hal_tim.c.obj
 .text.TIM_TI1_ConfigInputStage
                0x080052a8       0x26 CMakeFiles/MC_Proj.elf.dir/Drivers/STM32F4xx_HAL_Driver/Src/stm32f4xx_hal_tim.c.obj
 .text.TIM_TI2_ConfigInputStage
                0x080052ce       0x28 CMakeFiles/MC_Proj.elf.dir/Drivers/STM32F4xx_HAL_Driver/Src/stm32f4xx_hal_tim.c.obj
 .text.TIM_ITRx_SetConfig
                0x080052f6       0x10 CMakeFiles/MC_Proj.elf.dir/Drivers/STM32F4xx_HAL_Driver/Src/stm32f4xx_hal_tim.c.obj
 *fill*         0x08005306        0x2 
 .text.HAL_TIM_Base_Start_IT
                0x08005308       0x88 CMakeFiles/MC_Proj.elf.dir/Drivers/STM32F4xx_HAL_Driver/Src/stm32f4xx_hal_tim.c.obj
                0x08005308                HAL_TIM_Base_Start_IT
 .text.HAL_TIM_OC_DelayElapsedCallback
                0x08005390        0x2 CMakeFiles/MC_Proj.elf.dir/Drivers/STM32F4xx_HAL_Driver/Src/stm32f4xx_hal_tim.c.obj
                0x08005390                HAL_TIM_OC_DelayElapsedCallback
 .text.HAL_TIM_IC_CaptureCallback
                0x08005392        0x2 CMakeFiles/MC_Proj.elf.dir/Drivers/STM32F4xx_HAL_Driver/Src/stm32f4xx_hal_tim.c.obj
                0x08005392                HAL_TIM_IC_CaptureCallback
 .text.HAL_TIM_PWM_PulseFinishedCallback
                0x08005394        0x2 CMakeFiles/MC_Proj.elf.dir/Drivers/STM32F4xx_HAL_Driver/Src/stm32f4xx_hal_tim.c.obj
                0x08005394                HAL_TIM_PWM_PulseFinishedCallback
 .text.HAL_TIM_TriggerCallback
                0x08005396        0x2 CMakeFiles/MC_Proj.elf.dir/Drivers/STM32F4xx_HAL_Driver/Src/stm32f4xx_hal_tim.c.obj
                0x08005396                HAL_TIM_TriggerCallback
 .text.HAL_TIM_IRQHandler
                0x08005398      0x15e CMakeFiles/MC_Proj.elf.dir/Drivers/STM32F4xx_HAL_Driver/Src/stm32f4xx_hal_tim.c.obj
                0x08005398                HAL_TIM_IRQHandler
 *fill*         0x080054f6        0x2 
 .text.TIM_Base_SetConfig
                0x080054f8       0xd8 CMakeFiles/MC_Proj.elf.dir/Drivers/STM32F4xx_HAL_Driver/Src/stm32f4xx_hal_tim.c.obj
                0x080054f8                TIM_Base_SetConfig
 .text.HAL_TIM_Base_Init
                0x080055d0       0x58 CMakeFiles/MC_Proj.elf.dir/Drivers/STM32F4xx_HAL_Driver/Src/stm32f4xx_hal_tim.c.obj
                0x080055d0                HAL_TIM_Base_Init
 .text.HAL_TIM_PWM_Init
                0x08005628       0x58 CMakeFiles/MC_Proj.elf.dir/Drivers/STM32F4xx_HAL_Driver/Src/stm32f4xx_hal_tim.c.obj
                0x08005628                HAL_TIM_PWM_Init
 .text.HAL_TIM_Encoder_Init
                0x08005680       0xb6 CMakeFiles/MC_Proj.elf.dir/Drivers/STM32F4xx_HAL_Driver/Src/stm32f4xx_hal_tim.c.obj
                0x08005680                HAL_TIM_Encoder_Init
 *fill*         0x08005736        0x2 
 .text.TIM_OC2_SetConfig
                0x08005738       0x70 CMakeFiles/MC_Proj.elf.dir/Drivers/STM32F4xx_HAL_Driver/Src/stm32f4xx_hal_tim.c.obj
                0x08005738                TIM_OC2_SetConfig
 .text.HAL_TIM_PWM_ConfigChannel
                0x080057a8       0xdc CMakeFiles/MC_Proj.elf.dir/Drivers/STM32F4xx_HAL_Driver/Src/stm32f4xx_hal_tim.c.obj
                0x080057a8                HAL_TIM_PWM_ConfigChannel
 .text.TIM_ETR_SetConfig
                0x08005884       0x1a CMakeFiles/MC_Proj.elf.dir/Drivers/STM32F4xx_HAL_Driver/Src/stm32f4xx_hal_tim.c.obj
                0x08005884                TIM_ETR_SetConfig
 .text.HAL_TIM_ConfigClockSource
                0x0800589e       0xfe CMakeFiles/MC_Proj.elf.dir/Drivers/STM32F4xx_HAL_Driver/Src/stm32f4xx_hal_tim.c.obj
                0x0800589e                HAL_TIM_ConfigClockSource
 .text.TIM_CCxChannelCmd
                0x0800599c       0x1e CMakeFiles/MC_Proj.elf.dir/Drivers/STM32F4xx_HAL_Driver/Src/stm32f4xx_hal_tim.c.obj
                0x0800599c                TIM_CCxChannelCmd
 *fill*         0x080059ba        0x2 
 .text.HAL_TIM_PWM_Start
                0x080059bc      0x104 CMakeFiles/MC_Proj.elf.dir/Drivers/STM32F4xx_HAL_Driver/Src/stm32f4xx_hal_tim.c.obj
                0x080059bc                HAL_TIM_PWM_Start
 .text.HAL_TIM_Encoder_Start
                0x08005ac0       0xcc CMakeFiles/MC_Proj.elf.dir/Drivers/STM32F4xx_HAL_Driver/Src/stm32f4xx_hal_tim.c.obj
                0x08005ac0                HAL_TIM_Encoder_Start
 .text.HAL_TIMEx_MasterConfigSynchronization
                0x08005b8c       0x8c CMakeFiles/MC_Proj.elf.dir/Drivers/STM32F4xx_HAL_Driver/Src/stm32f4xx_hal_tim_ex.c.obj
                0x08005b8c                HAL_TIMEx_MasterConfigSynchronization
 .text.HAL_TIMEx_ConfigBreakDeadTime
                0x08005c18       0x52 CMakeFiles/MC_Proj.elf.dir/Drivers/STM32F4xx_HAL_Driver/Src/stm32f4xx_hal_tim_ex.c.obj
                0x08005c18                HAL_TIMEx_ConfigBreakDeadTime
 .text.HAL_TIMEx_CommutCallback
                0x08005c6a        0x2 CMakeFiles/MC_Proj.elf.dir/Drivers/STM32F4xx_HAL_Driver/Src/stm32f4xx_hal_tim_ex.c.obj
                0x08005c6a                HAL_TIMEx_CommutCallback
 .text.HAL_TIMEx_BreakCallback
                0x08005c6c        0x2 CMakeFiles/MC_Proj.elf.dir/Drivers/STM32F4xx_HAL_Driver/Src/stm32f4xx_hal_tim_ex.c.obj
                0x08005c6c                HAL_TIMEx_BreakCallback
 .text.UART_EndTxTransfer
                0x08005c6e       0x20 CMakeFiles/MC_Proj.elf.dir/Drivers/STM32F4xx_HAL_Driver/Src/stm32f4xx_hal_uart.c.obj
 .text.UART_EndRxTransfer
                0x08005c8e       0x5c CMakeFiles/MC_Proj.elf.dir/Drivers/STM32F4xx_HAL_Driver/Src/stm32f4xx_hal_uart.c.obj
 .text.UART_Transmit_IT
                0x08005cea       0x60 CMakeFiles/MC_Proj.elf.dir/Drivers/STM32F4xx_HAL_Driver/Src/stm32f4xx_hal_uart.c.obj
 *fill*         0x08005d4a        0x2 
 .text.UART_SetConfig
                0x08005d4c      0x110 CMakeFiles/MC_Proj.elf.dir/Drivers/STM32F4xx_HAL_Driver/Src/stm32f4xx_hal_uart.c.obj
 .text.UART_WaitOnFlagUntilTimeout
                0x08005e5c       0x8a CMakeFiles/MC_Proj.elf.dir/Drivers/STM32F4xx_HAL_Driver/Src/stm32f4xx_hal_uart.c.obj
 .text.HAL_UART_Init
                0x08005ee6       0x60 CMakeFiles/MC_Proj.elf.dir/Drivers/STM32F4xx_HAL_Driver/Src/stm32f4xx_hal_uart.c.obj
                0x08005ee6                HAL_UART_Init
 .text.HAL_UART_Transmit
                0x08005f46       0xcc CMakeFiles/MC_Proj.elf.dir/Drivers/STM32F4xx_HAL_Driver/Src/stm32f4xx_hal_uart.c.obj
                0x08005f46                HAL_UART_Transmit
 .text.HAL_UART_Receive
                0x08006012       0xd2 CMakeFiles/MC_Proj.elf.dir/Drivers/STM32F4xx_HAL_Driver/Src/stm32f4xx_hal_uart.c.obj
                0x08006012                HAL_UART_Receive
 .text.HAL_UART_DMAStop
                0x080060e4       0x84 CMakeFiles/MC_Proj.elf.dir/Drivers/STM32F4xx_HAL_Driver/Src/stm32f4xx_hal_uart.c.obj
                0x080060e4                HAL_UART_DMAStop
 .text.HAL_UART_TxCpltCallback
                0x08006168        0x2 CMakeFiles/MC_Proj.elf.dir/Drivers/STM32F4xx_HAL_Driver/Src/stm32f4xx_hal_uart.c.obj
                0x08006168                HAL_UART_TxCpltCallback
 .text.UART_EndTransmit_IT
                0x0800616a       0x1a CMakeFiles/MC_Proj.elf.dir/Drivers/STM32F4xx_HAL_Driver/Src/stm32f4xx_hal_uart.c.obj
 .text.HAL_UART_RxHalfCpltCallback
                0x08006184        0x2 CMakeFiles/MC_Proj.elf.dir/Drivers/STM32F4xx_HAL_Driver/Src/stm32f4xx_hal_uart.c.obj
                0x08006184                HAL_UART_RxHalfCpltCallback
 .text.HAL_UART_ErrorCallback
                0x08006186        0x2 CMakeFiles/MC_Proj.elf.dir/Drivers/STM32F4xx_HAL_Driver/Src/stm32f4xx_hal_uart.c.obj
                0x08006186                HAL_UART_ErrorCallback
 .text.UART_DMAError
                0x08006188       0x58 CMakeFiles/MC_Proj.elf.dir/Drivers/STM32F4xx_HAL_Driver/Src/stm32f4xx_hal_uart.c.obj
 .text.UART_DMAAbortOnError
                0x080061e0       0x10 CMakeFiles/MC_Proj.elf.dir/Drivers/STM32F4xx_HAL_Driver/Src/stm32f4xx_hal_uart.c.obj
 .text.HAL_UARTEx_RxEventCallback
                0x080061f0        0x2 CMakeFiles/MC_Proj.elf.dir/Drivers/STM32F4xx_HAL_Driver/Src/stm32f4xx_hal_uart.c.obj
                0x080061f0                HAL_UARTEx_RxEventCallback
 .text.UART_Receive_IT
                0x080061f2       0xe6 CMakeFiles/MC_Proj.elf.dir/Drivers/STM32F4xx_HAL_Driver/Src/stm32f4xx_hal_uart.c.obj
 .text.HAL_UART_IRQHandler
                0x080062d8      0x288 CMakeFiles/MC_Proj.elf.dir/Drivers/STM32F4xx_HAL_Driver/Src/stm32f4xx_hal_uart.c.obj
                0x080062d8                HAL_UART_IRQHandler
 .text.UART_DMARxHalfCplt
                0x08006560       0x1e CMakeFiles/MC_Proj.elf.dir/Drivers/STM32F4xx_HAL_Driver/Src/stm32f4xx_hal_uart.c.obj
 .text.UART_DMAReceiveCplt
                0x0800657e       0x9a CMakeFiles/MC_Proj.elf.dir/Drivers/STM32F4xx_HAL_Driver/Src/stm32f4xx_hal_uart.c.obj
 .text.UART_Start_Receive_IT
                0x08006618       0x36 CMakeFiles/MC_Proj.elf.dir/Drivers/STM32F4xx_HAL_Driver/Src/stm32f4xx_hal_uart.c.obj
                0x08006618                UART_Start_Receive_IT
 .text.HAL_UART_Receive_IT
                0x0800664e       0x26 CMakeFiles/MC_Proj.elf.dir/Drivers/STM32F4xx_HAL_Driver/Src/stm32f4xx_hal_uart.c.obj
                0x0800664e                HAL_UART_Receive_IT
 .text.UART_Start_Receive_DMA
                0x08006674       0xa4 CMakeFiles/MC_Proj.elf.dir/Drivers/STM32F4xx_HAL_Driver/Src/stm32f4xx_hal_uart.c.obj
                0x08006674                UART_Start_Receive_DMA
 .text.HAL_UART_Receive_DMA
                0x08006718       0x26 CMakeFiles/MC_Proj.elf.dir/Drivers/STM32F4xx_HAL_Driver/Src/stm32f4xx_hal_uart.c.obj
                0x08006718                HAL_UART_Receive_DMA
 .text.SysTick_Handler
                0x0800673e       0x18 CMakeFiles/MC_Proj.elf.dir/Middlewares/Third_Party/FreeRTOS/Source/CMSIS_RTOS_V2/cmsis_os2.c.obj
                0x0800673e                SysTick_Handler
 *fill*         0x08006756        0x2 
 .text.osKernelInitialize
                0x08006758       0x24 CMakeFiles/MC_Proj.elf.dir/Middlewares/Third_Party/FreeRTOS/Source/CMSIS_RTOS_V2/cmsis_os2.c.obj
                0x08006758                osKernelInitialize
 .text.osKernelStart
                0x0800677c       0x38 CMakeFiles/MC_Proj.elf.dir/Middlewares/Third_Party/FreeRTOS/Source/CMSIS_RTOS_V2/cmsis_os2.c.obj
                0x0800677c                osKernelStart
 .text.osThreadNew
                0x080067b4       0xbe CMakeFiles/MC_Proj.elf.dir/Middlewares/Third_Party/FreeRTOS/Source/CMSIS_RTOS_V2/cmsis_os2.c.obj
                0x080067b4                osThreadNew
 .text.osDelay  0x08006872       0x1c CMakeFiles/MC_Proj.elf.dir/Middlewares/Third_Party/FreeRTOS/Source/CMSIS_RTOS_V2/cmsis_os2.c.obj
                0x08006872                osDelay
 *fill*         0x0800688e        0x2 
 .text.vApplicationGetIdleTaskMemory
                0x08006890       0x18 CMakeFiles/MC_Proj.elf.dir/Middlewares/Third_Party/FreeRTOS/Source/CMSIS_RTOS_V2/cmsis_os2.c.obj
                0x08006890                vApplicationGetIdleTaskMemory
 .text.vApplicationGetTimerTaskMemory
                0x080068a8       0x18 CMakeFiles/MC_Proj.elf.dir/Middlewares/Third_Party/FreeRTOS/Source/CMSIS_RTOS_V2/cmsis_os2.c.obj
                0x080068a8                vApplicationGetTimerTaskMemory
 .text.vListInitialise
                0x080068c0       0x16 CMakeFiles/MC_Proj.elf.dir/Middlewares/Third_Party/FreeRTOS/Source/list.c.obj
                0x080068c0                vListInitialise
 .text.vListInitialiseItem
                0x080068d6        0x6 CMakeFiles/MC_Proj.elf.dir/Middlewares/Third_Party/FreeRTOS/Source/list.c.obj
                0x080068d6                vListInitialiseItem
 .text.vListInsertEnd
                0x080068dc       0x16 CMakeFiles/MC_Proj.elf.dir/Middlewares/Third_Party/FreeRTOS/Source/list.c.obj
                0x080068dc                vListInsertEnd
 .text.vListInsert
                0x080068f2       0x32 CMakeFiles/MC_Proj.elf.dir/Middlewares/Third_Party/FreeRTOS/Source/list.c.obj
                0x080068f2                vListInsert
 .text.uxListRemove
                0x08006924       0x26 CMakeFiles/MC_Proj.elf.dir/Middlewares/Third_Party/FreeRTOS/Source/list.c.obj
                0x08006924                uxListRemove
 *fill*         0x0800694a        0x2 
 .text.prvTaskExitError
                0x0800694c       0x40 CMakeFiles/MC_Proj.elf.dir/Middlewares/Third_Party/FreeRTOS/Source/portable/GCC/ARM_CM4F/port.c.obj
 .text.prvPortStartFirstTask
                0x0800698c       0x28 CMakeFiles/MC_Proj.elf.dir/Middlewares/Third_Party/FreeRTOS/Source/portable/GCC/ARM_CM4F/port.c.obj
 .text.vPortEnableVFP
                0x080069b4       0x14 CMakeFiles/MC_Proj.elf.dir/Middlewares/Third_Party/FreeRTOS/Source/portable/GCC/ARM_CM4F/port.c.obj
 .text.pxPortInitialiseStack
                0x080069c8       0x2c CMakeFiles/MC_Proj.elf.dir/Middlewares/Third_Party/FreeRTOS/Source/portable/GCC/ARM_CM4F/port.c.obj
                0x080069c8                pxPortInitialiseStack
 *fill*         0x080069f4        0xc 
 .text.SVC_Handler
                0x08006a00       0x24 CMakeFiles/MC_Proj.elf.dir/Middlewares/Third_Party/FreeRTOS/Source/portable/GCC/ARM_CM4F/port.c.obj
                0x08006a00                SVC_Handler
 .text.vPortEnterCritical
                0x08006a24       0x44 CMakeFiles/MC_Proj.elf.dir/Middlewares/Third_Party/FreeRTOS/Source/portable/GCC/ARM_CM4F/port.c.obj
                0x08006a24                vPortEnterCritical
 .text.vPortExitCritical
                0x08006a68       0x2c CMakeFiles/MC_Proj.elf.dir/Middlewares/Third_Party/FreeRTOS/Source/portable/GCC/ARM_CM4F/port.c.obj
                0x08006a68                vPortExitCritical
 *fill*         0x08006a94        0xc 
 .text.PendSV_Handler
                0x08006aa0       0x64 CMakeFiles/MC_Proj.elf.dir/Middlewares/Third_Party/FreeRTOS/Source/portable/GCC/ARM_CM4F/port.c.obj
                0x08006aa0                PendSV_Handler
 .text.xPortSysTickHandler
                0x08006b04       0x2c CMakeFiles/MC_Proj.elf.dir/Middlewares/Third_Party/FreeRTOS/Source/portable/GCC/ARM_CM4F/port.c.obj
                0x08006b04                xPortSysTickHandler
 .text.vPortSetupTimerInterrupt
                0x08006b30       0x28 CMakeFiles/MC_Proj.elf.dir/Middlewares/Third_Party/FreeRTOS/Source/portable/GCC/ARM_CM4F/port.c.obj
                0x08006b30                vPortSetupTimerInterrupt
 .text.xPortStartScheduler
                0x08006b58      0x118 CMakeFiles/MC_Proj.elf.dir/Middlewares/Third_Party/FreeRTOS/Source/portable/GCC/ARM_CM4F/port.c.obj
                0x08006b58                xPortStartScheduler
 .text.vPortValidateInterruptPriority
                0x08006c70       0x5c CMakeFiles/MC_Proj.elf.dir/Middlewares/Third_Party/FreeRTOS/Source/portable/GCC/ARM_CM4F/port.c.obj
                0x08006c70                vPortValidateInterruptPriority
 .text.prvHeapInit
                0x08006ccc       0x64 CMakeFiles/MC_Proj.elf.dir/Middlewares/Third_Party/FreeRTOS/Source/portable/MemMang/heap_4.c.obj
 .text.prvInsertBlockIntoFreeList
                0x08006d30       0x64 CMakeFiles/MC_Proj.elf.dir/Middlewares/Third_Party/FreeRTOS/Source/portable/MemMang/heap_4.c.obj
 .text.pvPortMalloc
                0x08006d94       0xfc CMakeFiles/MC_Proj.elf.dir/Middlewares/Third_Party/FreeRTOS/Source/portable/MemMang/heap_4.c.obj
                0x08006d94                pvPortMalloc
 .text.vPortFree
                0x08006e90       0x7c CMakeFiles/MC_Proj.elf.dir/Middlewares/Third_Party/FreeRTOS/Source/portable/MemMang/heap_4.c.obj
                0x08006e90                vPortFree
 .text.prvIsQueueFull
                0x08006f0c       0x1e CMakeFiles/MC_Proj.elf.dir/Middlewares/Third_Party/FreeRTOS/Source/queue.c.obj
 .text.prvIsQueueEmpty
                0x08006f2a       0x1a CMakeFiles/MC_Proj.elf.dir/Middlewares/Third_Party/FreeRTOS/Source/queue.c.obj
 .text.prvCopyDataToQueue
                0x08006f44       0x76 CMakeFiles/MC_Proj.elf.dir/Middlewares/Third_Party/FreeRTOS/Source/queue.c.obj
 .text.prvCopyDataFromQueue
                0x08006fba       0x24 CMakeFiles/MC_Proj.elf.dir/Middlewares/Third_Party/FreeRTOS/Source/queue.c.obj
 .text.prvUnlockQueue
                0x08006fde       0x6e CMakeFiles/MC_Proj.elf.dir/Middlewares/Third_Party/FreeRTOS/Source/queue.c.obj
 .text.xQueueGenericReset
                0x0800704c       0x84 CMakeFiles/MC_Proj.elf.dir/Middlewares/Third_Party/FreeRTOS/Source/queue.c.obj
                0x0800704c                xQueueGenericReset
 .text.prvInitialiseNewQueue
                0x080070d0       0x22 CMakeFiles/MC_Proj.elf.dir/Middlewares/Third_Party/FreeRTOS/Source/queue.c.obj
 .text.xQueueGenericCreateStatic
                0x080070f2       0x94 CMakeFiles/MC_Proj.elf.dir/Middlewares/Third_Party/FreeRTOS/Source/queue.c.obj
                0x080070f2                xQueueGenericCreateStatic
 .text.xQueueGenericSend
                0x08007186      0x188 CMakeFiles/MC_Proj.elf.dir/Middlewares/Third_Party/FreeRTOS/Source/queue.c.obj
                0x08007186                xQueueGenericSend
 .text.xQueueGenericSendFromISR
                0x0800730e       0xce CMakeFiles/MC_Proj.elf.dir/Middlewares/Third_Party/FreeRTOS/Source/queue.c.obj
                0x0800730e                xQueueGenericSendFromISR
 .text.xQueueReceive
                0x080073dc      0x15e CMakeFiles/MC_Proj.elf.dir/Middlewares/Third_Party/FreeRTOS/Source/queue.c.obj
                0x080073dc                xQueueReceive
 *fill*         0x0800753a        0x2 
 .text.vQueueAddToRegistry
                0x0800753c       0x28 CMakeFiles/MC_Proj.elf.dir/Middlewares/Third_Party/FreeRTOS/Source/queue.c.obj
                0x0800753c                vQueueAddToRegistry
 .text.vQueueWaitForMessageRestricted
                0x08007564       0x52 CMakeFiles/MC_Proj.elf.dir/Middlewares/Third_Party/FreeRTOS/Source/queue.c.obj
                0x08007564                vQueueWaitForMessageRestricted
 *fill*         0x080075b6        0x2 
 .text.prvResetNextTaskUnblockTime
                0x080075b8       0x2c CMakeFiles/MC_Proj.elf.dir/Middlewares/Third_Party/FreeRTOS/Source/tasks.c.obj
 .text.prvInitialiseNewTask
                0x080075e4      0x106 CMakeFiles/MC_Proj.elf.dir/Middlewares/Third_Party/FreeRTOS/Source/tasks.c.obj
 *fill*         0x080076ea        0x2 
 .text.prvInitialiseTaskLists
                0x080076ec       0x68 CMakeFiles/MC_Proj.elf.dir/Middlewares/Third_Party/FreeRTOS/Source/tasks.c.obj
 .text.prvAddNewTaskToReadyList
                0x08007754       0xac CMakeFiles/MC_Proj.elf.dir/Middlewares/Third_Party/FreeRTOS/Source/tasks.c.obj
 .text.prvDeleteTCB
                0x08007800       0x40 CMakeFiles/MC_Proj.elf.dir/Middlewares/Third_Party/FreeRTOS/Source/tasks.c.obj
 .text.prvCheckTasksWaitingTermination
                0x08007840       0x4c CMakeFiles/MC_Proj.elf.dir/Middlewares/Third_Party/FreeRTOS/Source/tasks.c.obj
 .text.prvIdleTask
                0x0800788c       0x28 CMakeFiles/MC_Proj.elf.dir/Middlewares/Third_Party/FreeRTOS/Source/tasks.c.obj
 .text.prvAddCurrentTaskToDelayedList
                0x080078b4       0x7c CMakeFiles/MC_Proj.elf.dir/Middlewares/Third_Party/FreeRTOS/Source/tasks.c.obj
 .text.xTaskCreateStatic
                0x08007930       0x7a CMakeFiles/MC_Proj.elf.dir/Middlewares/Third_Party/FreeRTOS/Source/tasks.c.obj
                0x08007930                xTaskCreateStatic
 .text.xTaskCreate
                0x080079aa       0x6a CMakeFiles/MC_Proj.elf.dir/Middlewares/Third_Party/FreeRTOS/Source/tasks.c.obj
                0x080079aa                xTaskCreate
 .text.vTaskStartScheduler
                0x08007a14       0xac CMakeFiles/MC_Proj.elf.dir/Middlewares/Third_Party/FreeRTOS/Source/tasks.c.obj
                0x08007a14                vTaskStartScheduler
 .text.vTaskSuspendAll
                0x08007ac0       0x10 CMakeFiles/MC_Proj.elf.dir/Middlewares/Third_Party/FreeRTOS/Source/tasks.c.obj
                0x08007ac0                vTaskSuspendAll
 .text.xTaskGetTickCount
                0x08007ad0        0xc CMakeFiles/MC_Proj.elf.dir/Middlewares/Third_Party/FreeRTOS/Source/tasks.c.obj
                0x08007ad0                xTaskGetTickCount
 .text.xTaskIncrementTick
                0x08007adc      0x118 CMakeFiles/MC_Proj.elf.dir/Middlewares/Third_Party/FreeRTOS/Source/tasks.c.obj
                0x08007adc                xTaskIncrementTick
 .text.xTaskResumeAll
                0x08007bf4       0xf8 CMakeFiles/MC_Proj.elf.dir/Middlewares/Third_Party/FreeRTOS/Source/tasks.c.obj
                0x08007bf4                xTaskResumeAll
 .text.vTaskDelayUntil
                0x08007cec       0xa4 CMakeFiles/MC_Proj.elf.dir/Middlewares/Third_Party/FreeRTOS/Source/tasks.c.obj
                0x08007cec                vTaskDelayUntil
 .text.vTaskDelay
                0x08007d90       0x4c CMakeFiles/MC_Proj.elf.dir/Middlewares/Third_Party/FreeRTOS/Source/tasks.c.obj
                0x08007d90                vTaskDelay
 .text.vTaskSwitchContext
                0x08007ddc       0xa0 CMakeFiles/MC_Proj.elf.dir/Middlewares/Third_Party/FreeRTOS/Source/tasks.c.obj
                0x08007ddc                vTaskSwitchContext
 .text.vTaskPlaceOnEventList
                0x08007e7c       0x30 CMakeFiles/MC_Proj.elf.dir/Middlewares/Third_Party/FreeRTOS/Source/tasks.c.obj
                0x08007e7c                vTaskPlaceOnEventList
 .text.vTaskPlaceOnEventListRestricted
                0x08007eac       0x38 CMakeFiles/MC_Proj.elf.dir/Middlewares/Third_Party/FreeRTOS/Source/tasks.c.obj
                0x08007eac                vTaskPlaceOnEventListRestricted
 .text.xTaskRemoveFromEventList
                0x08007ee4       0x8c CMakeFiles/MC_Proj.elf.dir/Middlewares/Third_Party/FreeRTOS/Source/tasks.c.obj
                0x08007ee4                xTaskRemoveFromEventList
 .text.vTaskInternalSetTimeOutState
                0x08007f70       0x18 CMakeFiles/MC_Proj.elf.dir/Middlewares/Third_Party/FreeRTOS/Source/tasks.c.obj
                0x08007f70                vTaskInternalSetTimeOutState
 .text.xTaskCheckForTimeOut
                0x08007f88       0x84 CMakeFiles/MC_Proj.elf.dir/Middlewares/Third_Party/FreeRTOS/Source/tasks.c.obj
                0x08007f88                xTaskCheckForTimeOut
 .text.vTaskMissedYield
                0x0800800c        0xc CMakeFiles/MC_Proj.elf.dir/Middlewares/Third_Party/FreeRTOS/Source/tasks.c.obj
                0x0800800c                vTaskMissedYield
 .text.xTaskGetSchedulerState
                0x08008018       0x20 CMakeFiles/MC_Proj.elf.dir/Middlewares/Third_Party/FreeRTOS/Source/tasks.c.obj
                0x08008018                xTaskGetSchedulerState
 .text.xTaskPriorityDisinherit
                0x08008038       0x90 CMakeFiles/MC_Proj.elf.dir/Middlewares/Third_Party/FreeRTOS/Source/tasks.c.obj
                0x08008038                xTaskPriorityDisinherit
 .text.prvGetNextExpireTime
                0x080080c8       0x20 CMakeFiles/MC_Proj.elf.dir/Middlewares/Third_Party/FreeRTOS/Source/timers.c.obj
 .text.prvInsertTimerInActiveList
                0x080080e8       0x48 CMakeFiles/MC_Proj.elf.dir/Middlewares/Third_Party/FreeRTOS/Source/timers.c.obj
 .text.prvCheckForValidListAndQueue
                0x08008130       0x70 CMakeFiles/MC_Proj.elf.dir/Middlewares/Third_Party/FreeRTOS/Source/timers.c.obj
 .text.xTimerCreateTimerTask
                0x080081a0       0x64 CMakeFiles/MC_Proj.elf.dir/Middlewares/Third_Party/FreeRTOS/Source/timers.c.obj
                0x080081a0                xTimerCreateTimerTask
 .text.xTimerGenericCommand
                0x08008204       0x6c CMakeFiles/MC_Proj.elf.dir/Middlewares/Third_Party/FreeRTOS/Source/timers.c.obj
                0x08008204                xTimerGenericCommand
 .text.prvSwitchTimerLists
                0x08008270       0x7c CMakeFiles/MC_Proj.elf.dir/Middlewares/Third_Party/FreeRTOS/Source/timers.c.obj
 .text.prvSampleTimeNow
                0x080082ec       0x2c CMakeFiles/MC_Proj.elf.dir/Middlewares/Third_Party/FreeRTOS/Source/timers.c.obj
 .text.prvProcessExpiredTimer
                0x08008318       0x6c CMakeFiles/MC_Proj.elf.dir/Middlewares/Third_Party/FreeRTOS/Source/timers.c.obj
 .text.prvProcessTimerOrBlockTask
                0x08008384       0x74 CMakeFiles/MC_Proj.elf.dir/Middlewares/Third_Party/FreeRTOS/Source/timers.c.obj
 .text.prvProcessReceivedCommands
                0x080083f8      0x10c CMakeFiles/MC_Proj.elf.dir/Middlewares/Third_Party/FreeRTOS/Source/timers.c.obj
 .text.prvTimerTask
                0x08008504       0x16 CMakeFiles/MC_Proj.elf.dir/Middlewares/Third_Party/FreeRTOS/Source/timers.c.obj
 *fill*         0x0800851a        0x2 
 .text.HAL_UART_RxCpltCallback
                0x0800851c      0x128 CMakeFiles/MC_Proj.elf.dir/User/IRQ.c.obj
                0x0800851c                HAL_UART_RxCpltCallback
 .text.Set_Target_UartInit
                0x08008644       0x20 CMakeFiles/MC_Proj.elf.dir/User/IRQ.c.obj
                0x08008644                Set_Target_UartInit
 .text.DMA_UartIdleCallback
                0x08008664       0xd4 CMakeFiles/MC_Proj.elf.dir/User/IRQ.c.obj
                0x08008664                DMA_UartIdleCallback
 .text.DMA_UartIrqHandler
                0x08008738       0x34 CMakeFiles/MC_Proj.elf.dir/User/IRQ.c.obj
                0x08008738                DMA_UartIrqHandler
 .text.HAL_TIM_PeriodElapsedCallback
                0x0800876c      0x380 CMakeFiles/MC_Proj.elf.dir/User/IRQ.c.obj
                0x0800876c                HAL_TIM_PeriodElapsedCallback
 .text.my_init  0x08008aec       0xdc CMakeFiles/MC_Proj.elf.dir/User/Init.c.obj
                0x08008aec                my_init
 .text.__errno  0x08008bc8        0xc c:/progra~2/gnuarm~1/102021~1.10/bin/../lib/gcc/arm-none-eabi/10.3.1/../../../../arm-none-eabi/lib/thumb/v7e-m+fp/hard\libg.a(lib_a-errno.o)
                0x08008bc8                __errno
 .text.__libc_init_array
                0x08008bd4       0x48 c:/progra~2/gnuarm~1/102021~1.10/bin/../lib/gcc/arm-none-eabi/10.3.1/../../../../arm-none-eabi/lib/thumb/v7e-m+fp/hard\libg.a(lib_a-init.o)
                0x08008bd4                __libc_init_array
 .text.memset   0x08008c1c       0xa4 c:/progra~2/gnuarm~1/102021~1.10/bin/../lib/gcc/arm-none-eabi/10.3.1/../../../../arm-none-eabi/lib/thumb/v7e-m+fp/hard\libg.a(lib_a-memset.o)
                0x08008c1c                memset
 .text.printf   0x08008cc0       0x28 c:/progra~2/gnuarm~1/102021~1.10/bin/../lib/gcc/arm-none-eabi/10.3.1/../../../../arm-none-eabi/lib/thumb/v7e-m+fp/hard\libg.a(lib_a-printf.o)
                0x08008cc0                printf
 .text._puts_r  0x08008ce8       0x9c c:/progra~2/gnuarm~1/102021~1.10/bin/../lib/gcc/arm-none-eabi/10.3.1/../../../../arm-none-eabi/lib/thumb/v7e-m+fp/hard\libg.a(lib_a-puts.o)
                0x08008ce8                _puts_r
 .text.puts     0x08008d84       0x10 c:/progra~2/gnuarm~1/102021~1.10/bin/../lib/gcc/arm-none-eabi/10.3.1/../../../../arm-none-eabi/lib/thumb/v7e-m+fp/hard\libg.a(lib_a-puts.o)
                0x08008d84                puts
 .text.cleanup_glue
                0x08008d94       0x48 c:/progra~2/gnuarm~1/102021~1.10/bin/../lib/gcc/arm-none-eabi/10.3.1/../../../../arm-none-eabi/lib/thumb/v7e-m+fp/hard\libg.a(lib_a-reent.o)
                0x08008d94                cleanup_glue
 .text._reclaim_reent
                0x08008ddc       0x90 c:/progra~2/gnuarm~1/102021~1.10/bin/../lib/gcc/arm-none-eabi/10.3.1/../../../../arm-none-eabi/lib/thumb/v7e-m+fp/hard\libg.a(lib_a-reent.o)
                0x08008ddc                _reclaim_reent
 .text.setvbuf  0x08008e6c      0x1b0 c:/progra~2/gnuarm~1/102021~1.10/bin/../lib/gcc/arm-none-eabi/10.3.1/../../../../arm-none-eabi/lib/thumb/v7e-m+fp/hard\libg.a(lib_a-setvbuf.o)
                0x08008e6c                setvbuf
 .text.sprintf  0x0800901c       0x40 c:/progra~2/gnuarm~1/102021~1.10/bin/../lib/gcc/arm-none-eabi/10.3.1/../../../../arm-none-eabi/lib/thumb/v7e-m+fp/hard\libg.a(lib_a-sprintf.o)
                0x0800901c                sprintf
 .text.sscanf   0x0800905c       0x58 c:/progra~2/gnuarm~1/102021~1.10/bin/../lib/gcc/arm-none-eabi/10.3.1/../../../../arm-none-eabi/lib/thumb/v7e-m+fp/hard\libg.a(lib_a-sscanf.o)
                0x0800905c                sscanf
 .text.__sread  0x080090b4       0x24 c:/progra~2/gnuarm~1/102021~1.10/bin/../lib/gcc/arm-none-eabi/10.3.1/../../../../arm-none-eabi/lib/thumb/v7e-m+fp/hard\libg.a(lib_a-stdio.o)
                0x080090b4                __sread
 .text.__seofread
                0x080090d8        0x4 c:/progra~2/gnuarm~1/102021~1.10/bin/../lib/gcc/arm-none-eabi/10.3.1/../../../../arm-none-eabi/lib/thumb/v7e-m+fp/hard\libg.a(lib_a-stdio.o)
                0x080090d8                __seofread
 .text.__swrite
                0x080090dc       0x40 c:/progra~2/gnuarm~1/102021~1.10/bin/../lib/gcc/arm-none-eabi/10.3.1/../../../../arm-none-eabi/lib/thumb/v7e-m+fp/hard\libg.a(lib_a-stdio.o)
                0x080090dc                __swrite
 .text.__sseek  0x0800911c       0x20 c:/progra~2/gnuarm~1/102021~1.10/bin/../lib/gcc/arm-none-eabi/10.3.1/../../../../arm-none-eabi/lib/thumb/v7e-m+fp/hard\libg.a(lib_a-stdio.o)
                0x0800911c                __sseek
 .text.__sclose
                0x0800913c        0x8 c:/progra~2/gnuarm~1/102021~1.10/bin/../lib/gcc/arm-none-eabi/10.3.1/../../../../arm-none-eabi/lib/thumb/v7e-m+fp/hard\libg.a(lib_a-stdio.o)
                0x0800913c                __sclose
 *fill*         0x08009144        0x4 
 .text._strtod_l
                0x08009148      0xf50 c:/progra~2/gnuarm~1/102021~1.10/bin/../lib/gcc/arm-none-eabi/10.3.1/../../../../arm-none-eabi/lib/thumb/v7e-m+fp/hard\libg.a(lib_a-strtod.o)
                0x08009148                _strtod_l
 .text._strtod_r
                0x0800a098        0xc c:/progra~2/gnuarm~1/102021~1.10/bin/../lib/gcc/arm-none-eabi/10.3.1/../../../../arm-none-eabi/lib/thumb/v7e-m+fp/hard\libg.a(lib_a-strtod.o)
                0x0800a098                _strtod_r
 .text.strtof   0x0800a0a4       0xb8 c:/progra~2/gnuarm~1/102021~1.10/bin/../lib/gcc/arm-none-eabi/10.3.1/../../../../arm-none-eabi/lib/thumb/v7e-m+fp/hard\libg.a(lib_a-strtod.o)
                0x0800a0a4                strtof
 *fill*         0x0800a15c        0x4 
 .text._svfprintf_r
                0x0800a160     0x1acc c:/progra~2/gnuarm~1/102021~1.10/bin/../lib/gcc/arm-none-eabi/10.3.1/../../../../arm-none-eabi/lib/thumb/v7e-m+fp/hard\libg.a(lib_a-svfprintf.o)
                0x0800a160                _svfprintf_r
 .text.__ssvfscanf_r
                0x0800bc2c     0x1754 c:/progra~2/gnuarm~1/102021~1.10/bin/../lib/gcc/arm-none-eabi/10.3.1/../../../../arm-none-eabi/lib/thumb/v7e-m+fp/hard\libg.a(lib_a-svfscanf.o)
                0x0800bc2c                __ssvfscanf_r
 .text._vfprintf_r
                0x0800d380     0x1b90 c:/progra~2/gnuarm~1/102021~1.10/bin/../lib/gcc/arm-none-eabi/10.3.1/../../../../arm-none-eabi/lib/thumb/v7e-m+fp/hard\libg.a(lib_a-vfprintf.o)
                0x0800d380                _vfprintf_r
 .text.__sbprintf
                0x0800ef10       0x80 c:/progra~2/gnuarm~1/102021~1.10/bin/../lib/gcc/arm-none-eabi/10.3.1/../../../../arm-none-eabi/lib/thumb/v7e-m+fp/hard\libg.a(lib_a-vfprintf.o)
 .text._write_r
                0x0800ef90       0x2c c:/progra~2/gnuarm~1/102021~1.10/bin/../lib/gcc/arm-none-eabi/10.3.1/../../../../arm-none-eabi/lib/thumb/v7e-m+fp/hard\libg.a(lib_a-writer.o)
                0x0800ef90                _write_r
 .text.__swsetup_r
                0x0800efbc       0xd4 c:/progra~2/gnuarm~1/102021~1.10/bin/../lib/gcc/arm-none-eabi/10.3.1/../../../../arm-none-eabi/lib/thumb/v7e-m+fp/hard\libg.a(lib_a-wsetup.o)
                0x0800efbc                __swsetup_r
 .text._close_r
                0x0800f090       0x24 c:/progra~2/gnuarm~1/102021~1.10/bin/../lib/gcc/arm-none-eabi/10.3.1/../../../../arm-none-eabi/lib/thumb/v7e-m+fp/hard\libg.a(lib_a-closer.o)
                0x0800f090                _close_r
 .text.quorem   0x0800f0b4      0x128 c:/progra~2/gnuarm~1/102021~1.10/bin/../lib/gcc/arm-none-eabi/10.3.1/../../../../arm-none-eabi/lib/thumb/v7e-m+fp/hard\libg.a(lib_a-dtoa.o)
 *fill*         0x0800f1dc        0x4 
 .text._dtoa_r  0x0800f1e0      0xf3c c:/progra~2/gnuarm~1/102021~1.10/bin/../lib/gcc/arm-none-eabi/10.3.1/../../../../arm-none-eabi/lib/thumb/v7e-m+fp/hard\libg.a(lib_a-dtoa.o)
                0x0800f1e0                _dtoa_r
 .text.__sflush_r
                0x0801011c      0x130 c:/progra~2/gnuarm~1/102021~1.10/bin/../lib/gcc/arm-none-eabi/10.3.1/../../../../arm-none-eabi/lib/thumb/v7e-m+fp/hard\libg.a(lib_a-fflush.o)
                0x0801011c                __sflush_r
 .text._fflush_r
                0x0801024c       0x5c c:/progra~2/gnuarm~1/102021~1.10/bin/../lib/gcc/arm-none-eabi/10.3.1/../../../../arm-none-eabi/lib/thumb/v7e-m+fp/hard\libg.a(lib_a-fflush.o)
                0x0801024c                _fflush_r
 .text._cleanup_r
                0x080102a8        0xc c:/progra~2/gnuarm~1/102021~1.10/bin/../lib/gcc/arm-none-eabi/10.3.1/../../../../arm-none-eabi/lib/thumb/v7e-m+fp/hard\libg.a(lib_a-findfp.o)
                0x080102a8                _cleanup_r
 .text.__sinit  0x080102b4      0x10c c:/progra~2/gnuarm~1/102021~1.10/bin/../lib/gcc/arm-none-eabi/10.3.1/../../../../arm-none-eabi/lib/thumb/v7e-m+fp/hard\libg.a(lib_a-findfp.o)
                0x080102b4                __sinit
 .text.__sfp_lock_acquire
                0x080103c0        0xc c:/progra~2/gnuarm~1/102021~1.10/bin/../lib/gcc/arm-none-eabi/10.3.1/../../../../arm-none-eabi/lib/thumb/v7e-m+fp/hard\libg.a(lib_a-findfp.o)
                0x080103c0                __sfp_lock_acquire
 .text.__sfp_lock_release
                0x080103cc        0xc c:/progra~2/gnuarm~1/102021~1.10/bin/../lib/gcc/arm-none-eabi/10.3.1/../../../../arm-none-eabi/lib/thumb/v7e-m+fp/hard\libg.a(lib_a-findfp.o)
                0x080103cc                __sfp_lock_release
 .text._malloc_trim_r
                0x080103d8       0xa0 c:/progra~2/gnuarm~1/102021~1.10/bin/../lib/gcc/arm-none-eabi/10.3.1/../../../../arm-none-eabi/lib/thumb/v7e-m+fp/hard\libg.a(lib_a-freer.o)
                0x080103d8                _malloc_trim_r
 .text._free_r  0x08010478      0x20c c:/progra~2/gnuarm~1/102021~1.10/bin/../lib/gcc/arm-none-eabi/10.3.1/../../../../arm-none-eabi/lib/thumb/v7e-m+fp/hard\libg.a(lib_a-freer.o)
                0x08010478                _free_r
 .text.__sfvwrite_r
                0x08010684      0x2f0 c:/progra~2/gnuarm~1/102021~1.10/bin/../lib/gcc/arm-none-eabi/10.3.1/../../../../arm-none-eabi/lib/thumb/v7e-m+fp/hard\libg.a(lib_a-fvwrite.o)
                0x08010684                __sfvwrite_r
 .text._fwalk_reent
                0x08010974       0x48 c:/progra~2/gnuarm~1/102021~1.10/bin/../lib/gcc/arm-none-eabi/10.3.1/../../../../arm-none-eabi/lib/thumb/v7e-m+fp/hard\libg.a(lib_a-fwalk.o)
                0x08010974                _fwalk_reent
 .text.rshift   0x080109bc       0xa4 c:/progra~2/gnuarm~1/102021~1.10/bin/../lib/gcc/arm-none-eabi/10.3.1/../../../../arm-none-eabi/lib/thumb/v7e-m+fp/hard\libg.a(lib_a-gdtoa-gethex.o)
 .text.__gethex
                0x08010a60      0x5d8 c:/progra~2/gnuarm~1/102021~1.10/bin/../lib/gcc/arm-none-eabi/10.3.1/../../../../arm-none-eabi/lib/thumb/v7e-m+fp/hard\libg.a(lib_a-gdtoa-gethex.o)
                0x08010a60                __gethex
 .text.__match  0x08011038       0x38 c:/progra~2/gnuarm~1/102021~1.10/bin/../lib/gcc/arm-none-eabi/10.3.1/../../../../arm-none-eabi/lib/thumb/v7e-m+fp/hard\libg.a(lib_a-gdtoa-hexnan.o)
                0x08011038                __match
 .text.__hexnan
                0x08011070      0x1ac c:/progra~2/gnuarm~1/102021~1.10/bin/../lib/gcc/arm-none-eabi/10.3.1/../../../../arm-none-eabi/lib/thumb/v7e-m+fp/hard\libg.a(lib_a-gdtoa-hexnan.o)
                0x08011070                __hexnan
 .text.iswspace
                0x0801121c        0x8 c:/progra~2/gnuarm~1/102021~1.10/bin/../lib/gcc/arm-none-eabi/10.3.1/../../../../arm-none-eabi/lib/thumb/v7e-m+fp/hard\libg.a(lib_a-iswspace.o)
                0x0801121c                iswspace
 .text.iswspace_l
                0x08011224       0x14 c:/progra~2/gnuarm~1/102021~1.10/bin/../lib/gcc/arm-none-eabi/10.3.1/../../../../arm-none-eabi/lib/thumb/v7e-m+fp/hard\libg.a(lib_a-iswspace_l.o)
                0x08011224                iswspace_l
 .text.__locale_mb_cur_max
                0x08011238        0xc c:/progra~2/gnuarm~1/102021~1.10/bin/../lib/gcc/arm-none-eabi/10.3.1/../../../../arm-none-eabi/lib/thumb/v7e-m+fp/hard\libg.a(lib_a-locale.o)
                0x08011238                __locale_mb_cur_max
 .text._localeconv_r
                0x08011244        0x8 c:/progra~2/gnuarm~1/102021~1.10/bin/../lib/gcc/arm-none-eabi/10.3.1/../../../../arm-none-eabi/lib/thumb/v7e-m+fp/hard\libg.a(lib_a-localeconv.o)
                0x08011244                _localeconv_r
 .text.__retarget_lock_init_recursive
                0x0801124c        0x4 c:/progra~2/gnuarm~1/102021~1.10/bin/../lib/gcc/arm-none-eabi/10.3.1/../../../../arm-none-eabi/lib/thumb/v7e-m+fp/hard\libg.a(lib_a-lock.o)
                0x0801124c                __retarget_lock_init_recursive
 .text.__retarget_lock_close_recursive
                0x08011250        0x4 c:/progra~2/gnuarm~1/102021~1.10/bin/../lib/gcc/arm-none-eabi/10.3.1/../../../../arm-none-eabi/lib/thumb/v7e-m+fp/hard\libg.a(lib_a-lock.o)
                0x08011250                __retarget_lock_close_recursive
 .text.__retarget_lock_acquire_recursive
                0x08011254        0x4 c:/progra~2/gnuarm~1/102021~1.10/bin/../lib/gcc/arm-none-eabi/10.3.1/../../../../arm-none-eabi/lib/thumb/v7e-m+fp/hard\libg.a(lib_a-lock.o)
                0x08011254                __retarget_lock_acquire_recursive
 .text.__retarget_lock_release_recursive
                0x08011258        0x4 c:/progra~2/gnuarm~1/102021~1.10/bin/../lib/gcc/arm-none-eabi/10.3.1/../../../../arm-none-eabi/lib/thumb/v7e-m+fp/hard\libg.a(lib_a-lock.o)
                0x08011258                __retarget_lock_release_recursive
 .text._lseek_r
                0x0801125c       0x2c c:/progra~2/gnuarm~1/102021~1.10/bin/../lib/gcc/arm-none-eabi/10.3.1/../../../../arm-none-eabi/lib/thumb/v7e-m+fp/hard\libg.a(lib_a-lseekr.o)
                0x0801125c                _lseek_r
 .text.__smakebuf_r
                0x08011288       0xe0 c:/progra~2/gnuarm~1/102021~1.10/bin/../lib/gcc/arm-none-eabi/10.3.1/../../../../arm-none-eabi/lib/thumb/v7e-m+fp/hard\libg.a(lib_a-makebuf.o)
                0x08011288                __smakebuf_r
 .text.__swhatbuf_r
                0x08011368       0x60 c:/progra~2/gnuarm~1/102021~1.10/bin/../lib/gcc/arm-none-eabi/10.3.1/../../../../arm-none-eabi/lib/thumb/v7e-m+fp/hard\libg.a(lib_a-makebuf.o)
                0x08011368                __swhatbuf_r
 .text.malloc   0x080113c8       0x10 c:/progra~2/gnuarm~1/102021~1.10/bin/../lib/gcc/arm-none-eabi/10.3.1/../../../../arm-none-eabi/lib/thumb/v7e-m+fp/hard\libg.a(lib_a-malloc.o)
                0x080113c8                malloc
 .text.free     0x080113d8       0x10 c:/progra~2/gnuarm~1/102021~1.10/bin/../lib/gcc/arm-none-eabi/10.3.1/../../../../arm-none-eabi/lib/thumb/v7e-m+fp/hard\libg.a(lib_a-malloc.o)
                0x080113d8                free
 .text._malloc_r
                0x080113e8      0x560 c:/progra~2/gnuarm~1/102021~1.10/bin/../lib/gcc/arm-none-eabi/10.3.1/../../../../arm-none-eabi/lib/thumb/v7e-m+fp/hard\libg.a(lib_a-mallocr.o)
                0x080113e8                _malloc_r
 .text._mbrtowc_r
                0x08011948       0x44 c:/progra~2/gnuarm~1/102021~1.10/bin/../lib/gcc/arm-none-eabi/10.3.1/../../../../arm-none-eabi/lib/thumb/v7e-m+fp/hard\libg.a(lib_a-mbrtowc.o)
                0x08011948                _mbrtowc_r
 .text.__ascii_mbtowc
                0x0801198c       0x2c c:/progra~2/gnuarm~1/102021~1.10/bin/../lib/gcc/arm-none-eabi/10.3.1/../../../../arm-none-eabi/lib/thumb/v7e-m+fp/hard\libg.a(lib_a-mbtowc_r.o)
                0x0801198c                __ascii_mbtowc
 .text.memmove  0x080119b8       0xf8 c:/progra~2/gnuarm~1/102021~1.10/bin/../lib/gcc/arm-none-eabi/10.3.1/../../../../arm-none-eabi/lib/thumb/v7e-m+fp/hard\libg.a(lib_a-memmove.o)
                0x080119b8                memmove
 .text.__malloc_lock
                0x08011ab0        0xc c:/progra~2/gnuarm~1/102021~1.10/bin/../lib/gcc/arm-none-eabi/10.3.1/../../../../arm-none-eabi/lib/thumb/v7e-m+fp/hard\libg.a(lib_a-mlock.o)
                0x08011ab0                __malloc_lock
 .text.__malloc_unlock
                0x08011abc        0xc c:/progra~2/gnuarm~1/102021~1.10/bin/../lib/gcc/arm-none-eabi/10.3.1/../../../../arm-none-eabi/lib/thumb/v7e-m+fp/hard\libg.a(lib_a-mlock.o)
                0x08011abc                __malloc_unlock
 .text._Balloc  0x08011ac8       0x4c c:/progra~2/gnuarm~1/102021~1.10/bin/../lib/gcc/arm-none-eabi/10.3.1/../../../../arm-none-eabi/lib/thumb/v7e-m+fp/hard\libg.a(lib_a-mprec.o)
                0x08011ac8                _Balloc
 .text._Bfree   0x08011b14       0x14 c:/progra~2/gnuarm~1/102021~1.10/bin/../lib/gcc/arm-none-eabi/10.3.1/../../../../arm-none-eabi/lib/thumb/v7e-m+fp/hard\libg.a(lib_a-mprec.o)
                0x08011b14                _Bfree
 .text.__multadd
                0x08011b28       0xa8 c:/progra~2/gnuarm~1/102021~1.10/bin/../lib/gcc/arm-none-eabi/10.3.1/../../../../arm-none-eabi/lib/thumb/v7e-m+fp/hard\libg.a(lib_a-mprec.o)
                0x08011b28                __multadd
 .text.__s2b    0x08011bd0       0xb4 c:/progra~2/gnuarm~1/102021~1.10/bin/../lib/gcc/arm-none-eabi/10.3.1/../../../../arm-none-eabi/lib/thumb/v7e-m+fp/hard\libg.a(lib_a-mprec.o)
                0x08011bd0                __s2b
 .text.__hi0bits
                0x08011c84       0x40 c:/progra~2/gnuarm~1/102021~1.10/bin/../lib/gcc/arm-none-eabi/10.3.1/../../../../arm-none-eabi/lib/thumb/v7e-m+fp/hard\libg.a(lib_a-mprec.o)
                0x08011c84                __hi0bits
 .text.__lo0bits
                0x08011cc4       0x60 c:/progra~2/gnuarm~1/102021~1.10/bin/../lib/gcc/arm-none-eabi/10.3.1/../../../../arm-none-eabi/lib/thumb/v7e-m+fp/hard\libg.a(lib_a-mprec.o)
                0x08011cc4                __lo0bits
 .text.__i2b    0x08011d24       0x5c c:/progra~2/gnuarm~1/102021~1.10/bin/../lib/gcc/arm-none-eabi/10.3.1/../../../../arm-none-eabi/lib/thumb/v7e-m+fp/hard\libg.a(lib_a-mprec.o)
                0x08011d24                __i2b
 .text.__multiply
                0x08011d80      0x15c c:/progra~2/gnuarm~1/102021~1.10/bin/../lib/gcc/arm-none-eabi/10.3.1/../../../../arm-none-eabi/lib/thumb/v7e-m+fp/hard\libg.a(lib_a-mprec.o)
                0x08011d80                __multiply
 .text.__pow5mult
                0x08011edc       0xc0 c:/progra~2/gnuarm~1/102021~1.10/bin/../lib/gcc/arm-none-eabi/10.3.1/../../../../arm-none-eabi/lib/thumb/v7e-m+fp/hard\libg.a(lib_a-mprec.o)
                0x08011edc                __pow5mult
 .text.__lshift
                0x08011f9c       0xf0 c:/progra~2/gnuarm~1/102021~1.10/bin/../lib/gcc/arm-none-eabi/10.3.1/../../../../arm-none-eabi/lib/thumb/v7e-m+fp/hard\libg.a(lib_a-mprec.o)
                0x08011f9c                __lshift
 .text.__mcmp   0x0801208c       0x44 c:/progra~2/gnuarm~1/102021~1.10/bin/../lib/gcc/arm-none-eabi/10.3.1/../../../../arm-none-eabi/lib/thumb/v7e-m+fp/hard\libg.a(lib_a-mprec.o)
                0x0801208c                __mcmp
 .text.__mdiff  0x080120d0      0x14c c:/progra~2/gnuarm~1/102021~1.10/bin/../lib/gcc/arm-none-eabi/10.3.1/../../../../arm-none-eabi/lib/thumb/v7e-m+fp/hard\libg.a(lib_a-mprec.o)
                0x080120d0                __mdiff
 .text.__ulp    0x0801221c       0x60 c:/progra~2/gnuarm~1/102021~1.10/bin/../lib/gcc/arm-none-eabi/10.3.1/../../../../arm-none-eabi/lib/thumb/v7e-m+fp/hard\libg.a(lib_a-mprec.o)
                0x0801221c                __ulp
 .text.__b2d    0x0801227c       0xc0 c:/progra~2/gnuarm~1/102021~1.10/bin/../lib/gcc/arm-none-eabi/10.3.1/../../../../arm-none-eabi/lib/thumb/v7e-m+fp/hard\libg.a(lib_a-mprec.o)
                0x0801227c                __b2d
 .text.__d2b    0x0801233c       0xd0 c:/progra~2/gnuarm~1/102021~1.10/bin/../lib/gcc/arm-none-eabi/10.3.1/../../../../arm-none-eabi/lib/thumb/v7e-m+fp/hard\libg.a(lib_a-mprec.o)
                0x0801233c                __d2b
 .text.__ratio  0x0801240c       0x5c c:/progra~2/gnuarm~1/102021~1.10/bin/../lib/gcc/arm-none-eabi/10.3.1/../../../../arm-none-eabi/lib/thumb/v7e-m+fp/hard\libg.a(lib_a-mprec.o)
                0x0801240c                __ratio
 .text.__copybits
                0x08012468       0x5c c:/progra~2/gnuarm~1/102021~1.10/bin/../lib/gcc/arm-none-eabi/10.3.1/../../../../arm-none-eabi/lib/thumb/v7e-m+fp/hard\libg.a(lib_a-mprec.o)
                0x08012468                __copybits
 .text.__any_on
                0x080124c4       0x64 c:/progra~2/gnuarm~1/102021~1.10/bin/../lib/gcc/arm-none-eabi/10.3.1/../../../../arm-none-eabi/lib/thumb/v7e-m+fp/hard\libg.a(lib_a-mprec.o)
                0x080124c4                __any_on
 .text._read_r  0x08012528       0x2c c:/progra~2/gnuarm~1/102021~1.10/bin/../lib/gcc/arm-none-eabi/10.3.1/../../../../arm-none-eabi/lib/thumb/v7e-m+fp/hard\libg.a(lib_a-readr.o)
                0x08012528                _read_r
 .text.realloc  0x08012554       0x18 c:/progra~2/gnuarm~1/102021~1.10/bin/../lib/gcc/arm-none-eabi/10.3.1/../../../../arm-none-eabi/lib/thumb/v7e-m+fp/hard\libg.a(lib_a-realloc.o)
                0x08012554                realloc
 .text._realloc_r
                0x0801256c      0x3d8 c:/progra~2/gnuarm~1/102021~1.10/bin/../lib/gcc/arm-none-eabi/10.3.1/../../../../arm-none-eabi/lib/thumb/v7e-m+fp/hard\libg.a(lib_a-reallocr.o)
                0x0801256c                _realloc_r
 .text.frexp    0x08012944       0x6c c:/progra~2/gnuarm~1/102021~1.10/bin/../lib/gcc/arm-none-eabi/10.3.1/../../../../arm-none-eabi/lib/thumb/v7e-m+fp/hard\libg.a(lib_a-s_frexp.o)
                0x08012944                frexp
 .text.nan      0x080129b0       0x10 c:/progra~2/gnuarm~1/102021~1.10/bin/../lib/gcc/arm-none-eabi/10.3.1/../../../../arm-none-eabi/lib/thumb/v7e-m+fp/hard\libg.a(lib_a-s_nan.o)
                0x080129b0                nan
 .text._sbrk_r  0x080129c0       0x24 c:/progra~2/gnuarm~1/102021~1.10/bin/../lib/gcc/arm-none-eabi/10.3.1/../../../../arm-none-eabi/lib/thumb/v7e-m+fp/hard\libg.a(lib_a-sbrkr.o)
                0x080129c0                _sbrk_r
 .text.__sccl   0x080129e4       0x8c c:/progra~2/gnuarm~1/102021~1.10/bin/../lib/gcc/arm-none-eabi/10.3.1/../../../../arm-none-eabi/lib/thumb/v7e-m+fp/hard\libg.a(lib_a-sccl.o)
                0x080129e4                __sccl
 .text.nanf     0x08012a70        0xc c:/progra~2/gnuarm~1/102021~1.10/bin/../lib/gcc/arm-none-eabi/10.3.1/../../../../arm-none-eabi/lib/thumb/v7e-m+fp/hard\libg.a(lib_a-sf_nan.o)
                0x08012a70                nanf
 .text.strncmp  0x08012a7c       0x80 c:/progra~2/gnuarm~1/102021~1.10/bin/../lib/gcc/arm-none-eabi/10.3.1/../../../../arm-none-eabi/lib/thumb/v7e-m+fp/hard\libg.a(lib_a-strncmp.o)
                0x08012a7c                strncmp
 .text.strncpy  0x08012afc       0x64 c:/progra~2/gnuarm~1/102021~1.10/bin/../lib/gcc/arm-none-eabi/10.3.1/../../../../arm-none-eabi/lib/thumb/v7e-m+fp/hard\libg.a(lib_a-strncpy.o)
                0x08012afc                strncpy
 .text._strtol_l.part.0
                0x08012b60      0x120 c:/progra~2/gnuarm~1/102021~1.10/bin/../lib/gcc/arm-none-eabi/10.3.1/../../../../arm-none-eabi/lib/thumb/v7e-m+fp/hard\libg.a(lib_a-strtol.o)
 .text._strtol_r
                0x08012c80       0x1c c:/progra~2/gnuarm~1/102021~1.10/bin/../lib/gcc/arm-none-eabi/10.3.1/../../../../arm-none-eabi/lib/thumb/v7e-m+fp/hard\libg.a(lib_a-strtol.o)
                0x08012c80                _strtol_r
 .text._strtoll_l.constprop.0
                0x08012c9c      0x170 c:/progra~2/gnuarm~1/102021~1.10/bin/../lib/gcc/arm-none-eabi/10.3.1/../../../../arm-none-eabi/lib/thumb/v7e-m+fp/hard\libg.a(lib_a-strtoll.o)
 .text._strtoll_r
                0x08012e0c        0x4 c:/progra~2/gnuarm~1/102021~1.10/bin/../lib/gcc/arm-none-eabi/10.3.1/../../../../arm-none-eabi/lib/thumb/v7e-m+fp/hard\libg.a(lib_a-strtoll.o)
                0x08012e0c                _strtoll_r
 .text._strtoul_l.constprop.0
                0x08012e10      0x13c c:/progra~2/gnuarm~1/102021~1.10/bin/../lib/gcc/arm-none-eabi/10.3.1/../../../../arm-none-eabi/lib/thumb/v7e-m+fp/hard\libg.a(lib_a-strtoul.o)
 .text._strtoul_r
                0x08012f4c        0x4 c:/progra~2/gnuarm~1/102021~1.10/bin/../lib/gcc/arm-none-eabi/10.3.1/../../../../arm-none-eabi/lib/thumb/v7e-m+fp/hard\libg.a(lib_a-strtoul.o)
                0x08012f4c                _strtoul_r
 .text._strtoull_l.constprop.0
                0x08012f50      0x19c c:/progra~2/gnuarm~1/102021~1.10/bin/../lib/gcc/arm-none-eabi/10.3.1/../../../../arm-none-eabi/lib/thumb/v7e-m+fp/hard\libg.a(lib_a-strtoull.o)
 .text._strtoull_r
                0x080130ec        0x4 c:/progra~2/gnuarm~1/102021~1.10/bin/../lib/gcc/arm-none-eabi/10.3.1/../../../../arm-none-eabi/lib/thumb/v7e-m+fp/hard\libg.a(lib_a-strtoull.o)
                0x080130ec                _strtoull_r
 .text.__ssprint_r
                0x080130f0       0xf8 c:/progra~2/gnuarm~1/102021~1.10/bin/../lib/gcc/arm-none-eabi/10.3.1/../../../../arm-none-eabi/lib/thumb/v7e-m+fp/hard\libg.a(lib_a-svfiprintf.o)
                0x080130f0                __ssprint_r
 .text._sungetc_r
                0x080131e8       0x80 c:/progra~2/gnuarm~1/102021~1.10/bin/../lib/gcc/arm-none-eabi/10.3.1/../../../../arm-none-eabi/lib/thumb/v7e-m+fp/hard\libg.a(lib_a-svfiscanf.o)
                0x080131e8                _sungetc_r
 .text.__ssrefill_r
                0x08013268       0x3c c:/progra~2/gnuarm~1/102021~1.10/bin/../lib/gcc/arm-none-eabi/10.3.1/../../../../arm-none-eabi/lib/thumb/v7e-m+fp/hard\libg.a(lib_a-svfiscanf.o)
                0x08013268                __ssrefill_r
 .text._sfread_r
                0x080132a4       0xb4 c:/progra~2/gnuarm~1/102021~1.10/bin/../lib/gcc/arm-none-eabi/10.3.1/../../../../arm-none-eabi/lib/thumb/v7e-m+fp/hard\libg.a(lib_a-svfiscanf.o)
                0x080132a4                _sfread_r
 .text.__submore
                0x08013358       0x78 c:/progra~2/gnuarm~1/102021~1.10/bin/../lib/gcc/arm-none-eabi/10.3.1/../../../../arm-none-eabi/lib/thumb/v7e-m+fp/hard\libg.a(lib_a-ungetc.o)
                0x08013358                __submore
 .text.__sprint_r.part.0
                0x080133d0       0x78 c:/progra~2/gnuarm~1/102021~1.10/bin/../lib/gcc/arm-none-eabi/10.3.1/../../../../arm-none-eabi/lib/thumb/v7e-m+fp/hard\libg.a(lib_a-vfiprintf.o)
 .text.__sprint_r
                0x08013448       0x18 c:/progra~2/gnuarm~1/102021~1.10/bin/../lib/gcc/arm-none-eabi/10.3.1/../../../../arm-none-eabi/lib/thumb/v7e-m+fp/hard\libg.a(lib_a-vfiprintf.o)
                0x08013448                __sprint_r
 .text._vfiprintf_r
                0x08013460      0xdfc c:/progra~2/gnuarm~1/102021~1.10/bin/../lib/gcc/arm-none-eabi/10.3.1/../../../../arm-none-eabi/lib/thumb/v7e-m+fp/hard\libg.a(lib_a-vfiprintf.o)
                0x08013460                _vfiprintf_r
 .text.__sbprintf
                0x0801425c       0x80 c:/progra~2/gnuarm~1/102021~1.10/bin/../lib/gcc/arm-none-eabi/10.3.1/../../../../arm-none-eabi/lib/thumb/v7e-m+fp/hard\libg.a(lib_a-vfiprintf.o)
 .text.__ascii_wctomb
                0x080142dc       0x1c c:/progra~2/gnuarm~1/102021~1.10/bin/../lib/gcc/arm-none-eabi/10.3.1/../../../../arm-none-eabi/lib/thumb/v7e-m+fp/hard\libg.a(lib_a-wctomb_r.o)
                0x080142dc                __ascii_wctomb
 .text.__assert_func
                0x080142f8       0x40 c:/progra~2/gnuarm~1/102021~1.10/bin/../lib/gcc/arm-none-eabi/10.3.1/../../../../arm-none-eabi/lib/thumb/v7e-m+fp/hard\libg.a(lib_a-assert.o)
                0x080142f8                __assert_func
 .text._calloc_r
                0x08014338       0x78 c:/progra~2/gnuarm~1/102021~1.10/bin/../lib/gcc/arm-none-eabi/10.3.1/../../../../arm-none-eabi/lib/thumb/v7e-m+fp/hard\libg.a(lib_a-callocr.o)
                0x08014338                _calloc_r
 .text._fclose_r
                0x080143b0       0xcc c:/progra~2/gnuarm~1/102021~1.10/bin/../lib/gcc/arm-none-eabi/10.3.1/../../../../arm-none-eabi/lib/thumb/v7e-m+fp/hard\libg.a(lib_a-fclose.o)
                0x080143b0                _fclose_r
 .text.fiprintf
                0x0801447c       0x28 c:/progra~2/gnuarm~1/102021~1.10/bin/../lib/gcc/arm-none-eabi/10.3.1/../../../../arm-none-eabi/lib/thumb/v7e-m+fp/hard\libg.a(lib_a-fiprintf.o)
                0x0801447c                fiprintf
 .text.__fputwc
                0x080144a4       0xa8 c:/progra~2/gnuarm~1/102021~1.10/bin/../lib/gcc/arm-none-eabi/10.3.1/../../../../arm-none-eabi/lib/thumb/v7e-m+fp/hard\libg.a(lib_a-fputwc.o)
                0x080144a4                __fputwc
 .text._fputwc_r
                0x0801454c       0x68 c:/progra~2/gnuarm~1/102021~1.10/bin/../lib/gcc/arm-none-eabi/10.3.1/../../../../arm-none-eabi/lib/thumb/v7e-m+fp/hard\libg.a(lib_a-fputwc.o)
                0x0801454c                _fputwc_r
 .text._fstat_r
                0x080145b4       0x2c c:/progra~2/gnuarm~1/102021~1.10/bin/../lib/gcc/arm-none-eabi/10.3.1/../../../../arm-none-eabi/lib/thumb/v7e-m+fp/hard\libg.a(lib_a-fstatr.o)
                0x080145b4                _fstat_r