Archive member included to satisfy reference by file (symbol)

c:/progra~2/gnuarm~1/102021~1.10/bin/../lib/gcc/arm-none-eabi/10.3.1/thumb/v7e-m+fp/hard\libgcc.a(_arm_muldf3.o)
                              CMakeFiles/MC_Proj.elf.dir/Application/oled_task.c.obj (__aeabi_dmul)
c:/progra~2/gnuarm~1/102021~1.10/bin/../lib/gcc/arm-none-eabi/10.3.1/thumb/v7e-m+fp/hard\libgcc.a(_arm_addsubdf3.o)
                              CMakeFiles/MC_Proj.elf.dir/BSP/mpu6050.c.obj (__aeabi_dsub)
c:/progra~2/gnuarm~1/102021~1.10/bin/../lib/gcc/arm-none-eabi/10.3.1/thumb/v7e-m+fp/hard\libgcc.a(_arm_muldivdf3.o)
                              CMakeFiles/MC_Proj.elf.dir/BSP/mpu6050.c.obj (__aeabi_ddiv)
c:/progra~2/gnuarm~1/102021~1.10/bin/../lib/gcc/arm-none-eabi/10.3.1/thumb/v7e-m+fp/hard\libgcc.a(_arm_cmpdf2.o)
                              CMakeFiles/MC_Proj.elf.dir/BSP/mpu6050.c.obj (__aeabi_dcmpeq)
c:/progra~2/gnuarm~1/102021~1.10/bin/../lib/gcc/arm-none-eabi/10.3.1/thumb/v7e-m+fp/hard\libgcc.a(_arm_truncdfsf2.o)
                              CMakeFiles/MC_Proj.elf.dir/Application/oled_task.c.obj (__aeabi_d2f)
c:/progra~2/gnuarm~1/102021~1.10/bin/../lib/gcc/arm-none-eabi/10.3.1/thumb/v7e-m+fp/hard\libgcc.a(_aeabi_uldivmod.o)
                              CMakeFiles/MC_Proj.elf.dir/Drivers/STM32F4xx_HAL_Driver/Src/stm32f4xx_hal_rcc.c.obj (__aeabi_uldivmod)
c:/progra~2/gnuarm~1/102021~1.10/bin/../lib/gcc/arm-none-eabi/10.3.1/thumb/v7e-m+fp/hard\libgcc.a(_udivmoddi4.o)
                              c:/progra~2/gnuarm~1/102021~1.10/bin/../lib/gcc/arm-none-eabi/10.3.1/thumb/v7e-m+fp/hard\libgcc.a(_aeabi_uldivmod.o) (__udivmoddi4)
c:/progra~2/gnuarm~1/102021~1.10/bin/../lib/gcc/arm-none-eabi/10.3.1/thumb/v7e-m+fp/hard\libgcc.a(_dvmd_tls.o)
                              c:/progra~2/gnuarm~1/102021~1.10/bin/../lib/gcc/arm-none-eabi/10.3.1/thumb/v7e-m+fp/hard\libgcc.a(_aeabi_uldivmod.o) (__aeabi_ldiv0)
c:/progra~2/gnuarm~1/102021~1.10/bin/../lib/gcc/arm-none-eabi/10.3.1/../../../../arm-none-eabi/lib/thumb/v7e-m+fp/hard\libg.a(lib_a-errno.o)
                              CMakeFiles/MC_Proj.elf.dir/BSP/retarget.c.obj (__errno)
c:/progra~2/gnuarm~1/102021~1.10/bin/../lib/gcc/arm-none-eabi/10.3.1/../../../../arm-none-eabi/lib/thumb/v7e-m+fp/hard\libg.a(lib_a-exit.o)
                              c:/progra~2/gnuarm~1/102021~1.10/bin/../lib/gcc/arm-none-eabi/10.3.1/../../../../arm-none-eabi/lib/thumb/v7e-m+fp/hard/crt0.o (exit)
c:/progra~2/gnuarm~1/102021~1.10/bin/../lib/gcc/arm-none-eabi/10.3.1/../../../../arm-none-eabi/lib/thumb/v7e-m+fp/hard\libg.a(lib_a-impure.o)
                              c:/progra~2/gnuarm~1/102021~1.10/bin/../lib/gcc/arm-none-eabi/10.3.1/../../../../arm-none-eabi/lib/thumb/v7e-m+fp/hard\libg.a(lib_a-exit.o) (_global_impure_ptr)
c:/progra~2/gnuarm~1/102021~1.10/bin/../lib/gcc/arm-none-eabi/10.3.1/../../../../arm-none-eabi/lib/thumb/v7e-m+fp/hard\libg.a(lib_a-init.o)
                              c:/progra~2/gnuarm~1/102021~1.10/bin/../lib/gcc/arm-none-eabi/10.3.1/../../../../arm-none-eabi/lib/thumb/v7e-m+fp/hard/crt0.o (__libc_init_array)
c:/progra~2/gnuarm~1/102021~1.10/bin/../lib/gcc/arm-none-eabi/10.3.1/../../../../arm-none-eabi/lib/thumb/v7e-m+fp/hard\libg.a(lib_a-memcpy.o)
                              CMakeFiles/MC_Proj.elf.dir/Middlewares/Third_Party/FreeRTOS/Source/CMSIS_RTOS_V2/cmsis_os2.c.obj (memcpy)
c:/progra~2/gnuarm~1/102021~1.10/bin/../lib/gcc/arm-none-eabi/10.3.1/../../../../arm-none-eabi/lib/thumb/v7e-m+fp/hard\libg.a(lib_a-memset.o)
                              c:/progra~2/gnuarm~1/102021~1.10/bin/../lib/gcc/arm-none-eabi/10.3.1/../../../../arm-none-eabi/lib/thumb/v7e-m+fp/hard/crt0.o (memset)
c:/progra~2/gnuarm~1/102021~1.10/bin/../lib/gcc/arm-none-eabi/10.3.1/../../../../arm-none-eabi/lib/thumb/v7e-m+fp/hard\libg.a(lib_a-printf.o)
                              CMakeFiles/MC_Proj.elf.dir/Application/uart_task.c.obj (printf)
c:/progra~2/gnuarm~1/102021~1.10/bin/../lib/gcc/arm-none-eabi/10.3.1/../../../../arm-none-eabi/lib/thumb/v7e-m+fp/hard\libg.a(lib_a-puts.o)
                              CMakeFiles/MC_Proj.elf.dir/BSP/im948_CMD.c.obj (puts)
c:/progra~2/gnuarm~1/102021~1.10/bin/../lib/gcc/arm-none-eabi/10.3.1/../../../../arm-none-eabi/lib/thumb/v7e-m+fp/hard\libg.a(lib_a-reent.o)
                              CMakeFiles/MC_Proj.elf.dir/Middlewares/Third_Party/FreeRTOS/Source/tasks.c.obj (_reclaim_reent)
c:/progra~2/gnuarm~1/102021~1.10/bin/../lib/gcc/arm-none-eabi/10.3.1/../../../../arm-none-eabi/lib/thumb/v7e-m+fp/hard\libg.a(lib_a-setvbuf.o)
                              CMakeFiles/MC_Proj.elf.dir/BSP/retarget.c.obj (setvbuf)
c:/progra~2/gnuarm~1/102021~1.10/bin/../lib/gcc/arm-none-eabi/10.3.1/../../../../arm-none-eabi/lib/thumb/v7e-m+fp/hard\libg.a(lib_a-sprintf.o)
                              CMakeFiles/MC_Proj.elf.dir/Application/oled_task.c.obj (sprintf)
[...]
Memory Configuration

Name             Origin             Length             Attributes
CCMRAM           0x10000000         0x00010000         xrw
RAM              0x20000000         0x00020000         xrw
FLASH            0x08000000         0x00080000         xr
*default*        0x00000000         0xffffffff

Linker script and memory map

LOAD c:/progra~2/gnuarm~1/102021~1.10/bin/../lib/gcc/arm-none-eabi/10.3.1/thumb/v7e-m+fp/hard/crti.o
LOAD c:/progra~2/gnuarm~1/102021~1.10/bin/../lib/gcc/arm-none-eabi/10.3.1/thumb/v7e-m+fp/hard/crtbegin.o
LOAD c:/progra~2/gnuarm~1/102021~1.10/bin/../lib/gcc/arm-none-eabi/10.3.1/../../../../arm-none-eabi/lib/thumb/v7e-m+fp/hard/crt0.o
LOAD CMakeFiles/MC_Proj.elf.dir/Application/PS2_task.c.obj
LOAD CMakeFiles/MC_Proj.elf.dir/Application/base_task.c.obj
LOAD CMakeFiles/MC_Proj.elf.dir/Application/imu_task.c.obj
LOAD CMakeFiles/MC_Proj.elf.dir/Application/oled_task.c.obj
LOAD CMakeFiles/MC_Proj.elf.dir/Application/pan_tile_task.c.obj
LOAD CMakeFiles/MC_Proj.elf.dir/Application/pid_task.c.obj
LOAD CMakeFiles/MC_Proj.elf.dir/Application/uart_task.c.obj
LOAD CMakeFiles/MC_Proj.elf.dir/BSP/Buzzer.c.obj
LOAD CMakeFiles/MC_Proj.elf.dir/BSP/HWT906.c.obj
LOAD CMakeFiles/MC_Proj.elf.dir/BSP/PS2.c.obj
LOAD CMakeFiles/MC_Proj.elf.dir/BSP/bsp_usart.c.obj
LOAD CMakeFiles/MC_Proj.elf.dir/BSP/driver_motor.c.obj
LOAD CMakeFiles/MC_Proj.elf.dir/BSP/im948_CMD.c.obj
LOAD CMakeFiles/MC_Proj.elf.dir/BSP/mpu6050.c.obj
LOAD CMakeFiles/MC_Proj.elf.dir/BSP/oled.c.obj
LOAD CMakeFiles/MC_Proj.elf.dir/BSP/retarget.c.obj
LOAD CMakeFiles/MC_Proj.elf.dir/BSP/servo.c.obj
LOAD CMakeFiles/MC_Proj.elf.dir/Controller/PID_Adjust.c.obj
LOAD CMakeFiles/MC_Proj.elf.dir/Controller/PID_Control.c.obj
LOAD CMakeFiles/MC_Proj.elf.dir/Core/Src/adc.c.obj
LOAD CMakeFiles/MC_Proj.elf.dir/Core/Src/dma.c.obj
LOAD CMakeFiles/MC_Proj.elf.dir/Core/Src/freertos.c.obj
LOAD CMakeFiles/MC_Proj.elf.dir/Core/Src/gpio.c.obj
LOAD CMakeFiles/MC_Proj.elf.dir/Core/Src/i2c.c.obj
LOAD CMakeFiles/MC_Proj.elf.dir/Core/Src/main.c.obj
LOAD CMakeFiles/MC_Proj.elf.dir/Core/Src/stm32f4xx_hal_msp.c.obj
LOAD CMakeFiles/MC_Proj.elf.dir/Core/Src/stm32f4xx_hal_timebase_tim.c.obj
LOAD CMakeFiles/MC_Proj.elf.dir/Core/Src/stm32f4xx_it.c.obj
LOAD CMakeFiles/MC_Proj.elf.dir/Core/Src/syscalls.c.obj
LOAD CMakeFiles/MC_Proj.elf.dir/Core/Src/sysmem.c.obj
LOAD CMakeFiles/MC_Proj.elf.dir/Core/Src/system_stm32f4xx.c.obj
LOAD CMakeFiles/MC_Proj.elf.dir/Core/Src/tim.c.obj
LOAD CMakeFiles/MC_Proj.elf.dir/Core/Src/usart.c.obj
LOAD CMakeFiles/MC_Proj.elf.dir/Core/Startup/startup_stm32f407vetx.s.obj
LOAD CMakeFiles/MC_Proj.elf.dir/Drivers/STM32F4xx_HAL_Driver/Src/stm32f4xx_hal.c.obj
LOAD CMakeFiles/MC_Proj.elf.dir/Drivers/STM32F4xx_HAL_Driver/Src/stm32f4xx_hal_adc.c.obj
LOAD CMakeFiles/MC_Proj.elf.dir/Drivers/STM32F4xx_HAL_Driver/Src/stm32f4xx_hal_adc_ex.c.obj
LOAD CMakeFiles/MC_Proj.elf.dir/Drivers/STM32F4xx_HAL_Driver/Src/stm32f4xx_hal_cortex.c.obj
LOAD CMakeFiles/MC_Proj.elf.dir/Drivers/STM32F4xx_HAL_Driver/Src/stm32f4xx_hal_dma.c.obj
LOAD CMakeFiles/MC_Proj.elf.dir/Drivers/STM32F4xx_HAL_Driver/Src/stm32f4xx_hal_dma_ex.c.obj
LOAD CMakeFiles/MC_Proj.elf.dir/Drivers/STM32F4xx_HAL_Driver/Src/stm32f4xx_hal_exti.c.obj
LOAD CMakeFiles/MC_Proj.elf.dir/Drivers/STM32F4xx_HAL_Driver/Src/stm32f4xx_hal_flash.c.obj
LOAD CMakeFiles/MC_Proj.elf.dir/Drivers/STM32F4xx_HAL_Driver/Src/stm32f4xx_hal_flash_ex.c.obj
LOAD CMakeFiles/MC_Proj.elf.dir/Drivers/STM32F4xx_HAL_Driver/Src/stm32f4xx_hal_flash_ramfunc.c.obj
LOAD CMakeFiles/MC_Proj.elf.dir/Drivers/STM32F4xx_HAL_Driver/Src/stm32f4xx_hal_gpio.c.obj
LOAD CMakeFiles/MC_Proj.elf.dir/Drivers/STM32F4xx_HAL_Driver/Src/stm32f4xx_hal_i2c.c.obj
LOAD CMakeFiles/MC_Proj.elf.dir/Drivers/STM32F4xx_HAL_Driver/Src/stm32f4xx_hal_i2c_ex.c.obj
LOAD CMakeFiles/MC_Proj.elf.dir/Drivers/STM32F4xx_HAL_Driver/Src/stm32f4xx_hal_pwr.c.obj
LOAD CMakeFiles/MC_Proj.elf.dir/Drivers/STM32F4xx_HAL_Driver/Src/stm32f4xx_hal_pwr_ex.c.obj
LOAD CMakeFiles/MC_Proj.elf.dir/Drivers/STM32F4xx_HAL_Driver/Src/stm32f4xx_hal_rcc.c.obj
LOAD CMakeFiles/MC_Proj.elf.dir/Drivers/STM32F4xx_HAL_Driver/Src/stm32f4xx_hal_rcc_ex.c.obj
LOAD CMakeFiles/MC_Proj.elf.dir/Drivers/STM32F4xx_HAL_Driver/Src/stm32f4xx_hal_tim.c.obj
LOAD CMakeFiles/MC_Proj.elf.dir/Drivers/STM32F4xx_HAL_Driver/Src/stm32f4xx_hal_tim_ex.c.obj
LOAD CMakeFiles/MC_Proj.elf.dir/Drivers/STM32F4xx_HAL_Driver/Src/stm32f4xx_hal_uart.c.obj
LOAD CMakeFiles/MC_Proj.elf.dir/Drivers/STM32F4xx_HAL_Driver/Src/stm32f4xx_ll_adc.c.obj
LOAD CMakeFiles/MC_Proj.elf.dir/Middlewares/Third_Party/FreeRTOS/Source/CMSIS_RTOS_V2/cmsis_os2.c.obj
LOAD CMakeFiles/MC_Proj.elf.dir/Middlewares/Third_Party/FreeRTOS/Source/croutine.c.obj
LOAD CMakeFiles/MC_Proj.elf.dir/Middlewares/Third_Party/FreeRTOS/Source/event_groups.c.obj
LOAD CMakeFiles/MC_Proj.elf.dir/Middlewares/Third_Party/FreeRTOS/Source/list.c.obj
LOAD CMakeFiles/MC_Proj.elf.dir/Middlewares/Third_Party/FreeRTOS/Source/portable/GCC/ARM_CM4F/port.c.obj
LOAD CMakeFiles/MC_Proj.elf.dir/Middlewares/Third_Party/FreeRTOS/Source/portable/MemMang/heap_4.c.obj
LOAD CMakeFiles/MC_Proj.elf.dir/Middlewares/Third_Party/FreeRTOS/Source/queue.c.obj
LOAD CMakeFiles/MC_Proj.elf.dir/Middlewares/Third_Party/FreeRTOS/Source/stream_buffer.c.obj
LOAD CMakeFiles/MC_Proj.elf.dir/Middlewares/Third_Party/FreeRTOS/Source/tasks.c.obj
LOAD CMakeFiles/MC_Proj.elf.dir/Middlewares/Third_Party/FreeRTOS/Source/timers.c.obj
LOAD CMakeFiles/MC_Proj.elf.dir/User/IRQ.c.obj
LOAD CMakeFiles/MC_Proj.elf.dir/User/Init.c.obj
LOAD CMakeFiles/MC_Proj.elf.dir/User/Kinematic_Analysis.c.obj
LOAD CMakeFiles/MC_Proj.elf.dir/User/filter.c.obj
START GROUP
LOAD c:/progra~2/gnuarm~1/102021~1.10/bin/../lib/gcc/arm-none-eabi/10.3.1/thumb/v7e-m+fp/hard\libgcc.a
LOAD c:/progra~2/gnuarm~1/102021~1.10/bin/../lib/gcc/arm-none-eabi/10.3.1/../../../../arm-none-eabi/lib/thumb/v7e-m+fp/hard\libg.a
LOAD c:/progra~2/gnuarm~1/102021~1.10/bin/../lib/gcc/arm-none-eabi/10.3.1/../../../../arm-none-eabi/lib/thumb/v7e-m+fp/hard\libc.a
END GROUP
LOAD c:/progra~2/gnuarm~1/102021~1.10/bin/../lib/gcc/arm-none-eabi/10.3.1/thumb/v7e-m+fp/hard/crtend.o
LOAD c:/progra~2/gnuarm~1/102021~1.10/bin/../lib/gcc/arm-none-eabi/10.3.1/thumb/v7e-m+fp/hard/crtn.o
                0x20020000                _estack = (ORIGIN (RAM) + LENGTH (RAM))
                0x00000200                _Min_Heap_Size = 0x200
                0x00000400                _Min_Stack_Size = 0x400

.isr_vector     0x08000000      0x188
                0x08000000                . = ALIGN (0x4)
 *(.isr_vector)
 .isr_vector    0x08000000      0x188 CMakeFiles/MC_Proj.elf.dir/Core/Startup/startup_stm32f407vetx.s.obj
                0x08000000                g_pfnVectors
                0x08000188                . = ALIGN (0x4)

.text           0x080001c0    0x14024
                0x080001c0                . = ALIGN (0x4)
 *(.text)
 .text          0x080001c0      0x378 c:/progra~2/gnuarm~1/102021~1.10/bin/../lib/gcc/arm-none-eabi/10.3.1/thumb/v7e-m+fp/hard\libgcc.a(_arm_addsubdf3.o)
                0x080001c0                __aeabi_drsub
                0x080001c8                __aeabi_dsub
                0x080001c8                __subdf3
                0x080001cc                __aeabi_dadd
                0x080001cc                __adddf3
                0x08000444                __floatunsidf
                0x08000444                __aeabi_ui2d
                0x08000464                __floatsidf
                0x08000464                __aeabi_i2d
                0x08000488                __aeabi_f2d
                0x08000488                __extendsfdf2
                0x080004cc                __floatundidf
                0x080004cc                __aeabi_ul2d
                0x080004dc                __floatdidf
                0x080004dc                __aeabi_l2d
 .text          0x08000538      0x424 c:/progra~2/gnuarm~1/102021~1.10/bin/../lib/gcc/arm-none-eabi/10.3.1/thumb/v7e-m+fp/hard\libgcc.a(_arm_muldivdf3.o)
                0x08000538                __aeabi_dmul
                0x08000538                __muldf3
                0x0800078c                __divdf3
                0x0800078c                __aeabi_ddiv
 .text          0x0800095c      0x110 c:/progra~2/gnuarm~1/102021~1.10/bin/../lib/gcc/arm-none-eabi/10.3.1/thumb/v7e-m+fp/hard\libgcc.a(_arm_cmpdf2.o)
                0x0800095c                __gtdf2
                0x0800095c                __gedf2
                0x08000964                __ltdf2
                0x08000964                __ledf2
                0x0800096c                __nedf2
                0x0800096c                __eqdf2
                0x0800096c                __cmpdf2
                0x080009e8                __aeabi_cdrcmple
                0x080009f8                __aeabi_cdcmpeq
                0x080009f8                __aeabi_cdcmple
                0x08000a08                __aeabi_dcmpeq
                0x08000a1c                __aeabi_dcmplt
                0x08000a30                __aeabi_dcmple
                0x08000a44                __aeabi_dcmpge
                0x08000a58                __aeabi_dcmpgt
 .text          0x08000a6c       0xa0 c:/progra~2/gnuarm~1/102021~1.10/bin/../lib/gcc/arm-none-eabi/10.3.1/thumb/v7e-m+fp/hard\libgcc.a(_arm_truncdfsf2.o)
                0x08000a6c                __truncdfsf2
                0x08000a6c                __aeabi_d2f
 .text          0x08000b0c       0x30 c:/progra~2/gnuarm~1/102021~1.10/bin/../lib/gcc/arm-none-eabi/10.3.1/thumb/v7e-m+fp/hard\libgcc.a(_aeabi_uldivmod.o)
                0x08000b0c                __aeabi_uldivmod
 .text          0x08000b3c      0x2d0 c:/progra~2/gnuarm~1/102021~1.10/bin/../lib/gcc/arm-none-eabi/10.3.1/thumb/v7e-m+fp/hard\libgcc.a(_udivmoddi4.o)
                0x08000b3c                __udivmoddi4
 .text          0x08000e0c        0x4 c:/progra~2/gnuarm~1/102021~1.10/bin/../lib/gcc/arm-none-eabi/10.3.1/thumb/v7e-m+fp/hard\libgcc.a(_dvmd_tls.o)
                0x08000e0c                __aeabi_idiv0
                0x08000e0c                __aeabi_ldiv0
 .text          0x08000e10      0x134 c:/progra~2/gnuarm~1/102021~1.10/bin/../lib/gcc/arm-none-eabi/10.3.1/../../../../arm-none-eabi/lib/thumb/v7e-m+fp/hard\libg.a(lib_a-memcpy.o)
                0x08000e10                memcpy
 *fill*         0x08000f44       0x3c 
 .text          0x08000f80       0xdc c:/progra~2/gnuarm~1/102021~1.10/bin/../lib/gcc/arm-none-eabi/10.3.1/../../../../arm-none-eabi/lib/thumb/v7e-m+fp/hard\libg.a(lib_a-strlen.o)
                0x08000f80                strlen
 *fill*         0x0800105c        0x4 
 .text          0x08001060       0xa0 c:/progra~2/gnuarm~1/102021~1.10/bin/../lib/gcc/arm-none-eabi/10.3.1/../../../../arm-none-eabi/lib/thumb/v7e-m+fp/hard\libg.a(lib_a-memchr.o)
                0x08001060                memchr
 .text          0x08001100       0x2c c:/progra~2/gnuarm~1/102021~1.10/bin/../lib/gcc/arm-none-eabi/10.3.1/thumb/v7e-m+fp/hard\libgcc.a(_arm_unorddf2.o)
                0x08001100                __unorddf2
                0x08001100                __aeabi_dcmpun
 .text          0x0800112c       0x50 c:/progra~2/gnuarm~1/102021~1.10/bin/../lib/gcc/arm-none-eabi/10.3.1/thumb/v7e-m+fp/hard\libgcc.a(_arm_fixdfsi.o)
                0x0800112c                __aeabi_d2iz
                0x0800112c                __fixdfsi
 .text          0x0800117c       0x40 c:/progra~2/gnuarm~1/102021~1.10/bin/../lib/gcc/arm-none-eabi/10.3.1/thumb/v7e-m+fp/hard\libgcc.a(_arm_fixunsdfsi.o)
                0x0800117c                __aeabi_d2uiz
                0x0800117c                __fixunsdfsi
 .text          0x080011bc       0x30 c:/progra~2/gnuarm~1/102021~1.10/bin/../lib/gcc/arm-none-eabi/10.3.1/thumb/v7e-m+fp/hard\libgcc.a(_fixdfdi.o)
                0x080011bc                __fixdfdi
                0x080011bc                __aeabi_d2lz
 .text          0x080011ec       0x3c c:/progra~2/gnuarm~1/102021~1.10/bin/../lib/gcc/arm-none-eabi/10.3.1/thumb/v7e-m+fp/hard\libgcc.a(_fixunsdfdi.o)
                0x080011ec                __fixunsdfdi
                0x080011ec                __aeabi_d2ulz
 *(.text*)
 .text.PS2_Task
                0x08001228       0x20 CMakeFiles/MC_Proj.elf.dir/Application/PS2_task.c.obj
                0x08001228                PS2_Task
 .text.Base_Control
                0x08001248       0xcc CMakeFiles/MC_Proj.elf.dir/Application/base_task.c.obj
                0x08001248                Base_Control
 .text.IMU_Task
                0x08001314        0xa CMakeFiles/MC_Proj.elf.dir/Application/imu_task.c.obj
                0x08001314                IMU_Task
 *fill*         0x0800131e        0x2 
 .text.float_to_str
                0x08001320       0x4c CMakeFiles/MC_Proj.elf.dir/Application/oled_task.c.obj
                0x08001320                float_to_str
 .text.OLED_Task
                0x0800136c      0x114 CMakeFiles/MC_Proj.elf.dir/Application/oled_task.c.obj
                0x0800136c                OLED_Task
 .text.pan_tile_task
                0x08001480       0x28 CMakeFiles/MC_Proj.elf.dir/Application/pan_tile_task.c.obj
                0x08001480                pan_tile_task
 .text.PID_Task
                0x080014a8      0x16c CMakeFiles/MC_Proj.elf.dir/Application/pid_task.c.obj
                0x080014a8                PID_Task
 .text.UART6_Task
                0x08001614       0x38 CMakeFiles/MC_Proj.elf.dir/Application/uart_task.c.obj
                0x08001614                UART6_Task
 .text.CopeSerial2Data
                0x0800164c      0x110 CMakeFiles/MC_Proj.elf.dir/BSP/HWT906.c.obj
                0x0800164c                CopeSerial2Data
 .text.delay_us
                0x0800175c       0x24 CMakeFiles/MC_Proj.elf.dir/BSP/PS2.c.obj
                0x0800175c                delay_us
 .text.PS2_Cmd  0x08001780       0xa8 CMakeFiles/MC_Proj.elf.dir/BSP/PS2.c.obj
                0x08001780                PS2_Cmd
 .text.PS2_ReadData
                0x08001828       0xd8 CMakeFiles/MC_Proj.elf.dir/BSP/PS2.c.obj
                0x08001828                PS2_ReadData
 .text.PS2_ClearData
                0x08001900       0x18 CMakeFiles/MC_Proj.elf.dir/BSP/PS2.c.obj
                0x08001900                PS2_ClearData
 .text.PS2_DataKey
                0x08001918       0x4c CMakeFiles/MC_Proj.elf.dir/BSP/PS2.c.obj
                0x08001918                PS2_DataKey
 .text.PS2_ShortPoll
                0x08001964       0x48 CMakeFiles/MC_Proj.elf.dir/BSP/PS2.c.obj
                0x08001964                PS2_ShortPoll
 .text.PS2_EnterConfing
                0x080019ac       0x60 CMakeFiles/MC_Proj.elf.dir/BSP/PS2.c.obj
                0x080019ac                PS2_EnterConfing
 .text.PS2_TurnOnAnalogMode
                0x08001a0c       0x5c CMakeFiles/MC_Proj.elf.dir/BSP/PS2.c.obj
                0x08001a0c                PS2_TurnOnAnalogMode
 .text.PS2_VibrationMode
                0x08001a68       0x48 CMakeFiles/MC_Proj.elf.dir/BSP/PS2.c.obj
                0x08001a68                PS2_VibrationMode
 .text.PS2_ExitConfing
                0x08001ab0       0x60 CMakeFiles/MC_Proj.elf.dir/BSP/PS2.c.obj
                0x08001ab0                PS2_ExitConfing
 .text.PS2_SetInit
                0x08001b10       0x20 CMakeFiles/MC_Proj.elf.dir/BSP/PS2.c.obj
                0x08001b10                PS2_SetInit
 .text.motor_init
                0x08001b30       0xa8 CMakeFiles/MC_Proj.elf.dir/BSP/driver_motor.c.obj
                0x08001b30                motor_init
 .text.motorA_run
                0x08001bd8       0x44 CMakeFiles/MC_Proj.elf.dir/BSP/driver_motor.c.obj
                0x08001bd8                motorA_run
 .text.motorB_run
                0x08001c1c       0x34 CMakeFiles/MC_Proj.elf.dir/BSP/driver_motor.c.obj
                0x08001c1c                motorB_run
 .text.motorC_run
                0x08001c50       0x34 CMakeFiles/MC_Proj.elf.dir/BSP/driver_motor.c.obj
                0x08001c50                motorC_run
 .text.motorD_run
                0x08001c84       0x34 CMakeFiles/MC_Proj.elf.dir/BSP/driver_motor.c.obj
                0x08001c84                motorD_run
 .text.OLED_WR_Byte
                0x08001cb8       0x7c CMakeFiles/MC_Proj.elf.dir/BSP/oled.c.obj
                0x08001cb8                OLED_WR_Byte
 .text.OLED_Refresh_Gram
                0x08001d34       0x4c CMakeFiles/MC_Proj.elf.dir/BSP/oled.c.obj
                0x08001d34                OLED_Refresh_Gram
 .text.OLED_Clear
                0x08001d80       0x30 CMakeFiles/MC_Proj.elf.dir/BSP/oled.c.obj
                0x08001d80                OLED_Clear
 .text.OLED_DrawPoint
                0x08001db0       0x50 CMakeFiles/MC_Proj.elf.dir/BSP/oled.c.obj
                0x08001db0                OLED_DrawPoint
 .text.OLED_ShowChar
                0x08001e00       0xa0 CMakeFiles/MC_Proj.elf.dir/BSP/oled.c.obj
                0x08001e00                OLED_ShowChar
 .text.oled_pow
                0x08001ea0       0x16 CMakeFiles/MC_Proj.elf.dir/BSP/oled.c.obj
                0x08001ea0                oled_pow
 *fill*         0x08001eb6        0x2 
 .text.OLED_ShowNumber
                0x08001eb8       0x9c CMakeFiles/MC_Proj.elf.dir/BSP/oled.c.obj
                0x08001eb8                OLED_ShowNumber
 .text.OLED_ShowString
                0x08001f54       0x44 CMakeFiles/MC_Proj.elf.dir/BSP/oled.c.obj
                0x08001f54                OLED_ShowString
 .text.OLED_Init
                0x08001f98       0xf0 CMakeFiles/MC_Proj.elf.dir/BSP/oled.c.obj
                0x08001f98                OLED_Init
 .text.RetargetInit
                0x08002088       0x20 CMakeFiles/MC_Proj.elf.dir/BSP/retarget.c.obj
                0x08002088                RetargetInit
 .text._isatty  0x080020a8       0x16 CMakeFiles/MC_Proj.elf.dir/BSP/retarget.c.obj
                0x080020a8                _isatty
 *fill*         0x080020be        0x2 
 .text._write   0x080020c0       0x34 CMakeFiles/MC_Proj.elf.dir/BSP/retarget.c.obj
                0x080020c0                _write
 .text._close   0x080020f4       0x18 CMakeFiles/MC_Proj.elf.dir/BSP/retarget.c.obj
                0x080020f4                _close
 .text._lseek   0x0800210c       0x10 CMakeFiles/MC_Proj.elf.dir/BSP/retarget.c.obj
                0x0800210c                _lseek
 .text._read    0x0800211c       0x30 CMakeFiles/MC_Proj.elf.dir/BSP/retarget.c.obj
                0x0800211c                _read
 .text._fstat   0x0800214c       0x1a CMakeFiles/MC_Proj.elf.dir/BSP/retarget.c.obj
                0x0800214c                _fstat
 *fill*         0x08002166        0x2 
 .text.servo1_set
                0x08002168       0x60 CMakeFiles/MC_Proj.elf.dir/BSP/servo.c.obj
                0x08002168                servo1_set
 .text.servo2_set
                0x080021c8       0x60 CMakeFiles/MC_Proj.elf.dir/BSP/servo.c.obj
                0x080021c8                servo2_set
 .text.Get_Data
                0x08002228       0x88 CMakeFiles/MC_Proj.elf.dir/Controller/PID_Adjust.c.obj
                0x08002228                Get_Data
 .text.USART_PID_Adjust
                0x080022b0      0x11c CMakeFiles/MC_Proj.elf.dir/Controller/PID_Adjust.c.obj
                0x080022b0                USART_PID_Adjust
 .text.PID_Init
                0x080023cc       0xd4 CMakeFiles/MC_Proj.elf.dir/Controller/PID_Control.c.obj
                0x080023cc                PID_Init
 .text.INC_PID_Realize
                0x080024a0      0x126 CMakeFiles/MC_Proj.elf.dir/Controller/PID_Control.c.obj
                0x080024a0                INC_PID_Realize
 .text.FULL_PID_Realize
                0x080025c6       0xae CMakeFiles/MC_Proj.elf.dir/Controller/PID_Control.c.obj
                0x080025c6                FULL_PID_Realize
 .text.MX_ADC1_Init
                0x08002674       0x70 CMakeFiles/MC_Proj.elf.dir/Core/Src/adc.c.obj
                0x08002674                MX_ADC1_Init
 .text.HAL_ADC_MspInit
                0x080026e4       0xac CMakeFiles/MC_Proj.elf.dir/Core/Src/adc.c.obj
                0x080026e4                HAL_ADC_MspInit
 .text.MX_DMA_Init
                0x08002790       0x34 CMakeFiles/MC_Proj.elf.dir/Core/Src/dma.c.obj
                0x08002790                MX_DMA_Init
 .text.StartDefaultTask
                0x080027c4        0xa CMakeFiles/MC_Proj.elf.dir/Core/Src/freertos.c.obj
                0x080027c4                StartDefaultTask
 *fill*         0x080027ce        0x2 
 .text.MX_FREERTOS_Init
                0x080027d0      0x110 CMakeFiles/MC_Proj.elf.dir/Core/Src/freertos.c.obj
                0x080027d0                MX_FREERTOS_Init
 .text.MX_GPIO_Init
                0x080028e0      0x198 CMakeFiles/MC_Proj.elf.dir/Core/Src/gpio.c.obj
                0x080028e0                MX_GPIO_Init
 .text.MX_I2C2_Init
                0x08002a78       0x3c CMakeFiles/MC_Proj.elf.dir/Core/Src/i2c.c.obj
                0x08002a78                MX_I2C2_Init
 .text.HAL_I2C_MspInit
                0x08002ab4       0x70 CMakeFiles/MC_Proj.elf.dir/Core/Src/i2c.c.obj
                0x08002ab4                HAL_I2C_MspInit
 .text.Error_Handler
                0x08002b24        0x4 CMakeFiles/MC_Proj.elf.dir/Core/Src/main.c.obj
                0x08002b24                Error_Handler
 .text.SystemClock_Config
                0x08002b28       0xa8 CMakeFiles/MC_Proj.elf.dir/Core/Src/main.c.obj
                0x08002b28                SystemClock_Config
 .text.main     0x08002bd0       0x60 CMakeFiles/MC_Proj.elf.dir/Core/Src/main.c.obj
                0x08002bd0                main
 .text.HAL_MspInit
                0x08002c30       0x44 CMakeFiles/MC_Proj.elf.dir/Core/Src/stm32f4xx_hal_msp.c.obj
                0x08002c30                HAL_MspInit
 .text.HAL_InitTick
                0x08002c74       0xa4 CMakeFiles/MC_Proj.elf.dir/Core/Src/stm32f4xx_hal_timebase_tim.c.obj
                0x08002c74                HAL_InitTick
 .text.NMI_Handler
                0x08002d18        0x2 CMakeFiles/MC_Proj.elf.dir/Core/Src/stm32f4xx_it.c.obj
                0x08002d18                NMI_Handler
 .text.HardFault_Handler
                0x08002d1a        0x2 CMakeFiles/MC_Proj.elf.dir/Core/Src/stm32f4xx_it.c.obj
                0x08002d1a                HardFault_Handler
 .text.MemManage_Handler
                0x08002d1c        0x2 CMakeFiles/MC_Proj.elf.dir/Core/Src/stm32f4xx_it.c.obj
                0x08002d1c                MemManage_Handler
 .text.BusFault_Handler
                0x08002d1e        0x2 CMakeFiles/MC_Proj.elf.dir/Core/Src/stm32f4xx_it.c.obj
                0x08002d1e                BusFault_Handler
 .text.UsageFault_Handler
                0x08002d20        0x2 CMakeFiles/MC_Proj.elf.dir/Core/Src/stm32f4xx_it.c.obj
                0x08002d20                UsageFault_Handler
 .text.DebugMon_Handler
                0x08002d22        0x2 CMakeFiles/MC_Proj.elf.dir/Core/Src/stm32f4xx_it.c.obj
                0x08002d22                DebugMon_Handler
 .text.TIM1_BRK_TIM9_IRQHandler
                0x08002d24       0x18 CMakeFiles/MC_Proj.elf.dir/Core/Src/stm32f4xx_it.c.obj
                0x08002d24                TIM1_BRK_TIM9_IRQHandler
 .text.TIM1_UP_TIM10_IRQHandler
                0x08002d3c       0x18 CMakeFiles/MC_Proj.elf.dir/Core/Src/stm32f4xx_it.c.obj
                0x08002d3c                TIM1_UP_TIM10_IRQHandler
 .text.TIM1_TRG_COM_TIM11_IRQHandler
                0x08002d54       0x18 CMakeFiles/MC_Proj.elf.dir/Core/Src/stm32f4xx_it.c.obj
                0x08002d54                TIM1_TRG_COM_TIM11_IRQHandler
 .text.TIM2_IRQHandler
                0x08002d6c       0x10 CMakeFiles/MC_Proj.elf.dir/Core/Src/stm32f4xx_it.c.obj
                0x08002d6c                TIM2_IRQHandler
 .text.TIM3_IRQHandler
                0x08002d7c       0x10 CMakeFiles/MC_Proj.elf.dir/Core/Src/stm32f4xx_it.c.obj
                0x08002d7c                TIM3_IRQHandler
 .text.TIM4_IRQHandler
                0x08002d8c       0x10 CMakeFiles/MC_Proj.elf.dir/Core/Src/stm32f4xx_it.c.obj
                0x08002d8c                TIM4_IRQHandler
 .text.USART2_IRQHandler
                0x08002d9c       0x10 CMakeFiles/MC_Proj.elf.dir/Core/Src/stm32f4xx_it.c.obj
                0x08002d9c                USART2_IRQHandler
 .text.TIM8_BRK_TIM12_IRQHandler
                0x08002dac       0x10 CMakeFiles/MC_Proj.elf.dir/Core/Src/stm32f4xx_it.c.obj
                0x08002dac                TIM8_BRK_TIM12_IRQHandler
 .text.TIM8_UP_TIM13_IRQHandler
                0x08002dbc       0x10 CMakeFiles/MC_Proj.elf.dir/Core/Src/stm32f4xx_it.c.obj
                0x08002dbc                TIM8_UP_TIM13_IRQHandler
 .text.TIM8_TRG_COM_TIM14_IRQHandler
                0x08002dcc       0x10 CMakeFiles/MC_Proj.elf.dir/Core/Src/stm32f4xx_it.c.obj
                0x08002dcc                TIM8_TRG_COM_TIM14_IRQHandler
 .text.TIM5_IRQHandler
                0x08002ddc       0x10 CMakeFiles/MC_Proj.elf.dir/Core/Src/stm32f4xx_it.c.obj
                0x08002ddc                TIM5_IRQHandler
 .text.TIM6_DAC_IRQHandler
                0x08002dec       0x10 CMakeFiles/MC_Proj.elf.dir/Core/Src/stm32f4xx_it.c.obj
                0x08002dec                TIM6_DAC_IRQHandler
 .text.TIM7_IRQHandler
                0x08002dfc       0x10 CMakeFiles/MC_Proj.elf.dir/Core/Src/stm32f4xx_it.c.obj
                0x08002dfc                TIM7_IRQHandler
 .text.DMA2_Stream0_IRQHandler
                0x08002e0c       0x10 CMakeFiles/MC_Proj.elf.dir/Core/Src/stm32f4xx_it.c.obj
                0x08002e0c                DMA2_Stream0_IRQHandler
 .text.USART6_IRQHandler
                0x08002e1c       0x10 CMakeFiles/MC_Proj.elf.dir/Core/Src/stm32f4xx_it.c.obj
                0x08002e1c                USART6_IRQHandler
 .text._getpid  0x08002e2c        0x4 CMakeFiles/MC_Proj.elf.dir/Core/Src/syscalls.c.obj
                0x08002e2c                _getpid
 .text._kill    0x08002e30       0x10 CMakeFiles/MC_Proj.elf.dir/Core/Src/syscalls.c.obj
                0x08002e30                _kill
 .text._exit    0x08002e40        0xc CMakeFiles/MC_Proj.elf.dir/Core/Src/syscalls.c.obj
                0x08002e40                _exit
 .text._sbrk    0x08002e4c       0x48 CMakeFiles/MC_Proj.elf.dir/Core/Src/sysmem.c.obj
                0x08002e4c                _sbrk
 .text.SystemInit
                0x08002e94       0x14 CMakeFiles/MC_Proj.elf.dir/Core/Src/system_stm32f4xx.c.obj
                0x08002e94                SystemInit
 .text.MX_TIM2_Init
                0x08002ea8       0x64 CMakeFiles/MC_Proj.elf.dir/Core/Src/tim.c.obj
                0x08002ea8                MX_TIM2_Init
 .text.MX_TIM3_Init
                0x08002f0c       0x64 CMakeFiles/MC_Proj.elf.dir/Core/Src/tim.c.obj
                0x08002f0c                MX_TIM3_Init
 .text.MX_TIM4_Init
                0x08002f70       0x64 CMakeFiles/MC_Proj.elf.dir/Core/Src/tim.c.obj
                0x08002f70                MX_TIM4_Init
 .text.MX_TIM5_Init
                0x08002fd4       0x64 CMakeFiles/MC_Proj.elf.dir/Core/Src/tim.c.obj
                0x08002fd4                MX_TIM5_Init
 .text.MX_TIM6_Init
                0x08003038       0x50 CMakeFiles/MC_Proj.elf.dir/Core/Src/tim.c.obj
                0x08003038                MX_TIM6_Init
 .text.HAL_TIM_PWM_MspInit
                0x08003088       0xe8 CMakeFiles/MC_Proj.elf.dir/Core/Src/tim.c.obj
                0x08003088                HAL_TIM_PWM_MspInit
 .text.HAL_TIM_Encoder_MspInit
                0x08003170      0x1b8 CMakeFiles/MC_Proj.elf.dir/Core/Src/tim.c.obj
                0x08003170                HAL_TIM_Encoder_MspInit
 .text.HAL_TIM_Base_MspInit
                0x08003328       0xa8 CMakeFiles/MC_Proj.elf.dir/Core/Src/tim.c.obj
                0x08003328                HAL_TIM_Base_MspInit
 .text.HAL_TIM_MspPostInit
                0x080033d0      0x148 CMakeFiles/MC_Proj.elf.dir/Core/Src/tim.c.obj
                0x080033d0                HAL_TIM_MspPostInit
 .text.MX_TIM1_Init
                0x08003518       0xf0 CMakeFiles/MC_Proj.elf.dir/Core/Src/tim.c.obj
                0x08003518                MX_TIM1_Init
 .text.MX_TIM8_Init
                0x08003608       0xd0 CMakeFiles/MC_Proj.elf.dir/Core/Src/tim.c.obj
                0x08003608                MX_TIM8_Init
 .text.MX_TIM9_Init
                0x080036d8       0x7c CMakeFiles/MC_Proj.elf.dir/Core/Src/tim.c.obj
                0x080036d8                MX_TIM9_Init
 .text.MX_TIM10_Init
                0x08003754       0x78 CMakeFiles/MC_Proj.elf.dir/Core/Src/tim.c.obj
                0x08003754                MX_TIM10_Init
 .text.MX_TIM11_Init
                0x080037cc       0x78 CMakeFiles/MC_Proj.elf.dir/Core/Src/tim.c.obj
                0x080037cc                MX_TIM11_Init
 .text.MX_USART1_UART_Init
                0x08003844       0x34 CMakeFiles/MC_Proj.elf.dir/Core/Src/usart.c.obj
                0x08003844                MX_USART1_UART_Init
 .text.MX_USART2_UART_Init
                0x08003878       0x34 CMakeFiles/MC_Proj.elf.dir/Core/Src/usart.c.obj
                0x08003878                MX_USART2_UART_Init
 .text.MX_USART6_UART_Init
                0x080038ac       0x34 CMakeFiles/MC_Proj.elf.dir/Core/Src/usart.c.obj
                0x080038ac                MX_USART6_UART_Init
 .text.HAL_UART_MspInit
                0x080038e0      0x134 CMakeFiles/MC_Proj.elf.dir/Core/Src/usart.c.obj
                0x080038e0                HAL_UART_MspInit
 .text.Reset_Handler
                0x08003a14       0x50 CMakeFiles/MC_Proj.elf.dir/Core/Startup/startup_stm32f407vetx.s.obj
                0x08003a14                Reset_Handler
 .text.Default_Handler
                0x08003a64        0x2 CMakeFiles/MC_Proj.elf.dir/Core/Startup/startup_stm32f407vetx.s.obj
                0x08003a64                RTC_Alarm_IRQHandler
                0x08003a64                HASH_RNG_IRQHandler
                0x08003a64                EXTI2_IRQHandler
                0x08003a64                TIM8_CC_IRQHandler
                0x08003a64                TIM1_CC_IRQHandler
                0x08003a64                DMA2_Stream5_IRQHandler
                0x08003a64                DMA1_Stream5_IRQHandler
                0x08003a64                PVD_IRQHandler
                0x08003a64                SDIO_IRQHandler
                0x08003a64                TAMP_STAMP_IRQHandler
                0x08003a64                CAN2_RX1_IRQHandler
                0x08003a64                EXTI3_IRQHandler
                0x08003a64                I2C3_ER_IRQHandler
                0x08003a64                EXTI0_IRQHandler
                0x08003a64                I2C2_EV_IRQHandler
                0x08003a64                DMA1_Stream2_IRQHandler
                0x08003a64                CAN1_RX0_IRQHandler
                0x08003a64                FPU_IRQHandler
                0x08003a64                OTG_HS_WKUP_IRQHandler
                0x08003a64                CAN2_SCE_IRQHandler
                0x08003a64                DMA2_Stream2_IRQHandler
                0x08003a64                SPI1_IRQHandler
                0x08003a64                DCMI_IRQHandler
                0x08003a64                CAN2_RX0_IRQHandler
                0x08003a64                DMA2_Stream3_IRQHandler
                0x08003a64                USART3_IRQHandler
                0x08003a64                CAN1_RX1_IRQHandler
                0x08003a64                UART5_IRQHandler
                0x08003a64                I2C1_EV_IRQHandler
                0x08003a64                DMA1_Stream6_IRQHandler
                0x08003a64                DMA1_Stream1_IRQHandler
                0x08003a64                UART4_IRQHandler
                0x08003a64                RCC_IRQHandler
                0x08003a64                Default_Handler
                0x08003a64                EXTI15_10_IRQHandler
                0x08003a64                ADC_IRQHandler
                0x08003a64                DMA1_Stream7_IRQHandler
                0x08003a64                CAN2_TX_IRQHandler
                0x08003a64                DMA2_Stream7_IRQHandler
                0x08003a64                I2C3_EV_IRQHandler
                0x08003a64                EXTI9_5_IRQHandler
                0x08003a64                RTC_WKUP_IRQHandler
                0x08003a64                ETH_WKUP_IRQHandler
                0x08003a64                SPI2_IRQHandler
                0x08003a64                OTG_HS_EP1_IN_IRQHandler
                0x08003a64                DMA1_Stream0_IRQHandler
                0x08003a64                CAN1_TX_IRQHandler
                0x08003a64                EXTI4_IRQHandler
                0x08003a64                FSMC_IRQHandler
                0x08003a64                ETH_IRQHandler
                0x08003a64                OTG_HS_EP1_OUT_IRQHandler
                0x08003a64                WWDG_IRQHandler
                0x08003a64                OTG_FS_WKUP_IRQHandler
                0x08003a64                OTG_HS_IRQHandler
                0x08003a64                EXTI1_IRQHandler
                0x08003a64                I2C2_ER_IRQHandler
                0x08003a64                DMA2_Stream1_IRQHandler
                0x08003a64                CAN1_SCE_IRQHandler
                0x08003a64                FLASH_IRQHandler
                0x08003a64                DMA2_Stream4_IRQHandler
                0x08003a64                USART1_IRQHandler
                0x08003a64                OTG_FS_IRQHandler
                0x08003a64                SPI3_IRQHandler
                0x08003a64                DMA1_Stream4_IRQHandler
                0x08003a64                I2C1_ER_IRQHandler
                0x08003a64                DMA2_Stream6_IRQHandler
                0x08003a64                DMA1_Stream3_IRQHandler
 *fill*         0x08003a66        0x2 
 .text.HAL_Init
                0x08003a68       0x34 CMakeFiles/MC_Proj.elf.dir/Drivers/STM32F4xx_HAL_Driver/Src/stm32f4xx_hal.c.obj
                0x08003a68                HAL_Init
 .text.HAL_IncTick
                0x08003a9c       0x18 CMakeFiles/MC_Proj.elf.dir/Drivers/STM32F4xx_HAL_Driver/Src/stm32f4xx_hal.c.obj
                0x08003a9c                HAL_IncTick
 .text.HAL_GetTick
                0x08003ab4        0xc CMakeFiles/MC_Proj.elf.dir/Drivers/STM32F4xx_HAL_Driver/Src/stm32f4xx_hal.c.obj
                0x08003ab4                HAL_GetTick
 .text.ADC_Init
                0x08003ac0      0x134 CMakeFiles/MC_Proj.elf.dir/Drivers/STM32F4xx_HAL_Driver/Src/stm32f4xx_hal_adc.c.obj
 .text.HAL_ADC_Init
                0x08003bf4       0x56 CMakeFiles/MC_Proj.elf.dir/Drivers/STM32F4xx_HAL_Driver/Src/stm32f4xx_hal_adc.c.obj
                0x08003bf4                HAL_ADC_Init
 *fill*         0x08003c4a        0x2 
 .text.HAL_ADC_Start_DMA
                0x08003c4c      0x19c CMakeFiles/MC_Proj.elf.dir/Drivers/STM32F4xx_HAL_Driver/Src/stm32f4xx_hal_adc.c.obj
                0x08003c4c                HAL_ADC_Start_DMA
 .text.HAL_ADC_ConvCpltCallback
                0x08003de8        0x2 CMakeFiles/MC_Proj.elf.dir/Drivers/STM32F4xx_HAL_Driver/Src/stm32f4xx_hal_adc.c.obj
                0x08003de8                HAL_ADC_ConvCpltCallback
 .text.HAL_ADC_ConvHalfCpltCallback
                0x08003dea        0x2 CMakeFiles/MC_Proj.elf.dir/Drivers/STM32F4xx_HAL_Driver/Src/stm32f4xx_hal_adc.c.obj
                0x08003dea                HAL_ADC_ConvHalfCpltCallback
 .text.ADC_DMAHalfConvCplt
                0x08003dec        0xa CMakeFiles/MC_Proj.elf.dir/Drivers/STM32F4xx_HAL_Driver/Src/stm32f4xx_hal_adc.c.obj
 .text.HAL_ADC_ErrorCallback
                0x08003df6        0x2 CMakeFiles/MC_Proj.elf.dir/Drivers/STM32F4xx_HAL_Driver/Src/stm32f4xx_hal_adc.c.obj
                0x08003df6                HAL_ADC_ErrorCallback
 .text.ADC_DMAError
                0x08003df8       0x16 CMakeFiles/MC_Proj.elf.dir/Drivers/STM32F4xx_HAL_Driver/Src/stm32f4xx_hal_adc.c.obj
 .text.ADC_DMAConvCplt
                0x08003e0e       0x72 CMakeFiles/MC_Proj.elf.dir/Drivers/STM32F4xx_HAL_Driver/Src/stm32f4xx_hal_adc.c.obj
 .text.HAL_ADC_ConfigChannel
                0x08003e80      0x198 CMakeFiles/MC_Proj.elf.dir/Drivers/STM32F4xx_HAL_Driver/Src/stm32f4xx_hal_adc.c.obj
                0x08003e80                HAL_ADC_ConfigChannel
 .text.HAL_NVIC_SetPriorityGrouping
                0x08004018       0x24 CMakeFiles/MC_Proj.elf.dir/Drivers/STM32F4xx_HAL_Driver/Src/stm32f4xx_hal_cortex.c.obj
                0x08004018                HAL_NVIC_SetPriorityGrouping
 .text.HAL_NVIC_SetPriority
                0x0800403c       0x70 CMakeFiles/MC_Proj.elf.dir/Drivers/STM32F4xx_HAL_Driver/Src/stm32f4xx_hal_cortex.c.obj
                0x0800403c                HAL_NVIC_SetPriority
 .text.HAL_NVIC_EnableIRQ
                0x080040ac       0x1c CMakeFiles/MC_Proj.elf.dir/Drivers/STM32F4xx_HAL_Driver/Src/stm32f4xx_hal_cortex.c.obj
                0x080040ac                HAL_NVIC_EnableIRQ
 .text.DMA_SetConfig
                0x080040c8       0x2c CMakeFiles/MC_Proj.elf.dir/Drivers/STM32F4xx_HAL_Driver/Src/stm32f4xx_hal_dma.c.obj
 .text.DMA_CalcBaseAndBitshift
                0x080040f4       0x44 CMakeFiles/MC_Proj.elf.dir/Drivers/STM32F4xx_HAL_Driver/Src/stm32f4xx_hal_dma.c.obj
 .text.DMA_CheckFifoParam
                0x08004138       0x8e CMakeFiles/MC_Proj.elf.dir/Drivers/STM32F4xx_HAL_Driver/Src/stm32f4xx_hal_dma.c.obj
 *fill*         0x080041c6        0x2 
 .text.HAL_DMA_Init
                0x080041c8       0xcc CMakeFiles/MC_Proj.elf.dir/Drivers/STM32F4xx_HAL_Driver/Src/stm32f4xx_hal_dma.c.obj
                0x080041c8                HAL_DMA_Init
 .text.HAL_DMA_Start_IT
                0x08004294       0x6a CMakeFiles/MC_Proj.elf.dir/Drivers/STM32F4xx_HAL_Driver/Src/stm32f4xx_hal_dma.c.obj
                0x08004294                HAL_DMA_Start_IT
 .text.HAL_DMA_Abort
                0x080042fe       0x94 CMakeFiles/MC_Proj.elf.dir/Drivers/STM32F4xx_HAL_Driver/Src/stm32f4xx_hal_dma.c.obj
                0x080042fe                HAL_DMA_Abort
 .text.HAL_DMA_Abort_IT
                0x08004392       0x26 CMakeFiles/MC_Proj.elf.dir/Drivers/STM32F4xx_HAL_Driver/Src/stm32f4xx_hal_dma.c.obj
                0x08004392                HAL_DMA_Abort_IT
 .text.HAL_DMA_IRQHandler
                0x080043b8      0x1dc CMakeFiles/MC_Proj.elf.dir/Drivers/STM32F4xx_HAL_Driver/Src/stm32f4xx_hal_dma.c.obj
                0x080043b8                HAL_DMA_IRQHandler
 .text.HAL_GPIO_Init
                0x08004594      0x1e4 CMakeFiles/MC_Proj.elf.dir/Drivers/STM32F4xx_HAL_Driver/Src/stm32f4xx_hal_gpio.c.obj
                0x08004594                HAL_GPIO_Init
 .text.HAL_GPIO_ReadPin
                0x08004778        0xe CMakeFiles/MC_Proj.elf.dir/Drivers/STM32F4xx_HAL_Driver/Src/stm32f4xx_hal_gpio.c.obj
                0x08004778                HAL_GPIO_ReadPin
 .text.HAL_GPIO_WritePin
                0x08004786        0xc CMakeFiles/MC_Proj.elf.dir/Drivers/STM32F4xx_HAL_Driver/Src/stm32f4xx_hal_gpio.c.obj
                0x08004786                HAL_GPIO_WritePin
 *fill*         0x08004792        0x2 
 .text.HAL_I2C_Init
                0x08004794      0x1bc CMakeFiles/MC_Proj.elf.dir/Drivers/STM32F4xx_HAL_Driver/Src/stm32f4xx_hal_i2c.c.obj
                0x08004794                HAL_I2C_Init
 .text.HAL_RCC_OscConfig
                0x08004950      0x3f8 CMakeFiles/MC_Proj.elf.dir/Drivers/STM32F4xx_HAL_Driver/Src/stm32f4xx_hal_rcc.c.obj
                0x08004950                HAL_RCC_OscConfig
 .text.HAL_RCC_GetSysClockFreq
                0x08004d48       0xd4 CMakeFiles/MC_Proj.elf.dir/Drivers/STM32F4xx_HAL_Driver/Src/stm32f4xx_hal_rcc.c.obj
                0x08004d48                HAL_RCC_GetSysClockFreq
 .text.HAL_RCC_ClockConfig
                0x08004e1c      0x160 CMakeFiles/MC_Proj.elf.dir/Drivers/STM32F4xx_HAL_Driver/Src/stm32f4xx_hal_rcc.c.obj
                0x08004e1c                HAL_RCC_ClockConfig
 .text.HAL_RCC_GetHCLKFreq
                0x08004f7c        0xc CMakeFiles/MC_Proj.elf.dir/Drivers/STM32F4xx_HAL_Driver/Src/stm32f4xx_hal_rcc.c.obj
                0x08004f7c                HAL_RCC_GetHCLKFreq
 .text.HAL_RCC_GetPCLK1Freq
                0x08004f88       0x20 CMakeFiles/MC_Proj.elf.dir/Drivers/STM32F4xx_HAL_Driver/Src/stm32f4xx_hal_rcc.c.obj
                0x08004f88                HAL_RCC_GetPCLK1Freq
 .text.HAL_RCC_GetPCLK2Freq
                0x08004fa8       0x20 CMakeFiles/MC_Proj.elf.dir/Drivers/STM32F4xx_HAL_Driver/Src/stm32f4xx_hal_rcc.c.obj
                0x08004fa8                HAL_RCC_GetPCLK2Freq
 .text.HAL_RCC_GetClockConfig
                0x08004fc8       0x3c CMakeFiles/MC_Proj.elf.dir/Drivers/STM32F4xx_HAL_Driver/Src/stm32f4xx_hal_rcc.c.obj
                0x08004fc8                HAL_RCC_GetClockConfig
 .text.TIM_OC1_SetConfig
                0x08005004       0x68 CMakeFiles/MC_Proj.elf.dir/Drivers/STM32F4xx_HAL_Driver/Src/stm32f4xx_hal_tim.c.obj
 .text.TIM_OC3_SetConfig
                0x0800506c       0x70 CMakeFiles/MC_Proj.elf.dir/Drivers/STM32F4xx_HAL_Driver/Src/stm32f4xx_hal_tim.c.obj
 .text.TIM_OC4_SetConfig
                0x080050dc       0x50 CMakeFiles/MC_Proj.elf.dir/Drivers/STM32F4xx_HAL_Driver/Src/stm32f4xx_hal_tim.c.obj
 .text.HAL_TIM_Base_Start_IT
                0x0800512c       0x88 CMakeFiles/MC_Proj.elf.dir/Drivers/STM32F4xx_HAL_Driver/Src/stm32f4xx_hal_tim.c.obj
                0x0800512c                HAL_TIM_Base_Start_IT
 .text.HAL_TIM_OC_DelayElapsedCallback
                0x080051b4        0x2 CMakeFiles/MC_Proj.elf.dir/Drivers/STM32F4xx_HAL_Driver/Src/stm32f4xx_hal_tim.c.obj
                0x080051b4                HAL_TIM_OC_DelayElapsedCallback
 .text.HAL_TIM_IC_CaptureCallback
                0x080051b6        0x2 CMakeFiles/MC_Proj.elf.dir/Drivers/STM32F4xx_HAL_Driver/Src/stm32f4xx_hal_tim.c.obj
                0x080051b6                HAL_TIM_IC_CaptureCallback
 .text.HAL_TIM_PWM_PulseFinishedCallback
                0x080051b8        0x2 CMakeFiles/MC_Proj.elf.dir/Drivers/STM32F4xx_HAL_Driver/Src/stm32f4xx_hal_tim.c.obj
                0x080051b8                HAL_TIM_PWM_PulseFinishedCallback
 .text.HAL_TIM_TriggerCallback
                0x080051ba        0x2 CMakeFiles/MC_Proj.elf.dir/Drivers/STM32F4xx_HAL_Driver/Src/stm32f4xx_hal_tim.c.obj
                0x080051ba                HAL_TIM_TriggerCallback
 .text.HAL_TIM_IRQHandler
                0x080051bc      0x15e CMakeFiles/MC_Proj.elf.dir/Drivers/STM32F4xx_HAL_Driver/Src/stm32f4xx_hal_tim.c.obj
                0x080051bc                HAL_TIM_IRQHandler
 *fill*         0x0800531a        0x2 
 .text.TIM_Base_SetConfig
                0x0800531c       0xd8 CMakeFiles/MC_Proj.elf.dir/Drivers/STM32F4xx_HAL_Driver/Src/stm32f4xx_hal_tim.c.obj
                0x0800531c                TIM_Base_SetConfig
 .text.HAL_TIM_Base_Init
                0x080053f4       0x58 CMakeFiles/MC_Proj.elf.dir/Drivers/STM32F4xx_HAL_Driver/Src/stm32f4xx_hal_tim.c.obj
                0x080053f4                HAL_TIM_Base_Init
 .text.HAL_TIM_PWM_Init
                0x0800544c       0x58 CMakeFiles/MC_Proj.elf.dir/Drivers/STM32F4xx_HAL_Driver/Src/stm32f4xx_hal_tim.c.obj
                0x0800544c                HAL_TIM_PWM_Init
 .text.HAL_TIM_Encoder_Init
                0x080054a4       0xb6 CMakeFiles/MC_Proj.elf.dir/Drivers/STM32F4xx_HAL_Driver/Src/stm32f4xx_hal_tim.c.obj
                0x080054a4                HAL_TIM_Encoder_Init
 *fill*         0x0800555a        0x2 
 .text.TIM_OC2_SetConfig
                0x0800555c       0x70 CMakeFiles/MC_Proj.elf.dir/Drivers/STM32F4xx_HAL_Driver/Src/stm32f4xx_hal_tim.c.obj
                0x0800555c                TIM_OC2_SetConfig
 .text.HAL_TIM_PWM_ConfigChannel
                0x080055cc       0xdc CMakeFiles/MC_Proj.elf.dir/Drivers/STM32F4xx_HAL_Driver/Src/stm32f4xx_hal_tim.c.obj
                0x080055cc                HAL_TIM_PWM_ConfigChannel
 .text.TIM_CCxChannelCmd
                0x080056a8       0x1e CMakeFiles/MC_Proj.elf.dir/Drivers/STM32F4xx_HAL_Driver/Src/stm32f4xx_hal_tim.c.obj
                0x080056a8                TIM_CCxChannelCmd
 *fill*         0x080056c6        0x2 
 .text.HAL_TIM_PWM_Start
                0x080056c8      0x104 CMakeFiles/MC_Proj.elf.dir/Drivers/STM32F4xx_HAL_Driver/Src/stm32f4xx_hal_tim.c.obj
                0x080056c8                HAL_TIM_PWM_Start
 .text.HAL_TIM_Encoder_Start
                0x080057cc       0xcc CMakeFiles/MC_Proj.elf.dir/Drivers/STM32F4xx_HAL_Driver/Src/stm32f4xx_hal_tim.c.obj
                0x080057cc                HAL_TIM_Encoder_Start
 .text.HAL_TIMEx_MasterConfigSynchronization
                0x08005898       0x8c CMakeFiles/MC_Proj.elf.dir/Drivers/STM32F4xx_HAL_Driver/Src/stm32f4xx_hal_tim_ex.c.obj
                0x08005898                HAL_TIMEx_MasterConfigSynchronization
 .text.HAL_TIMEx_ConfigBreakDeadTime
                0x08005924       0x52 CMakeFiles/MC_Proj.elf.dir/Drivers/STM32F4xx_HAL_Driver/Src/stm32f4xx_hal_tim_ex.c.obj
                0x08005924                HAL_TIMEx_ConfigBreakDeadTime
 .text.HAL_TIMEx_CommutCallback
                0x08005976        0x2 CMakeFiles/MC_Proj.elf.dir/Drivers/STM32F4xx_HAL_Driver/Src/stm32f4xx_hal_tim_ex.c.obj
                0x08005976                HAL_TIMEx_CommutCallback
 .text.HAL_TIMEx_BreakCallback
                0x08005978        0x2 CMakeFiles/MC_Proj.elf.dir/Drivers/STM32F4xx_HAL_Driver/Src/stm32f4xx_hal_tim_ex.c.obj
                0x08005978                HAL_TIMEx_BreakCallback
 .text.UART_EndRxTransfer
                0x0800597a       0x5c CMakeFiles/MC_Proj.elf.dir/Drivers/STM32F4xx_HAL_Driver/Src/stm32f4xx_hal_uart.c.obj
 .text.UART_Transmit_IT
                0x080059d6       0x60 CMakeFiles/MC_Proj.elf.dir/Drivers/STM32F4xx_HAL_Driver/Src/stm32f4xx_hal_uart.c.obj
 *fill*         0x08005a36        0x2 
 .text.UART_SetConfig
                0x08005a38      0x110 CMakeFiles/MC_Proj.elf.dir/Drivers/STM32F4xx_HAL_Driver/Src/stm32f4xx_hal_uart.c.obj
 .text.UART_WaitOnFlagUntilTimeout
                0x08005b48       0x8a CMakeFiles/MC_Proj.elf.dir/Drivers/STM32F4xx_HAL_Driver/Src/stm32f4xx_hal_uart.c.obj
 .text.HAL_UART_Init
                0x08005bd2       0x60 CMakeFiles/MC_Proj.elf.dir/Drivers/STM32F4xx_HAL_Driver/Src/stm32f4xx_hal_uart.c.obj
                0x08005bd2                HAL_UART_Init
 .text.HAL_UART_Transmit
                0x08005c32       0xcc CMakeFiles/MC_Proj.elf.dir/Drivers/STM32F4xx_HAL_Driver/Src/stm32f4xx_hal_uart.c.obj
                0x08005c32                HAL_UART_Transmit
 .text.HAL_UART_Receive
                0x08005cfe       0xd2 CMakeFiles/MC_Proj.elf.dir/Drivers/STM32F4xx_HAL_Driver/Src/stm32f4xx_hal_uart.c.obj
                0x08005cfe                HAL_UART_Receive
 .text.HAL_UART_TxCpltCallback
                0x08005dd0        0x2 CMakeFiles/MC_Proj.elf.dir/Drivers/STM32F4xx_HAL_Driver/Src/stm32f4xx_hal_uart.c.obj
                0x08005dd0                HAL_UART_TxCpltCallback
 .text.UART_EndTransmit_IT
                0x08005dd2       0x1a CMakeFiles/MC_Proj.elf.dir/Drivers/STM32F4xx_HAL_Driver/Src/stm32f4xx_hal_uart.c.obj
 .text.HAL_UART_ErrorCallback
                0x08005dec        0x2 CMakeFiles/MC_Proj.elf.dir/Drivers/STM32F4xx_HAL_Driver/Src/stm32f4xx_hal_uart.c.obj
                0x08005dec                HAL_UART_ErrorCallback
 .text.UART_DMAAbortOnError
                0x08005dee       0x10 CMakeFiles/MC_Proj.elf.dir/Drivers/STM32F4xx_HAL_Driver/Src/stm32f4xx_hal_uart.c.obj
 .text.HAL_UARTEx_RxEventCallback
                0x08005dfe        0x2 CMakeFiles/MC_Proj.elf.dir/Drivers/STM32F4xx_HAL_Driver/Src/stm32f4xx_hal_uart.c.obj
                0x08005dfe                HAL_UARTEx_RxEventCallback
 .text.UART_Receive_IT
                0x08005e00       0xe6 CMakeFiles/MC_Proj.elf.dir/Drivers/STM32F4xx_HAL_Driver/Src/stm32f4xx_hal_uart.c.obj
 *fill*         0x08005ee6        0x2 
 .text.HAL_UART_IRQHandler
                0x08005ee8      0x288 CMakeFiles/MC_Proj.elf.dir/Drivers/STM32F4xx_HAL_Driver/Src/stm32f4xx_hal_uart.c.obj
                0x08005ee8                HAL_UART_IRQHandler
 .text.UART_Start_Receive_IT
                0x08006170       0x36 CMakeFiles/MC_Proj.elf.dir/Drivers/STM32F4xx_HAL_Driver/Src/stm32f4xx_hal_uart.c.obj
                0x08006170                UART_Start_Receive_IT
 .text.HAL_UART_Receive_IT
                0x080061a6       0x26 CMakeFiles/MC_Proj.elf.dir/Drivers/STM32F4xx_HAL_Driver/Src/stm32f4xx_hal_uart.c.obj
                0x080061a6                HAL_UART_Receive_IT
 .text.SysTick_Handler
                0x080061cc       0x18 CMakeFiles/MC_Proj.elf.dir/Middlewares/Third_Party/FreeRTOS/Source/CMSIS_RTOS_V2/cmsis_os2.c.obj
                0x080061cc                SysTick_Handler
 .text.osKernelInitialize
                0x080061e4       0x24 CMakeFiles/MC_Proj.elf.dir/Middlewares/Third_Party/FreeRTOS/Source/CMSIS_RTOS_V2/cmsis_os2.c.obj
                0x080061e4                osKernelInitialize
 .text.osKernelStart
                0x08006208       0x38 CMakeFiles/MC_Proj.elf.dir/Middlewares/Third_Party/FreeRTOS/Source/CMSIS_RTOS_V2/cmsis_os2.c.obj
                0x08006208                osKernelStart
 .text.osThreadNew
                0x08006240       0xbe CMakeFiles/MC_Proj.elf.dir/Middlewares/Third_Party/FreeRTOS/Source/CMSIS_RTOS_V2/cmsis_os2.c.obj
                0x08006240                osThreadNew
 .text.osDelay  0x080062fe       0x1c CMakeFiles/MC_Proj.elf.dir/Middlewares/Third_Party/FreeRTOS/Source/CMSIS_RTOS_V2/cmsis_os2.c.obj
                0x080062fe                osDelay
 *fill*         0x0800631a        0x2 
 .text.vApplicationGetIdleTaskMemory
                0x0800631c       0x18 CMakeFiles/MC_Proj.elf.dir/Middlewares/Third_Party/FreeRTOS/Source/CMSIS_RTOS_V2/cmsis_os2.c.obj
                0x0800631c                vApplicationGetIdleTaskMemory
 .text.vApplicationGetTimerTaskMemory
                0x08006334       0x18 CMakeFiles/MC_Proj.elf.dir/Middlewares/Third_Party/FreeRTOS/Source/CMSIS_RTOS_V2/cmsis_os2.c.obj
                0x08006334                vApplicationGetTimerTaskMemory
 .text.vListInitialise
                0x0800634c       0x16 CMakeFiles/MC_Proj.elf.dir/Middlewares/Third_Party/FreeRTOS/Source/list.c.obj
                0x0800634c                vListInitialise
 .text.vListInitialiseItem
                0x08006362        0x6 CMakeFiles/MC_Proj.elf.dir/Middlewares/Third_Party/FreeRTOS/Source/list.c.obj
                0x08006362                vListInitialiseItem
 .text.vListInsertEnd
                0x08006368       0x16 CMakeFiles/MC_Proj.elf.dir/Middlewares/Third_Party/FreeRTOS/Source/list.c.obj
                0x08006368                vListInsertEnd
 .text.vListInsert
                0x0800637e       0x32 CMakeFiles/MC_Proj.elf.dir/Middlewares/Third_Party/FreeRTOS/Source/list.c.obj
                0x0800637e                vListInsert
 .text.uxListRemove
                0x080063b0       0x26 CMakeFiles/MC_Proj.elf.dir/Middlewares/Third_Party/FreeRTOS/Source/list.c.obj
                0x080063b0                uxListRemove
 *fill*         0x080063d6        0x2 
 .text.prvTaskExitError
                0x080063d8       0x40 CMakeFiles/MC_Proj.elf.dir/Middlewares/Third_Party/FreeRTOS/Source/portable/GCC/ARM_CM4F/port.c.obj
 .text.prvPortStartFirstTask
                0x08006418       0x28 CMakeFiles/MC_Proj.elf.dir/Middlewares/Third_Party/FreeRTOS/Source/portable/GCC/ARM_CM4F/port.c.obj
 .text.vPortEnableVFP
                0x08006440       0x14 CMakeFiles/MC_Proj.elf.dir/Middlewares/Third_Party/FreeRTOS/Source/portable/GCC/ARM_CM4F/port.c.obj
 .text.pxPortInitialiseStack
                0x08006454       0x2c CMakeFiles/MC_Proj.elf.dir/Middlewares/Third_Party/FreeRTOS/Source/portable/GCC/ARM_CM4F/port.c.obj
                0x08006454                pxPortInitialiseStack
 .text.SVC_Handler
                0x08006480       0x24 CMakeFiles/MC_Proj.elf.dir/Middlewares/Third_Party/FreeRTOS/Source/portable/GCC/ARM_CM4F/port.c.obj
                0x08006480                SVC_Handler
 .text.vPortEnterCritical
                0x080064a4       0x44 CMakeFiles/MC_Proj.elf.dir/Middlewares/Third_Party/FreeRTOS/Source/portable/GCC/ARM_CM4F/port.c.obj
                0x080064a4                vPortEnterCritical
 .text.vPortExitCritical
                0x080064e8       0x2c CMakeFiles/MC_Proj.elf.dir/Middlewares/Third_Party/FreeRTOS/Source/portable/GCC/ARM_CM4F/port.c.obj
                0x080064e8                vPortExitCritical
 *fill*         0x08006514        0xc 
 .text.PendSV_Handler
                0x08006520       0x64 CMakeFiles/MC_Proj.elf.dir/Middlewares/Third_Party/FreeRTOS/Source/portable/GCC/ARM_CM4F/port.c.obj
                0x08006520                PendSV_Handler
 .text.xPortSysTickHandler
                0x08006584       0x2c CMakeFiles/MC_Proj.elf.dir/Middlewares/Third_Party/FreeRTOS/Source/portable/GCC/ARM_CM4F/port.c.obj
                0x08006584                xPortSysTickHandler
 .text.vPortSetupTimerInterrupt
                0x080065b0       0x28 CMakeFiles/MC_Proj.elf.dir/Middlewares/Third_Party/FreeRTOS/Source/portable/GCC/ARM_CM4F/port.c.obj
                0x080065b0                vPortSetupTimerInterrupt
 .text.xPortStartScheduler
                0x080065d8      0x118 CMakeFiles/MC_Proj.elf.dir/Middlewares/Third_Party/FreeRTOS/Source/portable/GCC/ARM_CM4F/port.c.obj
                0x080065d8                xPortStartScheduler
 .text.vPortValidateInterruptPriority
                0x080066f0       0x5c CMakeFiles/MC_Proj.elf.dir/Middlewares/Third_Party/FreeRTOS/Source/portable/GCC/ARM_CM4F/port.c.obj
                0x080066f0                vPortValidateInterruptPriority
 .text.prvHeapInit
                0x0800674c       0x64 CMakeFiles/MC_Proj.elf.dir/Middlewares/Third_Party/FreeRTOS/Source/portable/MemMang/heap_4.c.obj
 .text.prvInsertBlockIntoFreeList
                0x080067b0       0x64 CMakeFiles/MC_Proj.elf.dir/Middlewares/Third_Party/FreeRTOS/Source/portable/MemMang/heap_4.c.obj
 .text.pvPortMalloc
                0x08006814       0xfc CMakeFiles/MC_Proj.elf.dir/Middlewares/Third_Party/FreeRTOS/Source/portable/MemMang/heap_4.c.obj
                0x08006814                pvPortMalloc
 .text.vPortFree
                0x08006910       0x7c CMakeFiles/MC_Proj.elf.dir/Middlewares/Third_Party/FreeRTOS/Source/portable/MemMang/heap_4.c.obj
                0x08006910                vPortFree
 .text.prvIsQueueFull
                0x0800698c       0x1e CMakeFiles/MC_Proj.elf.dir/Middlewares/Third_Party/FreeRTOS/Source/queue.c.obj
 .text.prvIsQueueEmpty
                0x080069aa       0x1a CMakeFiles/MC_Proj.elf.dir/Middlewares/Third_Party/FreeRTOS/Source/queue.c.obj
 .text.prvCopyDataToQueue
                0x080069c4       0x76 CMakeFiles/MC_Proj.elf.dir/Middlewares/Third_Party/FreeRTOS/Source/queue.c.obj
 .text.prvCopyDataFromQueue
                0x08006a3a       0x24 CMakeFiles/MC_Proj.elf.dir/Middlewares/Third_Party/FreeRTOS/Source/queue.c.obj
 .text.prvUnlockQueue
                0x08006a5e       0x6e CMakeFiles/MC_Proj.elf.dir/Middlewares/Third_Party/FreeRTOS/Source/queue.c.obj
 .text.xQueueGenericReset
                0x08006acc       0x84 CMakeFiles/MC_Proj.elf.dir/Middlewares/Third_Party/FreeRTOS/Source/queue.c.obj
                0x08006acc                xQueueGenericReset
 .text.prvInitialiseNewQueue
                0x08006b50       0x22 CMakeFiles/MC_Proj.elf.dir/Middlewares/Third_Party/FreeRTOS/Source/queue.c.obj
 .text.xQueueGenericCreateStatic
                0x08006b72       0x94 CMakeFiles/MC_Proj.elf.dir/Middlewares/Third_Party/FreeRTOS/Source/queue.c.obj
                0x08006b72                xQueueGenericCreateStatic
 .text.xQueueGenericCreate
                0x08006c06       0x48 CMakeFiles/MC_Proj.elf.dir/Middlewares/Third_Party/FreeRTOS/Source/queue.c.obj
                0x08006c06                xQueueGenericCreate
 .text.xQueueGenericSend
                0x08006c4e      0x188 CMakeFiles/MC_Proj.elf.dir/Middlewares/Third_Party/FreeRTOS/Source/queue.c.obj
                0x08006c4e                xQueueGenericSend
 .text.xQueueGenericSendFromISR
                0x08006dd6       0xce CMakeFiles/MC_Proj.elf.dir/Middlewares/Third_Party/FreeRTOS/Source/queue.c.obj
                0x08006dd6                xQueueGenericSendFromISR
 .text.xQueueReceive
                0x08006ea4      0x15e CMakeFiles/MC_Proj.elf.dir/Middlewares/Third_Party/FreeRTOS/Source/queue.c.obj
                0x08006ea4                xQueueReceive
 *fill*         0x08007002        0x2 
 .text.vQueueAddToRegistry
                0x08007004       0x28 CMakeFiles/MC_Proj.elf.dir/Middlewares/Third_Party/FreeRTOS/Source/queue.c.obj
                0x08007004                vQueueAddToRegistry
 .text.vQueueWaitForMessageRestricted
                0x0800702c       0x52 CMakeFiles/MC_Proj.elf.dir/Middlewares/Third_Party/FreeRTOS/Source/queue.c.obj
                0x0800702c                vQueueWaitForMessageRestricted
 *fill*         0x0800707e        0x2 
 .text.prvResetNextTaskUnblockTime
                0x08007080       0x2c CMakeFiles/MC_Proj.elf.dir/Middlewares/Third_Party/FreeRTOS/Source/tasks.c.obj
 .text.prvInitialiseNewTask
                0x080070ac      0x106 CMakeFiles/MC_Proj.elf.dir/Middlewares/Third_Party/FreeRTOS/Source/tasks.c.obj
 *fill*         0x080071b2        0x2 
 .text.prvInitialiseTaskLists
                0x080071b4       0x68 CMakeFiles/MC_Proj.elf.dir/Middlewares/Third_Party/FreeRTOS/Source/tasks.c.obj
 .text.prvAddNewTaskToReadyList
                0x0800721c       0xac CMakeFiles/MC_Proj.elf.dir/Middlewares/Third_Party/FreeRTOS/Source/tasks.c.obj
 .text.prvDeleteTCB
                0x080072c8       0x40 CMakeFiles/MC_Proj.elf.dir/Middlewares/Third_Party/FreeRTOS/Source/tasks.c.obj
 .text.prvCheckTasksWaitingTermination
                0x08007308       0x4c CMakeFiles/MC_Proj.elf.dir/Middlewares/Third_Party/FreeRTOS/Source/tasks.c.obj
 .text.prvIdleTask
                0x08007354       0x28 CMakeFiles/MC_Proj.elf.dir/Middlewares/Third_Party/FreeRTOS/Source/tasks.c.obj
 .text.prvAddCurrentTaskToDelayedList
                0x0800737c       0x7c CMakeFiles/MC_Proj.elf.dir/Middlewares/Third_Party/FreeRTOS/Source/tasks.c.obj
 .text.xTaskCreateStatic
                0x080073f8       0x7a CMakeFiles/MC_Proj.elf.dir/Middlewares/Third_Party/FreeRTOS/Source/tasks.c.obj
                0x080073f8                xTaskCreateStatic
 .text.xTaskCreate
                0x08007472       0x6a CMakeFiles/MC_Proj.elf.dir/Middlewares/Third_Party/FreeRTOS/Source/tasks.c.obj
                0x08007472                xTaskCreate
 .text.vTaskStartScheduler
                0x080074dc       0xac CMakeFiles/MC_Proj.elf.dir/Middlewares/Third_Party/FreeRTOS/Source/tasks.c.obj
                0x080074dc                vTaskStartScheduler
 .text.vTaskSuspendAll
                0x08007588       0x10 CMakeFiles/MC_Proj.elf.dir/Middlewares/Third_Party/FreeRTOS/Source/tasks.c.obj
                0x08007588                vTaskSuspendAll
 .text.xTaskGetTickCount
                0x08007598        0xc CMakeFiles/MC_Proj.elf.dir/Middlewares/Third_Party/FreeRTOS/Source/tasks.c.obj
                0x08007598                xTaskGetTickCount
 .text.xTaskIncrementTick
                0x080075a4      0x118 CMakeFiles/MC_Proj.elf.dir/Middlewares/Third_Party/FreeRTOS/Source/tasks.c.obj
                0x080075a4                xTaskIncrementTick
 .text.xTaskResumeAll
                0x080076bc       0xf8 CMakeFiles/MC_Proj.elf.dir/Middlewares/Third_Party/FreeRTOS/Source/tasks.c.obj
                0x080076bc                xTaskResumeAll
 .text.vTaskDelayUntil
                0x080077b4       0xa4 CMakeFiles/MC_Proj.elf.dir/Middlewares/Third_Party/FreeRTOS/Source/tasks.c.obj
                0x080077b4                vTaskDelayUntil
 .text.vTaskDelay
                0x08007858       0x4c CMakeFiles/MC_Proj.elf.dir/Middlewares/Third_Party/FreeRTOS/Source/tasks.c.obj
                0x08007858                vTaskDelay
 .text.vTaskSwitchContext
                0x080078a4       0xa0 CMakeFiles/MC_Proj.elf.dir/Middlewares/Third_Party/FreeRTOS/Source/tasks.c.obj
                0x080078a4                vTaskSwitchContext
 .text.vTaskPlaceOnEventList
                0x08007944       0x30 CMakeFiles/MC_Proj.elf.dir/Middlewares/Third_Party/FreeRTOS/Source/tasks.c.obj
                0x08007944                vTaskPlaceOnEventList
 .text.vTaskPlaceOnEventListRestricted
                0x08007974       0x38 CMakeFiles/MC_Proj.elf.dir/Middlewares/Third_Party/FreeRTOS/Source/tasks.c.obj
                0x08007974                vTaskPlaceOnEventListRestricted
 .text.xTaskRemoveFromEventList
                0x080079ac       0x8c CMakeFiles/MC_Proj.elf.dir/Middlewares/Third_Party/FreeRTOS/Source/tasks.c.obj
                0x080079ac                xTaskRemoveFromEventList
 .text.vTaskInternalSetTimeOutState
                0x08007a38       0x18 CMakeFiles/MC_Proj.elf.dir/Middlewares/Third_Party/FreeRTOS/Source/tasks.c.obj
                0x08007a38                vTaskInternalSetTimeOutState
 .text.xTaskCheckForTimeOut
                0x08007a50       0x84 CMakeFiles/MC_Proj.elf.dir/Middlewares/Third_Party/FreeRTOS/Source/tasks.c.obj
                0x08007a50                xTaskCheckForTimeOut
 .text.vTaskMissedYield
                0x08007ad4        0xc CMakeFiles/MC_Proj.elf.dir/Middlewares/Third_Party/FreeRTOS/Source/tasks.c.obj
                0x08007ad4                vTaskMissedYield
 .text.xTaskGetSchedulerState
                0x08007ae0       0x20 CMakeFiles/MC_Proj.elf.dir/Middlewares/Third_Party/FreeRTOS/Source/tasks.c.obj
                0x08007ae0                xTaskGetSchedulerState
 .text.xTaskPriorityDisinherit
                0x08007b00       0x90 CMakeFiles/MC_Proj.elf.dir/Middlewares/Third_Party/FreeRTOS/Source/tasks.c.obj
                0x08007b00                xTaskPriorityDisinherit
 .text.prvGetNextExpireTime
                0x08007b90       0x20 CMakeFiles/MC_Proj.elf.dir/Middlewares/Third_Party/FreeRTOS/Source/timers.c.obj
 .text.prvInsertTimerInActiveList
                0x08007bb0       0x48 CMakeFiles/MC_Proj.elf.dir/Middlewares/Third_Party/FreeRTOS/Source/timers.c.obj
 .text.prvCheckForValidListAndQueue
                0x08007bf8       0x70 CMakeFiles/MC_Proj.elf.dir/Middlewares/Third_Party/FreeRTOS/Source/timers.c.obj
 .text.xTimerCreateTimerTask
                0x08007c68       0x64 CMakeFiles/MC_Proj.elf.dir/Middlewares/Third_Party/FreeRTOS/Source/timers.c.obj
                0x08007c68                xTimerCreateTimerTask
 .text.xTimerGenericCommand
                0x08007ccc       0x6c CMakeFiles/MC_Proj.elf.dir/Middlewares/Third_Party/FreeRTOS/Source/timers.c.obj
                0x08007ccc                xTimerGenericCommand
 .text.prvSwitchTimerLists
                0x08007d38       0x7c CMakeFiles/MC_Proj.elf.dir/Middlewares/Third_Party/FreeRTOS/Source/timers.c.obj
 .text.prvSampleTimeNow
                0x08007db4       0x2c CMakeFiles/MC_Proj.elf.dir/Middlewares/Third_Party/FreeRTOS/Source/timers.c.obj
 .text.prvProcessExpiredTimer
                0x08007de0       0x6c CMakeFiles/MC_Proj.elf.dir/Middlewares/Third_Party/FreeRTOS/Source/timers.c.obj
 .text.prvProcessTimerOrBlockTask
                0x08007e4c       0x74 CMakeFiles/MC_Proj.elf.dir/Middlewares/Third_Party/FreeRTOS/Source/timers.c.obj
 .text.prvProcessReceivedCommands
                0x08007ec0      0x10c CMakeFiles/MC_Proj.elf.dir/Middlewares/Third_Party/FreeRTOS/Source/timers.c.obj
 .text.prvTimerTask
                0x08007fcc       0x16 CMakeFiles/MC_Proj.elf.dir/Middlewares/Third_Party/FreeRTOS/Source/timers.c.obj
 *fill*         0x08007fe2        0x2 
 .text.HAL_UART_RxCpltCallback
                0x08007fe4      0x164 CMakeFiles/MC_Proj.elf.dir/User/IRQ.c.obj
                0x08007fe4                HAL_UART_RxCpltCallback
 .text.HAL_TIM_PeriodElapsedCallback
                0x08008148      0x314 CMakeFiles/MC_Proj.elf.dir/User/IRQ.c.obj
                0x08008148                HAL_TIM_PeriodElapsedCallback
 .text.my_init  0x0800845c       0xc8 CMakeFiles/MC_Proj.elf.dir/User/Init.c.obj
                0x0800845c                my_init
 *fill*         0x08008524        0x4 
 .text.Kinematic_Analysis
                0x08008528       0xe0 CMakeFiles/MC_Proj.elf.dir/User/Kinematic_Analysis.c.obj
                0x08008528                Kinematic_Analysis
 .text.__errno  0x08008608        0xc c:/progra~2/gnuarm~1/102021~1.10/bin/../lib/gcc/arm-none-eabi/10.3.1/../../../../arm-none-eabi/lib/thumb/v7e-m+fp/hard\libg.a(lib_a-errno.o)
                0x08008608                __errno
 .text.__libc_init_array
                0x08008614       0x48 c:/progra~2/gnuarm~1/102021~1.10/bin/../lib/gcc/arm-none-eabi/10.3.1/../../../../arm-none-eabi/lib/thumb/v7e-m+fp/hard\libg.a(lib_a-init.o)
                0x08008614                __libc_init_array
 .text.memset   0x0800865c       0xa4 c:/progra~2/gnuarm~1/102021~1.10/bin/../lib/gcc/arm-none-eabi/10.3.1/../../../../arm-none-eabi/lib/thumb/v7e-m+fp/hard\libg.a(lib_a-memset.o)
                0x0800865c                memset
 .text.printf   0x08008700       0x28 c:/progra~2/gnuarm~1/102021~1.10/bin/../lib/gcc/arm-none-eabi/10.3.1/../../../../arm-none-eabi/lib/thumb/v7e-m+fp/hard\libg.a(lib_a-printf.o)
                0x08008700                printf
 .text._puts_r  0x08008728       0x9c c:/progra~2/gnuarm~1/102021~1.10/bin/../lib/gcc/arm-none-eabi/10.3.1/../../../../arm-none-eabi/lib/thumb/v7e-m+fp/hard\libg.a(lib_a-puts.o)
                0x08008728                _puts_r
 .text.puts     0x080087c4       0x10 c:/progra~2/gnuarm~1/102021~1.10/bin/../lib/gcc/arm-none-eabi/10.3.1/../../../../arm-none-eabi/lib/thumb/v7e-m+fp/hard\libg.a(lib_a-puts.o)
                0x080087c4                puts
 .text.cleanup_glue
                0x080087d4       0x48 c:/progra~2/gnuarm~1/102021~1.10/bin/../lib/gcc/arm-none-eabi/10.3.1/../../../../arm-none-eabi/lib/thumb/v7e-m+fp/hard\libg.a(lib_a-reent.o)
                0x080087d4                cleanup_glue
 .text._reclaim_reent
                0x0800881c       0x90 c:/progra~2/gnuarm~1/102021~1.10/bin/../lib/gcc/arm-none-eabi/10.3.1/../../../../arm-none-eabi/lib/thumb/v7e-m+fp/hard\libg.a(lib_a-reent.o)
                0x0800881c                _reclaim_reent
 .text.setvbuf  0x080088ac      0x1b0 c:/progra~2/gnuarm~1/102021~1.10/bin/../lib/gcc/arm-none-eabi/10.3.1/../../../../arm-none-eabi/lib/thumb/v7e-m+fp/hard\libg.a(lib_a-setvbuf.o)
                0x080088ac                setvbuf
 .text.sprintf  0x08008a5c       0x40 c:/progra~2/gnuarm~1/102021~1.10/bin/../lib/gcc/arm-none-eabi/10.3.1/../../../../arm-none-eabi/lib/thumb/v7e-m+fp/hard\libg.a(lib_a-sprintf.o)
                0x08008a5c                sprintf
 .text.sscanf   0x08008a9c       0x58 c:/progra~2/gnuarm~1/102021~1.10/bin/../lib/gcc/arm-none-eabi/10.3.1/../../../../arm-none-eabi/lib/thumb/v7e-m+fp/hard\libg.a(lib_a-sscanf.o)
                0x08008a9c                sscanf
 .text.__sread  0x08008af4       0x24 c:/progra~2/gnuarm~1/102021~1.10/bin/../lib/gcc/arm-none-eabi/10.3.1/../../../../arm-none-eabi/lib/thumb/v7e-m+fp/hard\libg.a(lib_a-stdio.o)
                0x08008af4                __sread
 .text.__seofread
                0x08008b18        0x4 c:/progra~2/gnuarm~1/102021~1.10/bin/../lib/gcc/arm-none-eabi/10.3.1/../../../../arm-none-eabi/lib/thumb/v7e-m+fp/hard\libg.a(lib_a-stdio.o)
                0x08008b18                __seofread
 .text.__swrite
                0x08008b1c       0x40 c:/progra~2/gnuarm~1/102021~1.10/bin/../lib/gcc/arm-none-eabi/10.3.1/../../../../arm-none-eabi/lib/thumb/v7e-m+fp/hard\libg.a(lib_a-stdio.o)
                0x08008b1c                __swrite
 .text.__sseek  0x08008b5c       0x20 c:/progra~2/gnuarm~1/102021~1.10/bin/../lib/gcc/arm-none-eabi/10.3.1/../../../../arm-none-eabi/lib/thumb/v7e-m+fp/hard\libg.a(lib_a-stdio.o)
                0x08008b5c                __sseek
 .text.__sclose
                0x08008b7c        0x8 c:/progra~2/gnuarm~1/102021~1.10/bin/../lib/gcc/arm-none-eabi/10.3.1/../../../../arm-none-eabi/lib/thumb/v7e-m+fp/hard\libg.a(lib_a-stdio.o)
                0x08008b7c                __sclose
 *fill*         0x08008b84        0x4 
 .text._strtod_l
                0x08008b88      0xf50 c:/progra~2/gnuarm~1/102021~1.10/bin/../lib/gcc/arm-none-eabi/10.3.1/../../../../arm-none-eabi/lib/thumb/v7e-m+fp/hard\libg.a(lib_a-strtod.o)
                0x08008b88                _strtod_l
 .text._strtod_r
                0x08009ad8        0xc c:/progra~2/gnuarm~1/102021~1.10/bin/../lib/gcc/arm-none-eabi/10.3.1/../../../../arm-none-eabi/lib/thumb/v7e-m+fp/hard\libg.a(lib_a-strtod.o)
                0x08009ad8                _strtod_r
 .text.strtof   0x08009ae4       0xb8 c:/progra~2/gnuarm~1/102021~1.10/bin/../lib/gcc/arm-none-eabi/10.3.1/../../../../arm-none-eabi/lib/thumb/v7e-m+fp/hard\libg.a(lib_a-strtod.o)
                0x08009ae4                strtof
 *fill*         0x08009b9c        0x4 
 .text._svfprintf_r
                0x08009ba0     0x1acc c:/progra~2/gnuarm~1/102021~1.10/bin/../lib/gcc/arm-none-eabi/10.3.1/../../../../arm-none-eabi/lib/thumb/v7e-m+fp/hard\libg.a(lib_a-svfprintf.o)
                0x08009ba0                _svfprintf_r
 .text.__ssvfscanf_r
                0x0800b66c     0x1754 c:/progra~2/gnuarm~1/102021~1.10/bin/../lib/gcc/arm-none-eabi/10.3.1/../../../../arm-none-eabi/lib/thumb/v7e-m+fp/hard\libg.a(lib_a-svfscanf.o)
                0x0800b66c                __ssvfscanf_r
 .text._vfprintf_r
                0x0800cdc0     0x1b90 c:/progra~2/gnuarm~1/102021~1.10/bin/../lib/gcc/arm-none-eabi/10.3.1/../../../../arm-none-eabi/lib/thumb/v7e-m+fp/hard\libg.a(lib_a-vfprintf.o)
                0x0800cdc0                _vfprintf_r
 .text.__sbprintf
                0x0800e950       0x80 c:/progra~2/gnuarm~1/102021~1.10/bin/../lib/gcc/arm-none-eabi/10.3.1/../../../../arm-none-eabi/lib/thumb/v7e-m+fp/hard\libg.a(lib_a-vfprintf.o)
 .text._write_r
                0x0800e9d0       0x2c c:/progra~2/gnuarm~1/102021~1.10/bin/../lib/gcc/arm-none-eabi/10.3.1/../../../../arm-none-eabi/lib/thumb/v7e-m+fp/hard\libg.a(lib_a-writer.o)
                0x0800e9d0                _write_r
 .text.__swsetup_r
                0x0800e9fc       0xd4 c:/progra~2/gnuarm~1/102021~1.10/bin/../lib/gcc/arm-none-eabi/10.3.1/../../../../arm-none-eabi/lib/thumb/v7e-m+fp/hard\libg.a(lib_a-wsetup.o)
                0x0800e9fc                __swsetup_r
 .text._close_r
                0x0800ead0       0x24 c:/progra~2/gnuarm~1/102021~1.10/bin/../lib/gcc/arm-none-eabi/10.3.1/../../../../arm-none-eabi/lib/thumb/v7e-m+fp/hard\libg.a(lib_a-closer.o)
                0x0800ead0                _close_r
 .text.quorem   0x0800eaf4      0x128 c:/progra~2/gnuarm~1/102021~1.10/bin/../lib/gcc/arm-none-eabi/10.3.1/../../../../arm-none-eabi/lib/thumb/v7e-m+fp/hard\libg.a(lib_a-dtoa.o)
 *fill*         0x0800ec1c        0x4 
 .text._dtoa_r  0x0800ec20      0xf3c c:/progra~2/gnuarm~1/102021~1.10/bin/../lib/gcc/arm-none-eabi/10.3.1/../../../../arm-none-eabi/lib/thumb/v7e-m+fp/hard\libg.a(lib_a-dtoa.o)
                0x0800ec20                _dtoa_r
 .text.__sflush_r
                0x0800fb5c      0x130 c:/progra~2/gnuarm~1/102021~1.10/bin/../lib/gcc/arm-none-eabi/10.3.1/../../../../arm-none-eabi/lib/thumb/v7e-m+fp/hard\libg.a(lib_a-fflush.o)
                0x0800fb5c                __sflush_r
 .text._fflush_r
                0x0800fc8c       0x5c c:/progra~2/gnuarm~1/102021~1.10/bin/../lib/gcc/arm-none-eabi/10.3.1/../../../../arm-none-eabi/lib/thumb/v7e-m+fp/hard\libg.a(lib_a-fflush.o)
                0x0800fc8c                _fflush_r
 .text._cleanup_r
                0x0800fce8        0xc c:/progra~2/gnuarm~1/102021~1.10/bin/../lib/gcc/arm-none-eabi/10.3.1/../../../../arm-none-eabi/lib/thumb/v7e-m+fp/hard\libg.a(lib_a-findfp.o)
                0x0800fce8                _cleanup_r
 .text.__sinit  0x0800fcf4      0x10c c:/progra~2/gnuarm~1/102021~1.10/bin/../lib/gcc/arm-none-eabi/10.3.1/../../../../arm-none-eabi/lib/thumb/v7e-m+fp/hard\libg.a(lib_a-findfp.o)
                0x0800fcf4                __sinit
 .text.__sfp_lock_acquire
                0x0800fe00        0xc c:/progra~2/gnuarm~1/102021~1.10/bin/../lib/gcc/arm-none-eabi/10.3.1/../../../../arm-none-eabi/lib/thumb/v7e-m+fp/hard\libg.a(lib_a-findfp.o)
                0x0800fe00                __sfp_lock_acquire
 .text.__sfp_lock_release
                0x0800fe0c        0xc c:/progra~2/gnuarm~1/102021~1.10/bin/../lib/gcc/arm-none-eabi/10.3.1/../../../../arm-none-eabi/lib/thumb/v7e-m+fp/hard\libg.a(lib_a-findfp.o)
                0x0800fe0c                __sfp_lock_release
 .text._malloc_trim_r
                0x0800fe18       0xa0 c:/progra~2/gnuarm~1/102021~1.10/bin/../lib/gcc/arm-none-eabi/10.3.1/../../../../arm-none-eabi/lib/thumb/v7e-m+fp/hard\libg.a(lib_a-freer.o)
                0x0800fe18                _malloc_trim_r
 .text._free_r  0x0800feb8      0x20c c:/progra~2/gnuarm~1/102021~1.10/bin/../lib/gcc/arm-none-eabi/10.3.1/../../../../arm-none-eabi/lib/thumb/v7e-m+fp/hard\libg.a(lib_a-freer.o)
                0x0800feb8                _free_r
 .text.__sfvwrite_r
                0x080100c4      0x2f0 c:/progra~2/gnuarm~1/102021~1.10/bin/../lib/gcc/arm-none-eabi/10.3.1/../../../../arm-none-eabi/lib/thumb/v7e-m+fp/hard\libg.a(lib_a-fvwrite.o)
                0x080100c4                __sfvwrite_r
 .text._fwalk_reent
                0x080103b4       0x48 c:/progra~2/gnuarm~1/102021~1.10/bin/../lib/gcc/arm-none-eabi/10.3.1/../../../../arm-none-eabi/lib/thumb/v7e-m+fp/hard\libg.a(lib_a-fwalk.o)
                0x080103b4                _fwalk_reent
 .text.rshift   0x080103fc       0xa4 c:/progra~2/gnuarm~1/102021~1.10/bin/../lib/gcc/arm-none-eabi/10.3.1/../../../../arm-none-eabi/lib/thumb/v7e-m+fp/hard\libg.a(lib_a-gdtoa-gethex.o)
 .text.__gethex
                0x080104a0      0x5d8 c:/progra~2/gnuarm~1/102021~1.10/bin/../lib/gcc/arm-none-eabi/10.3.1/../../../../arm-none-eabi/lib/thumb/v7e-m+fp/hard\libg.a(lib_a-gdtoa-gethex.o)
                0x080104a0                __gethex
 .text.__match  0x08010a78       0x38 c:/progra~2/gnuarm~1/102021~1.10/bin/../lib/gcc/arm-none-eabi/10.3.1/../../../../arm-none-eabi/lib/thumb/v7e-m+fp/hard\libg.a(lib_a-gdtoa-hexnan.o)
                0x08010a78                __match
 .text.__hexnan
                0x08010ab0      0x1ac c:/progra~2/gnuarm~1/102021~1.10/bin/../lib/gcc/arm-none-eabi/10.3.1/../../../../arm-none-eabi/lib/thumb/v7e-m+fp/hard\libg.a(lib_a-gdtoa-hexnan.o)
                0x08010ab0                __hexnan
 .text.iswspace
                0x08010c5c        0x8 c:/progra~2/gnuarm~1/102021~1.10/bin/../lib/gcc/arm-none-eabi/10.3.1/../../../../arm-none-eabi/lib/thumb/v7e-m+fp/hard\libg.a(lib_a-iswspace.o)
                0x08010c5c                iswspace
 .text.iswspace_l
                0x08010c64       0x14 c:/progra~2/gnuarm~1/102021~1.10/bin/../lib/gcc/arm-none-eabi/10.3.1/../../../../arm-none-eabi/lib/thumb/v7e-m+fp/hard\libg.a(lib_a-iswspace_l.o)
                0x08010c64                iswspace_l
 .text.__locale_mb_cur_max
                0x08010c78        0xc c:/progra~2/gnuarm~1/102021~1.10/bin/../lib/gcc/arm-none-eabi/10.3.1/../../../../arm-none-eabi/lib/thumb/v7e-m+fp/hard\libg.a(lib_a-locale.o)
                0x08010c78                __locale_mb_cur_max
 .text._localeconv_r
                0x08010c84        0x8 c:/progra~2/gnuarm~1/102021~1.10/bin/../lib/gcc/arm-none-eabi/10.3.1/../../../../arm-none-eabi/lib/thumb/v7e-m+fp/hard\libg.a(lib_a-localeconv.o)
                0x08010c84                _localeconv_r
 .text.__retarget_lock_init_recursive
                0x08010c8c        0x4 c:/progra~2/gnuarm~1/102021~1.10/bin/../lib/gcc/arm-none-eabi/10.3.1/../../../../arm-none-eabi/lib/thumb/v7e-m+fp/hard\libg.a(lib_a-lock.o)
                0x08010c8c                __retarget_lock_init_recursive
 .text.__retarget_lock_close_recursive
                0x08010c90        0x4 c:/progra~2/gnuarm~1/102021~1.10/bin/../lib/gcc/arm-none-eabi/10.3.1/../../../../arm-none-eabi/lib/thumb/v7e-m+fp/hard\libg.a(lib_a-lock.o)
                0x08010c90                __retarget_lock_close_recursive
 .text.__retarget_lock_acquire_recursive
                0x08010c94        0x4 c:/progra~2/gnuarm~1/102021~1.10/bin/../lib/gcc/arm-none-eabi/10.3.1/../../../../arm-none-eabi/lib/thumb/v7e-m+fp/hard\libg.a(lib_a-lock.o)
                0x08010c94                __retarget_lock_acquire_recursive
 .text.__retarget_lock_release_recursive
                0x08010c98        0x4 c:/progra~2/gnuarm~1/102021~1.10/bin/../lib/gcc/arm-none-eabi/10.3.1/../../../../arm-none-eabi/lib/thumb/v7e-m+fp/hard\libg.a(lib_a-lock.o)
                0x08010c98                __retarget_lock_release_recursive
 .text._lseek_r
                0x08010c9c       0x2c c:/progra~2/gnuarm~1/102021~1.10/bin/../lib/gcc/arm-none-eabi/10.3.1/../../../../arm-none-eabi/lib/thumb/v7e-m+fp/hard\libg.a(lib_a-lseekr.o)
                0x08010c9c                _lseek_r
 .text.__smakebuf_r
                0x08010cc8       0xe0 c:/progra~2/gnuarm~1/102021~1.10/bin/../lib/gcc/arm-none-eabi/10.3.1/../../../../arm-none-eabi/lib/thumb/v7e-m+fp/hard\libg.a(lib_a-makebuf.o)
                0x08010cc8                __smakebuf_r
 .text.__swhatbuf_r
                0x08010da8       0x60 c:/progra~2/gnuarm~1/102021~1.10/bin/../lib/gcc/arm-none-eabi/10.3.1/../../../../arm-none-eabi/lib/thumb/v7e-m+fp/hard\libg.a(lib_a-makebuf.o)
                0x08010da8                __swhatbuf_r
 .text.malloc   0x08010e08       0x10 c:/progra~2/gnuarm~1/102021~1.10/bin/../lib/gcc/arm-none-eabi/10.3.1/../../../../arm-none-eabi/lib/thumb/v7e-m+fp/hard\libg.a(lib_a-malloc.o)
                0x08010e08                malloc
 .text.free     0x08010e18       0x10 c:/progra~2/gnuarm~1/102021~1.10/bin/../lib/gcc/arm-none-eabi/10.3.1/../../../../arm-none-eabi/lib/thumb/v7e-m+fp/hard\libg.a(lib_a-malloc.o)
                0x08010e18                free
 .text._malloc_r
                0x08010e28      0x560 c:/progra~2/gnuarm~1/102021~1.10/bin/../lib/gcc/arm-none-eabi/10.3.1/../../../../arm-none-eabi/lib/thumb/v7e-m+fp/hard\libg.a(lib_a-mallocr.o)
                0x08010e28                _malloc_r
 .text._mbrtowc_r
                0x08011388       0x44 c:/progra~2/gnuarm~1/102021~1.10/bin/../lib/gcc/arm-none-eabi/10.3.1/../../../../arm-none-eabi/lib/thumb/v7e-m+fp/hard\libg.a(lib_a-mbrtowc.o)
                0x08011388                _mbrtowc_r
 .text.__ascii_mbtowc
                0x080113cc       0x2c c:/progra~2/gnuarm~1/102021~1.10/bin/../lib/gcc/arm-none-eabi/10.3.1/../../../../arm-none-eabi/lib/thumb/v7e-m+fp/hard\libg.a(lib_a-mbtowc_r.o)
                0x080113cc                __ascii_mbtowc
 .text.memmove  0x080113f8       0xf8 c:/progra~2/gnuarm~1/102021~1.10/bin/../lib/gcc/arm-none-eabi/10.3.1/../../../../arm-none-eabi/lib/thumb/v7e-m+fp/hard\libg.a(lib_a-memmove.o)
                0x080113f8                memmove
 .text.__malloc_lock
                0x080114f0        0xc c:/progra~2/gnuarm~1/102021~1.10/bin/../lib/gcc/arm-none-eabi/10.3.1/../../../../arm-none-eabi/lib/thumb/v7e-m+fp/hard\libg.a(lib_a-mlock.o)
                0x080114f0                __malloc_lock
 .text.__malloc_unlock
                0x080114fc        0xc c:/progra~2/gnuarm~1/102021~1.10/bin/../lib/gcc/arm-none-eabi/10.3.1/../../../../arm-none-eabi/lib/thumb/v7e-m+fp/hard\libg.a(lib_a-mlock.o)
                0x080114fc                __malloc_unlock
 .text._Balloc  0x08011508       0x4c c:/progra~2/gnuarm~1/102021~1.10/bin/../lib/gcc/arm-none-eabi/10.3.1/../../../../arm-none-eabi/lib/thumb/v7e-m+fp/hard\libg.a(lib_a-mprec.o)
                0x08011508                _Balloc
 .text._Bfree   0x08011554       0x14 c:/progra~2/gnuarm~1/102021~1.10/bin/../lib/gcc/arm-none-eabi/10.3.1/../../../../arm-none-eabi/lib/thumb/v7e-m+fp/hard\libg.a(lib_a-mprec.o)
                0x08011554                _Bfree
 .text.__multadd
                0x08011568       0xa8 c:/progra~2/gnuarm~1/102021~1.10/bin/../lib/gcc/arm-none-eabi/10.3.1/../../../../arm-none-eabi/lib/thumb/v7e-m+fp/hard\libg.a(lib_a-mprec.o)
                0x08011568                __multadd
 .text.__s2b    0x08011610       0xb4 c:/progra~2/gnuarm~1/102021~1.10/bin/../lib/gcc/arm-none-eabi/10.3.1/../../../../arm-none-eabi/lib/thumb/v7e-m+fp/hard\libg.a(lib_a-mprec.o)
                0x08011610                __s2b
 .text.__hi0bits
                0x080116c4       0x40 c:/progra~2/gnuarm~1/102021~1.10/bin/../lib/gcc/arm-none-eabi/10.3.1/../../../../arm-none-eabi/lib/thumb/v7e-m+fp/hard\libg.a(lib_a-mprec.o)
                0x080116c4                __hi0bits
 .text.__lo0bits
                0x08011704       0x60 c:/progra~2/gnuarm~1/102021~1.10/bin/../lib/gcc/arm-none-eabi/10.3.1/../../../../arm-none-eabi/lib/thumb/v7e-m+fp/hard\libg.a(lib_a-mprec.o)
                0x08011704                __lo0bits
 .text.__i2b    0x08011764       0x5c c:/progra~2/gnuarm~1/102021~1.10/bin/../lib/gcc/arm-none-eabi/10.3.1/../../../../arm-none-eabi/lib/thumb/v7e-m+fp/hard\libg.a(lib_a-mprec.o)
                0x08011764                __i2b
 .text.__multiply
                0x080117c0      0x15c c:/progra~2/gnuarm~1/102021~1.10/bin/../lib/gcc/arm-none-eabi/10.3.1/../../../../arm-none-eabi/lib/thumb/v7e-m+fp/hard\libg.a(lib_a-mprec.o)
                0x080117c0                __multiply
 .text.__pow5mult
                0x0801191c       0xc0 c:/progra~2/gnuarm~1/102021~1.10/bin/../lib/gcc/arm-none-eabi/10.3.1/../../../../arm-none-eabi/lib/thumb/v7e-m+fp/hard\libg.a(lib_a-mprec.o)
                0x0801191c                __pow5mult
 .text.__lshift
                0x080119dc       0xf0 c:/progra~2/gnuarm~1/102021~1.10/bin/../lib/gcc/arm-none-eabi/10.3.1/../../../../arm-none-eabi/lib/thumb/v7e-m+fp/hard\libg.a(lib_a-mprec.o)
                0x080119dc                __lshift
 .text.__mcmp   0x08011acc       0x44 c:/progra~2/gnuarm~1/102021~1.10/bin/../lib/gcc/arm-none-eabi/10.3.1/../../../../arm-none-eabi/lib/thumb/v7e-m+fp/hard\libg.a(lib_a-mprec.o)
                0x08011acc                __mcmp
 .text.__mdiff  0x08011b10      0x14c c:/progra~2/gnuarm~1/102021~1.10/bin/../lib/gcc/arm-none-eabi/10.3.1/../../../../arm-none-eabi/lib/thumb/v7e-m+fp/hard\libg.a(lib_a-mprec.o)
                0x08011b10                __mdiff
 .text.__ulp    0x08011c5c       0x60 c:/progra~2/gnuarm~1/102021~1.10/bin/../lib/gcc/arm-none-eabi/10.3.1/../../../../arm-none-eabi/lib/thumb/v7e-m+fp/hard\libg.a(lib_a-mprec.o)
                0x08011c5c                __ulp
 .text.__b2d    0x08011cbc       0xc0 c:/progra~2/gnuarm~1/102021~1.10/bin/../lib/gcc/arm-none-eabi/10.3.1/../../../../arm-none-eabi/lib/thumb/v7e-m+fp/hard\libg.a(lib_a-mprec.o)
                0x08011cbc                __b2d
 .text.__d2b    0x08011d7c       0xd0 c:/progra~2/gnuarm~1/102021~1.10/bin/../lib/gcc/arm-none-eabi/10.3.1/../../../../arm-none-eabi/lib/thumb/v7e-m+fp/hard\libg.a(lib_a-mprec.o)
                0x08011d7c                __d2b
 .text.__ratio  0x08011e4c       0x5c c:/progra~2/gnuarm~1/102021~1.10/bin/../lib/gcc/arm-none-eabi/10.3.1/../../../../arm-none-eabi/lib/thumb/v7e-m+fp/hard\libg.a(lib_a-mprec.o)
                0x08011e4c                __ratio
 .text.__copybits
                0x08011ea8       0x5c c:/progra~2/gnuarm~1/102021~1.10/bin/../lib/gcc/arm-none-eabi/10.3.1/../../../../arm-none-eabi/lib/thumb/v7e-m+fp/hard\libg.a(lib_a-mprec.o)
                0x08011ea8                __copybits
 .text.__any_on
                0x08011f04       0x64 c:/progra~2/gnuarm~1/102021~1.10/bin/../lib/gcc/arm-none-eabi/10.3.1/../../../../arm-none-eabi/lib/thumb/v7e-m+fp/hard\libg.a(lib_a-mprec.o)
                0x08011f04                __any_on
 .text._read_r  0x08011f68       0x2c c:/progra~2/gnuarm~1/102021~1.10/bin/../lib/gcc/arm-none-eabi/10.3.1/../../../../arm-none-eabi/lib/thumb/v7e-m+fp/hard\libg.a(lib_a-readr.o)
                0x08011f68                _read_r
 .text.realloc  0x08011f94       0x18 c:/progra~2/gnuarm~1/102021~1.10/bin/../lib/gcc/arm-none-eabi/10.3.1/../../../../arm-none-eabi/lib/thumb/v7e-m+fp/hard\libg.a(lib_a-realloc.o)
                0x08011f94                realloc
 .text._realloc_r
                0x08011fac      0x3d8 c:/progra~2/gnuarm~1/102021~1.10/bin/../lib/gcc/arm-none-eabi/10.3.1/../../../../arm-none-eabi/lib/thumb/v7e-m+fp/hard\libg.a(lib_a-reallocr.o)
                0x08011fac                _realloc_r
 .text.frexp    0x08012384       0x6c c:/progra~2/gnuarm~1/102021~1.10/bin/../lib/gcc/arm-none-eabi/10.3.1/../../../../arm-none-eabi/lib/thumb/v7e-m+fp/hard\libg.a(lib_a-s_frexp.o)
                0x08012384                frexp
 .text.nan      0x080123f0       0x10 c:/progra~2/gnuarm~1/102021~1.10/bin/../lib/gcc/arm-none-eabi/10.3.1/../../../../arm-none-eabi/lib/thumb/v7e-m+fp/hard\libg.a(lib_a-s_nan.o)
                0x080123f0                nan
 .text._sbrk_r  0x08012400       0x24 c:/progra~2/gnuarm~1/102021~1.10/bin/../lib/gcc/arm-none-eabi/10.3.1/../../../../arm-none-eabi/lib/thumb/v7e-m+fp/hard\libg.a(lib_a-sbrkr.o)
                0x08012400                _sbrk_r
 .text.__sccl   0x08012424       0x8c c:/progra~2/gnuarm~1/102021~1.10/bin/../lib/gcc/arm-none-eabi/10.3.1/../../../../arm-none-eabi/lib/thumb/v7e-m+fp/hard\libg.a(lib_a-sccl.o)
                0x08012424                __sccl
 .text.nanf     0x080124b0        0xc c:/progra~2/gnuarm~1/102021~1.10/bin/../lib/gcc/arm-none-eabi/10.3.1/../../../../arm-none-eabi/lib/thumb/v7e-m+fp/hard\libg.a(lib_a-sf_nan.o)
                0x080124b0                nanf
 .text.strncmp  0x080124bc       0x80 c:/progra~2/gnuarm~1/102021~1.10/bin/../lib/gcc/arm-none-eabi/10.3.1/../../../../arm-none-eabi/lib/thumb/v7e-m+fp/hard\libg.a(lib_a-strncmp.o)
                0x080124bc                strncmp
 .text.strncpy  0x0801253c       0x64 c:/progra~2/gnuarm~1/102021~1.10/bin/../lib/gcc/arm-none-eabi/10.3.1/../../../../arm-none-eabi/lib/thumb/v7e-m+fp/hard\libg.a(lib_a-strncpy.o)
                0x0801253c                strncpy
 .text._strtol_l.part.0
                0x080125a0      0x120 c:/progra~2/gnuarm~1/102021~1.10/bin/../lib/gcc/arm-none-eabi/10.3.1/../../../../arm-none-eabi/lib/thumb/v7e-m+fp/hard\libg.a(lib_a-strtol.o)
 .text._strtol_r
                0x080126c0       0x1c c:/progra~2/gnuarm~1/102021~1.10/bin/../lib/gcc/arm-none-eabi/10.3.1/../../../../arm-none-eabi/lib/thumb/v7e-m+fp/hard\libg.a(lib_a-strtol.o)
                0x080126c0                _strtol_r
 .text._strtoll_l.constprop.0
                0x080126dc      0x170 c:/progra~2/gnuarm~1/102021~1.10/bin/../lib/gcc/arm-none-eabi/10.3.1/../../../../arm-none-eabi/lib/thumb/v7e-m+fp/hard\libg.a(lib_a-strtoll.o)
 .text._strtoll_r
                0x0801284c        0x4 c:/progra~2/gnuarm~1/102021~1.10/bin/../lib/gcc/arm-none-eabi/10.3.1/../../../../arm-none-eabi/lib/thumb/v7e-m+fp/hard\libg.a(lib_a-strtoll.o)
                0x0801284c                _strtoll_r
 .text._strtoul_l.constprop.0
                0x08012850      0x13c c:/progra~2/gnuarm~1/102021~1.10/bin/../lib/gcc/arm-none-eabi/10.3.1/../../../../arm-none-eabi/lib/thumb/v7e-m+fp/hard\libg.a(lib_a-strtoul.o)
 .text._strtoul_r
                0x0801298c        0x4 c:/progra~2/gnuarm~1/102021~1.10/bin/../lib/gcc/arm-none-eabi/10.3.1/../../../../arm-none-eabi/lib/thumb/v7e-m+fp/hard\libg.a(lib_a-strtoul.o)
                0x0801298c                _strtoul_r
 .text._strtoull_l.constprop.0
                0x08012990      0x19c c:/progra~2/gnuarm~1/102021~1.10/bin/../lib/gcc/arm-none-eabi/10.3.1/../../../../arm-none-eabi/lib/thumb/v7e-m+fp/hard\libg.a(lib_a-strtoull.o)
 .text._strtoull_r
                0x08012b2c        0x4 c:/progra~2/gnuarm~1/102021~1.10/bin/../lib/gcc/arm-none-eabi/10.3.1/../../../../arm-none-eabi/lib/thumb/v7e-m+fp/hard\libg.a(lib_a-strtoull.o)
                0x08012b2c                _strtoull_r
 .text.__ssprint_r
                0x08012b30       0xf8 c:/progra~2/gnuarm~1/102021~1.10/bin/../lib/gcc/arm-none-eabi/10.3.1/../../../../arm-none-eabi/lib/thumb/v7e-m+fp/hard\libg.a(lib_a-svfiprintf.o)
                0x08012b30                __ssprint_r
 .text._sungetc_r
                0x08012c28       0x80 c:/progra~2/gnuarm~1/102021~1.10/bin/../lib/gcc/arm-none-eabi/10.3.1/../../../../arm-none-eabi/lib/thumb/v7e-m+fp/hard\libg.a(lib_a-svfiscanf.o)
                0x08012c28                _sungetc_r
 .text.__ssrefill_r
                0x08012ca8       0x3c c:/progra~2/gnuarm~1/102021~1.10/bin/../lib/gcc/arm-none-eabi/10.3.1/../../../../arm-none-eabi/lib/thumb/v7e-m+fp/hard\libg.a(lib_a-svfiscanf.o)
                0x08012ca8                __ssrefill_r
 .text._sfread_r
                0x08012ce4       0xb4 c:/progra~2/gnuarm~1/102021~1.10/bin/../lib/gcc/arm-none-eabi/10.3.1/../../../../arm-none-eabi/lib/thumb/v7e-m+fp/hard\libg.a(lib_a-svfiscanf.o)
                0x08012ce4                _sfread_r
 .text.__submore
                0x08012d98       0x78 c:/progra~2/gnuarm~1/102021~1.10/bin/../lib/gcc/arm-none-eabi/10.3.1/../../../../arm-none-eabi/lib/thumb/v7e-m+fp/hard\libg.a(lib_a-ungetc.o)
                0x08012d98                __submore
 .text.__sprint_r.part.0
                0x08012e10       0x78 c:/progra~2/gnuarm~1/102021~1.10/bin/../lib/gcc/arm-none-eabi/10.3.1/../../../../arm-none-eabi/lib/thumb/v7e-m+fp/hard\libg.a(lib_a-vfiprintf.o)
 .text.__sprint_r
                0x08012e88       0x18 c:/progra~2/gnuarm~1/102021~1.10/bin/../lib/gcc/arm-none-eabi/10.3.1/../../../../arm-none-eabi/lib/thumb/v7e-m+fp/hard\libg.a(lib_a-vfiprintf.o)
                0x08012e88                __sprint_r
 .text._vfiprintf_r
                0x08012ea0      0xdfc c:/progra~2/gnuarm~1/102021~1.10/bin/../lib/gcc/arm-none-eabi/10.3.1/../../../../arm-none-eabi/lib/thumb/v7e-m+fp/hard\libg.a(lib_a-vfiprintf.o)
                0x08012ea0                _vfiprintf_r
 .text.__sbprintf
                0x08013c9c       0x80 c:/progra~2/gnuarm~1/102021~1.10/bin/../lib/gcc/arm-none-eabi/10.3.1/../../../../arm-none-eabi/lib/thumb/v7e-m+fp/hard\libg.a(lib_a-vfiprintf.o)
 .text.__ascii_wctomb
                0x08013d1c       0x1c c:/progra~2/gnuarm~1/102021~1.10/bin/../lib/gcc/arm-none-eabi/10.3.1/../../../../arm-none-eabi/lib/thumb/v7e-m+fp/hard\libg.a(lib_a-wctomb_r.o)
                0x08013d1c                __ascii_wctomb
 .text.__assert_func
                0x08013d38       0x40 c:/progra~2/gnuarm~1/102021~1.10/bin/../lib/gcc/arm-none-eabi/10.3.1/../../../../arm-none-eabi/lib/thumb/v7e-m+fp/hard\libg.a(lib_a-assert.o)
                0x08013d38                __assert_func
 .text._calloc_r
                0x08013d78       0x78 c:/progra~2/gnuarm~1/102021~1.10/bin/../lib/gcc/arm-none-eabi/10.3.1/../../../../arm-none-eabi/lib/thumb/v7e-m+fp/hard\libg.a(lib_a-callocr.o)
                0x08013d78                _calloc_r
 .text._fclose_r
                0x08013df0       0xcc c:/progra~2/gnuarm~1/102021~1.10/bin/../lib/gcc/arm-none-eabi/10.3.1/../../../../arm-none-eabi/lib/thumb/v7e-m+fp/hard\libg.a(lib_a-fclose.o)
                0x08013df0                _fclose_r
 .text.fiprintf
                0x08013ebc       0x28 c:/progra~2/gnuarm~1/102021~1.10/bin/../lib/gcc/arm-none-eabi/10.3.1/../../../../arm-none-eabi/lib/thumb/v7e-m+fp/hard\libg.a(lib_a-fiprintf.o)
                0x08013ebc                fiprintf
 .text.__fputwc
                0x08013ee4       0xa8 c:/progra~2/gnuarm~1/102021~1.10/bin/../lib/gcc/arm-none-eabi/10.3.1/../../../../arm-none-eabi/lib/thumb/v7e-m+fp/hard\libg.a(lib_a-fputwc.o)
                0x08013ee4                __fputwc
 .text._fputwc_r
                0x08013f8c       0x68 c:/progra~2/gnuarm~1/102021~1.10/bin/../lib/gcc/arm-none-eabi/10.3.1/../../../../arm-none-eabi/lib/thumb/v7e-m+fp/hard\libg.a(lib_a-fputwc.o)
                0x08013f8c                _fputwc_r
 .text._fstat_r
                0x08013ff4       0x2c c:/progra~2/gnuarm~1/102021~1.10/bin/../lib/gcc/arm-none-eabi/10.3.1/../../../../arm-none-eabi/lib/thumb/v7e-m+fp/hard\libg.a(lib_a-fstatr.o)
                0x08013ff4                _fstat_r
 .text._isatty_r
                0x08014020       0x24 c:/progra~2/gnuarm~1/102021~1.10/bin/../lib/gcc/arm-none-eabi/10.3.1/../../../../arm-none-eabi/lib/thumb/v7e-m+fp/hard\libg.a(lib_a-isattyr.o)
                0x08014020                _isatty_r
 .text.__swbuf_r
                0x08014044       0xb0 c:/progra~2/gnuarm~1/102021~1.10/bin/../lib/gcc/arm-none-eabi/10.3.1/../../../../arm-none-eabi/lib/thumb/v7e-m+fp/hard\libg.a(lib_a-wbuf.o)
                0x08014044                __swbuf_r
 .text._wcrtomb_r
                0x080140f4       0x3c c:/progra~2/gnuarm~1/102021~1.10/bin/../lib/gcc/arm-none-eabi/10.3.1/../../../../arm-none-eabi/lib/thumb/v7e-m+fp/hard\libg.a(lib_a-wcrtomb.o)
                0x080140f4                _wcrtomb_r
 .text.abort    0x08014130       0x10 c:/progra~2/gnuarm~1/102021~1.10/bin/../lib/gcc/arm-none-eabi/10.3.1/../../../../arm-none-eabi/lib/thumb/v7e-m+fp/hard\libg.a(lib_a-abort.o)
                0x08014130                abort
 .text.raise    0x08014140       0x5c c:/progra~2/gnuarm~1/102021~1.10/bin/../lib/gcc/arm-none-eabi/10.3.1/../../../../arm-none-eabi/lib/thumb/v7e-m+fp/hard\libg.a(lib_a-signal.o)
                0x08014140                raise
 .text._kill_r  0x0801419c       0x2c c:/progra~2/gnuarm~1/102021~1.10/bin/../lib/gcc/arm-none-eabi/10.3.1/../../../../arm-none-eabi/lib/thumb/v7e-m+fp/hard\libg.a(lib_a-signalr.o)
                0x0801419c                _kill_r
 .text._getpid_r
                0x080141c8        0x4 c:/progra~2/gnuarm~1/102021~1.10/bin/../lib/gcc/arm-none-eabi/10.3.1/../../../../arm-none-eabi/lib/thumb/v7e-m+fp/hard\libg.a(lib_a-signalr.o)
                0x080141c8                _getpid_r
 *(.glue_7)
 .glue_7        0x080141cc        0x0 linker stubs
 *(.glue_7t)
 .glue_7t       0x080141cc        0x0 linker stubs
 *(.eh_frame)
 *(.init)
 .init          0x080141cc        0x4 c:/progra~2/gnuarm~1/102021~1.10/bin/../lib/gcc/arm-none-eabi/10.3.1/thumb/v7e-m+fp/hard/crti.o
                0x080141cc                _init
 .init          0x080141d0        0x8 c:/progra~2/gnuarm~1/102021~1.10/bin/../lib/gcc/arm-none-eabi/10.3.1/thumb/v7e-m+fp/hard/crtn.o
 *(.fini)
 .fini          0x080141d8        0x4 c:/progra~2/gnuarm~1/102021~1.10/bin/../lib/gcc/arm-none-eabi/10.3.1/thumb/v7e-m+fp/hard/crti.o
                0x080141d8                _fini
 .fini          0x080141dc        0x8 c:/progra~2/gnuarm~1/102021~1.10/bin/../lib/gcc/arm-none-eabi/10.3.1/thumb/v7e-m+fp/hard/crtn.o
                0x080141e4                . = ALIGN (0x4)